Archive member included to satisfy reference by file (symbol)

C:/Program Files/SEGGER/SEGGER Embedded Studio for ARM 5.68/lib/libc_v7em_fpv4_sp_d16_hard_t_le_eabi.a(libc_asm.o)
                              Output/Debug/Obj/spi_pca10056/bsp.o (__aeabi_uldivmod)
C:/Program Files/SEGGER/SEGGER Embedded Studio for ARM 5.68/lib/libc_v7em_fpv4_sp_d16_hard_t_le_eabi.a(libc2.o)
                              Output/Debug/Obj/spi_pca10056/nrf_log_str_formatter.o (isprint)
C:/Program Files/SEGGER/SEGGER Embedded Studio for ARM 5.68/lib/libc_v7em_fpv4_sp_d16_hard_t_le_eabi.a(libc2_asm.o)
                              Output/Debug/Obj/spi_pca10056/nrf_log_frontend.o (memcpy)
C:/Program Files/SEGGER/SEGGER Embedded Studio for ARM 5.68/lib/libc_v7em_fpv4_sp_d16_hard_t_le_eabi.a(libvfprintf.o)
                              (__vfprintf_long)
C:/Program Files/SEGGER/SEGGER Embedded Studio for ARM 5.68/lib/libc_v7em_fpv4_sp_d16_hard_t_le_eabi.a(libvfscanf.o)
                              (__vfscanf_long)
C:/Program Files/SEGGER/SEGGER Embedded Studio for ARM 5.68/lib/libc_v7em_fpv4_sp_d16_hard_t_le_eabi.a(libc.o)
                              C:/Program Files/SEGGER/SEGGER Embedded Studio for ARM 5.68/lib/libc_v7em_fpv4_sp_d16_hard_t_le_eabi.a(libc2.o) (__heap_lock)
C:/Program Files/SEGGER/SEGGER Embedded Studio for ARM 5.68/lib/libdebugio_v7em_fpv4_sp_d16_hard_t_le_eabi.a(libdebugio.o)
                              Output/Debug/Obj/spi_pca10056/thumb_crt0.o (debug_fopen)
C:/Program Files/SEGGER/SEGGER Embedded Studio for ARM 5.68/lib/libdebugio_v7em_fpv4_sp_d16_hard_t_le_eabi.a(do_nv_debug_operation.o)
                              C:/Program Files/SEGGER/SEGGER Embedded Studio for ARM 5.68/lib/libdebugio_v7em_fpv4_sp_d16_hard_t_le_eabi.a(libdebugio.o) (__do_nvdebug_operation)
C:/Program Files/SEGGER/SEGGER Embedded Studio for ARM 5.68/lib/libdebugio_v7em_fpv4_sp_d16_hard_t_le_eabi.a(mempoll_debug_operations.o)
                              (__do_debug_operation_mempoll)
C:/Program Files/SEGGER/SEGGER Embedded Studio for ARM 5.68/lib/libm_v7em_fpv4_sp_d16_hard_t_le_eabi.a(libm_asm.o)
                              C:/Program Files/SEGGER/SEGGER Embedded Studio for ARM 5.68/lib/libc_v7em_fpv4_sp_d16_hard_t_le_eabi.a(libc2.o) (__aeabi_dadd)
C:/Program Files/SEGGER/SEGGER Embedded Studio for ARM 5.68/lib/libm_v7em_fpv4_sp_d16_hard_t_le_eabi.a(libm2.o)
                              C:/Program Files/SEGGER/SEGGER Embedded Studio for ARM 5.68/lib/libc_v7em_fpv4_sp_d16_hard_t_le_eabi.a(libvfprintf.o) (frexp)

Discarded input sections

 .text          0x0000000000000000        0x0 Output/Debug/Obj/spi_pca10056/thumb_crt0.o
 .data          0x0000000000000000        0x0 Output/Debug/Obj/spi_pca10056/thumb_crt0.o
 .bss           0x0000000000000000        0x0 Output/Debug/Obj/spi_pca10056/thumb_crt0.o
 .text.__aeabi_read_tp
                0x0000000000000000        0x8 Output/Debug/Obj/spi_pca10056/thumb_crt0.o
 .text.abort    0x0000000000000000        0x2 Output/Debug/Obj/spi_pca10056/thumb_crt0.o
 .text.__assert
                0x0000000000000000        0x2 Output/Debug/Obj/spi_pca10056/thumb_crt0.o
 .text.__assert_func
                0x0000000000000000        0x2 Output/Debug/Obj/spi_pca10056/thumb_crt0.o
 .text.__aeabi_assert
                0x0000000000000000        0x2 Output/Debug/Obj/spi_pca10056/thumb_crt0.o
 .text.__sync_synchronize
                0x0000000000000000        0x2 Output/Debug/Obj/spi_pca10056/thumb_crt0.o
 .text.__getchar
                0x0000000000000000        0x4 Output/Debug/Obj/spi_pca10056/thumb_crt0.o
 .text.__putchar
                0x0000000000000000        0x4 Output/Debug/Obj/spi_pca10056/thumb_crt0.o
 .text.__open   0x0000000000000000        0x4 Output/Debug/Obj/spi_pca10056/thumb_crt0.o
 .text.__close  0x0000000000000000        0x4 Output/Debug/Obj/spi_pca10056/thumb_crt0.o
 .text.__write  0x0000000000000000        0xa Output/Debug/Obj/spi_pca10056/thumb_crt0.o
 .text.__read   0x0000000000000000        0xa Output/Debug/Obj/spi_pca10056/thumb_crt0.o
 .text.__seek   0x0000000000000000       0x1a Output/Debug/Obj/spi_pca10056/thumb_crt0.o
 .text.remove   0x0000000000000000        0x4 Output/Debug/Obj/spi_pca10056/thumb_crt0.o
 .text.rename   0x0000000000000000        0x4 Output/Debug/Obj/spi_pca10056/thumb_crt0.o
 .bss.__user_locale_name_buffer
                0x0000000000000000        0x4 Output/Debug/Obj/spi_pca10056/thumb_crt0.o
 .stack         0x0000000000000000        0x0 Output/Debug/Obj/spi_pca10056/thumb_crt0.o
 .stack_process
                0x0000000000000000        0x0 Output/Debug/Obj/spi_pca10056/thumb_crt0.o
 .heap          0x0000000000000000        0x0 Output/Debug/Obj/spi_pca10056/thumb_crt0.o
 .group         0x0000000000000000        0xc Output/Debug/Obj/spi_pca10056/nrf_log_backend_rtt.o
 .group         0x0000000000000000        0xc Output/Debug/Obj/spi_pca10056/nrf_log_backend_rtt.o
[...]
Memory Configuration

Name             Origin             Length             Attributes
UNPLACED_SECTIONS 0x0000000100000000 0x0000000000000000 xw
RAM1             0x0000000020000000 0x0000000000040000 xw
FLASH1           0x0000000000000000 0x0000000000100000 xw
*default*        0x0000000000000000 0xffffffffffffffff

Linker script and memory map

                0x0000000000000000                __do_debug_operation = __do_debug_operation_mempoll
                0x0000000000000000                __vfprintf = __vfprintf_long
                0x0000000000000000                __vfscanf = __vfscanf_long
                0x0000000020000000                __RAM1_segment_start__ = 0x20000000
                0x0000000020040000                __RAM1_segment_end__ = 0x20040000
                0x0000000000040000                __RAM1_segment_size__ = 0x40000
                0x0000000000000000                __FLASH1_segment_start__ = 0x0
                0x0000000000100000                __FLASH1_segment_end__ = 0x100000
                0x0000000000100000                __FLASH1_segment_size__ = 0x100000
                0x0000000000002000                __HEAPSIZE__ = 0x2000
                0x0000000000000000                __STACKSIZE_PROCESS__ = 0x0
                0x0000000000002000                __STACKSIZE__ = 0x2000
                0x0000000020000000                __vectors_ram_load_start__ = 0x20000000

.vectors_ram    0x0000000020000000        0x0
                0x0000000020000000                __vectors_ram_start__ = .
                0x0000000020000000                __app_ram_start__ = __vectors_ram_start__
 *(.vectors_ram .vectors_ram.*)
                0x0000000020000000                __vectors_ram_end__ = (__vectors_ram_start__ + SIZEOF (.vectors_ram))
                0x0000000000000000                __vectors_ram_size__ = SIZEOF (.vectors_ram)
                0x0000000020000000                __vectors_ram_load_end__ = __vectors_ram_end__
                0x0000000000000001                . = ASSERT (((__vectors_ram_start__ == __vectors_ram_end__) || ((__vectors_ram_end__ - __RAM1_segment_start__) <= __RAM1_segment_size__)), error: .vectors_ram is too large to fit in RAM1 memory segment)
                0x0000000020000000                __nrf_sections_run_load_start__ = ALIGN (__vectors_ram_end__, 0x4)

.nrf_sections_run
                0x0000000020000000        0x0
                0x0000000020000000                __nrf_sections_run_start__ = .
                0x0000000020000000                __start_nrf_sections_run = __nrf_sections_run_start__
 *(.nrf_sections_run .nrf_sections_run.*)
                0x0000000020000000                __nrf_sections_run_end__ = (__nrf_sections_run_start__ + SIZEOF (.nrf_sections_run))
                0x0000000000000000                __nrf_sections_run_size__ = SIZEOF (.nrf_sections_run)
                0x0000000020000000                __nrf_sections_run_load_end__ = __nrf_sections_run_end__
                0x0000000000000001                . = ASSERT (((__nrf_sections_run_start__ == __nrf_sections_run_end__) || ((__nrf_sections_run_end__ - __RAM1_segment_start__) <= __RAM1_segment_size__)), error: .nrf_sections_run is too large to fit in RAM1 memory segment)
                0x0000000000000000                __vectors_load_start__ = 0x0

.vectors        0x0000000000000000      0x200
                0x0000000000000000                __vectors_start__ = .
 *(.vectors .vectors.*)
 .vectors       0x0000000000000000      0x200 Output/Debug/Obj/spi_pca10056/ses_startup_nrf52840.o
                0x0000000000000000                _vectors
                0x0000000000000200                __vectors_end__ = (__vectors_start__ + SIZEOF (.vectors))
                0x0000000000000200                __vectors_size__ = SIZEOF (.vectors)
                0x0000000000000200                __vectors_load_end__ = __vectors_end__
                0x0000000000000001                . = ASSERT (((__vectors_start__ == __vectors_end__) || ((__vectors_end__ - __FLASH1_segment_start__) <= __FLASH1_segment_size__)), error: .vectors is too large to fit in FLASH1 memory segment)
                0x0000000000000200                __init_load_start__ = ALIGN (__vectors_end__, 0x4)

.init           0x0000000000000200      0x1d0
                0x0000000000000200                __init_start__ = .
 *(.init .init.*)
 .init          0x0000000000000200      0x15c Output/Debug/Obj/spi_pca10056/thumb_crt0.o
                0x0000000000000200                _start
                0x00000000000002b4                exit
 .init          0x000000000000035c       0x18 Output/Debug/Obj/spi_pca10056/ses_startup_nrf52840.o
                0x000000000000035c                NMI_Handler
                0x000000000000035e                HardFault_Handler
                0x0000000000000360                MemoryManagement_Handler
                0x0000000000000362                BusFault_Handler
                0x0000000000000364                UsageFault_Handler
                0x0000000000000366                SVC_Handler
                0x0000000000000368                DebugMon_Handler
                0x000000000000036a                PendSV_Handler
                0x000000000000036c                SysTick_Handler
                0x000000000000036e                PWM1_IRQHandler
                0x000000000000036e                RTC0_IRQHandler
                0x000000000000036e                POWER_CLOCK_IRQHandler
                0x000000000000036e                RADIO_IRQHandler
                0x000000000000036e                PDM_IRQHandler
                0x000000000000036e                TEMP_IRQHandler
                0x000000000000036e                QDEC_IRQHandler
                0x000000000000036e                TIMER3_IRQHandler
                0x000000000000036e                PWM3_IRQHandler
                0x000000000000036e                FPU_IRQHandler
                0x000000000000036e                USBD_IRQHandler
                0x000000000000036e                QSPI_IRQHandler
                0x000000000000036e                TIMER4_IRQHandler
                0x000000000000036e                SWI2_EGU2_IRQHandler
                0x000000000000036e                I2S_IRQHandler
                0x000000000000036e                SWI4_EGU4_IRQHandler
                0x000000000000036e                TIMER0_IRQHandler
                0x000000000000036e                UARTE1_IRQHandler
                0x000000000000036e                Dummy_Handler
                0x000000000000036e                TIMER1_IRQHandler
                0x000000000000036e                SPIM3_IRQHandler
                0x000000000000036e                PWM2_IRQHandler
                0x000000000000036e                ECB_IRQHandler
                0x000000000000036e                SAADC_IRQHandler
                0x000000000000036e                CCM_AAR_IRQHandler
                0x000000000000036e                WDT_IRQHandler
                0x000000000000036e                SWI0_EGU0_IRQHandler
                0x000000000000036e                SWI5_EGU5_IRQHandler
                0x000000000000036e                RNG_IRQHandler
                0x000000000000036e                RTC2_IRQHandler
                0x000000000000036e                PWM0_IRQHandler
                0x000000000000036e                SWI3_EGU3_IRQHandler
                0x000000000000036e                SWI1_EGU1_IRQHandler
                0x000000000000036e                SPIM2_SPIS2_SPI2_IRQHandler
                0x000000000000036e                NFCT_IRQHandler
                0x000000000000036e                CRYPTOCELL_IRQHandler
                0x000000000000036e                MWU_IRQHandler
                0x000000000000036e                TIMER2_IRQHandler
                0x000000000000036e                COMP_LPCOMP_IRQHandler
                0x0000000000000370                nRFInitialize
 .init          0x0000000000000374       0x5c Output/Debug/Obj/spi_pca10056/ses_startup_nrf_common.o
                0x0000000000000374                Reset_Handler
                0x0000000000000378                afterInitialize
                0x000000000000039c                InitializeUserMemorySections
                0x00000000000003d0                __init_end__ = (__init_start__ + SIZEOF (.init))
                0x00000000000001d0                __init_size__ = SIZEOF (.init)
                0x00000000000003d0                __init_load_end__ = __init_end__
                0x0000000000000001                . = ASSERT (((__init_start__ == __init_end__) || ((__init_end__ - __FLASH1_segment_start__) <= __FLASH1_segment_size__)), error: .init is too large to fit in FLASH1 memory segment)
                0x00000000000003d0                __init_rodata_load_start__ = ALIGN (__init_end__, 0x4)

.init_rodata    0x00000000000003d0        0x0
                0x00000000000003d0                __init_rodata_start__ = .
 *(.init_rodata .init_rodata.*)
                0x00000000000003d0                __init_rodata_end__ = (__init_rodata_start__ + SIZEOF (.init_rodata))
                0x0000000000000000                __init_rodata_size__ = SIZEOF (.init_rodata)
                0x00000000000003d0                __init_rodata_load_end__ = __init_rodata_end__
                0x0000000000000001                . = ASSERT (((__init_rodata_start__ == __init_rodata_end__) || ((__init_rodata_end__ - __FLASH1_segment_start__) <= __FLASH1_segment_size__)), error: .init_rodata is too large to fit in FLASH1 memory segment)
                0x00000000000003d0                __text_load_start__ = ALIGN (__init_rodata_end__, 0x4)

.text           0x00000000000003d0     0x5f90
                0x00000000000003d0                __text_start__ = .
 *(.text .text.* .glue_7t .glue_7 .gnu.linkonce.t.* .gcc_except_table .ARM.extab* .gnu.linkonce.armextab.*)
 .glue_7        0x00000000000003d0        0x0 linker stubs
 .glue_7t       0x00000000000003d0        0x0 linker stubs
 .text.nrfx_coredep_delay_us
                0x00000000000003d0       0x30 Output/Debug/Obj/spi_pca10056/nrf_log_backend_rtt.o
 .text.nrf_delay_ms
                0x0000000000000400       0x2a Output/Debug/Obj/spi_pca10056/nrf_log_backend_rtt.o
 .text.nrf_log_backend_rtt_init
                0x000000000000042a        0xa Output/Debug/Obj/spi_pca10056/nrf_log_backend_rtt.o
                0x000000000000042a                nrf_log_backend_rtt_init
 .text.serial_tx
                0x0000000000000434       0x84 Output/Debug/Obj/spi_pca10056/nrf_log_backend_rtt.o
 .text.nrf_log_backend_rtt_put
                0x00000000000004b8       0x2c Output/Debug/Obj/spi_pca10056/nrf_log_backend_rtt.o
 .text.nrf_log_backend_rtt_flush
                0x00000000000004e4        0xa Output/Debug/Obj/spi_pca10056/nrf_log_backend_rtt.o
 .text.nrf_log_backend_rtt_panic_set
                0x00000000000004ee        0xa Output/Debug/Obj/spi_pca10056/nrf_log_backend_rtt.o
 .text.nrf_log_backend_serial_put
                0x00000000000004f8      0x124 Output/Debug/Obj/spi_pca10056/nrf_log_backend_serial.o
                0x00000000000004f8                nrf_log_backend_serial_put
 .text.nrf_log_backend_enable
                0x000000000000061c       0x12 Output/Debug/Obj/spi_pca10056/nrf_log_default_backends.o
 *fill*         0x000000000000062e        0x2 
 .text.nrf_log_default_backends_init
                0x0000000000000630       0x3c Output/Debug/Obj/spi_pca10056/nrf_log_default_backends.o
                0x0000000000000630                nrf_log_default_backends_init
 .text.nrf_log_backend_put
                0x000000000000066c       0x1c Output/Debug/Obj/spi_pca10056/nrf_log_frontend.o
 .text.nrf_log_backend_panic_set
                0x0000000000000688       0x18 Output/Debug/Obj/spi_pca10056/nrf_log_frontend.o
 .text.nrf_log_backend_flush
                0x00000000000006a0       0x18 Output/Debug/Obj/spi_pca10056/nrf_log_frontend.o
 .text.nrf_log_backend_id_set
                0x00000000000006b8       0x1a Output/Debug/Obj/spi_pca10056/nrf_log_frontend.o
 .text.nrf_log_backend_id_get
                0x00000000000006d2       0x10 Output/Debug/Obj/spi_pca10056/nrf_log_frontend.o
 .text.nrf_log_backend_enable
                0x00000000000006e2       0x12 Output/Debug/Obj/spi_pca10056/nrf_log_frontend.o
 .text.nrf_log_backend_is_enabled
                0x00000000000006f4       0x10 Output/Debug/Obj/spi_pca10056/nrf_log_frontend.o
 .text.nrf_log_init
                0x0000000000000704      0x100 Output/Debug/Obj/spi_pca10056/nrf_log_frontend.o
                0x0000000000000704                nrf_log_init
 .text.nrf_log_module_cnt_get
                0x0000000000000804       0x14 Output/Debug/Obj/spi_pca10056/nrf_log_frontend.o
                0x0000000000000804                nrf_log_module_cnt_get
 .text.module_idx_get
                0x0000000000000818       0x64 Output/Debug/Obj/spi_pca10056/nrf_log_frontend.o
 .text.nrf_log_module_name_get
                0x000000000000087c       0x40 Output/Debug/Obj/spi_pca10056/nrf_log_frontend.o
                0x000000000000087c                nrf_log_module_name_get
 .text.nrf_log_color_id_get
                0x00000000000008bc       0x70 Output/Debug/Obj/spi_pca10056/nrf_log_frontend.o
                0x00000000000008bc                nrf_log_color_id_get
 .text.higher_lvl_get
                0x000000000000092c       0x4e Output/Debug/Obj/spi_pca10056/nrf_log_frontend.o
 *fill*         0x000000000000097a        0x2 
 .text.nrf_log_module_filter_set
                0x000000000000097c       0x8c Output/Debug/Obj/spi_pca10056/nrf_log_frontend.o
                0x000000000000097c                nrf_log_module_filter_set
 .text.nrf_log_module_init_filter_get
                0x0000000000000a08       0x1c Output/Debug/Obj/spi_pca10056/nrf_log_frontend.o
 .text.invalid_packets_omit
                0x0000000000000a24       0x6e Output/Debug/Obj/spi_pca10056/nrf_log_frontend.o
 *fill*         0x0000000000000a92        0x2 
 .text.log_skip
                0x0000000000000a94      0x118 Output/Debug/Obj/spi_pca10056/nrf_log_frontend.o
 .text.dropped_sat16_get
                0x0000000000000bac       0x28 Output/Debug/Obj/spi_pca10056/nrf_log_frontend.o
 .text.std_header_set
                0x0000000000000bd4       0xb4 Output/Debug/Obj/spi_pca10056/nrf_log_frontend.o
 .text.buf_prealloc
                0x0000000000000c88      0x128 Output/Debug/Obj/spi_pca10056/nrf_log_frontend.o
 .text.std_n    0x0000000000000db0       0x94 Output/Debug/Obj/spi_pca10056/nrf_log_frontend.o
 .text.nrf_log_frontend_std_0
                0x0000000000000e44       0x1c Output/Debug/Obj/spi_pca10056/nrf_log_frontend.o
                0x0000000000000e44                nrf_log_frontend_std_0
 .text.nrf_log_frontend_std_1
                0x0000000000000e60       0x22 Output/Debug/Obj/spi_pca10056/nrf_log_frontend.o
                0x0000000000000e60                nrf_log_frontend_std_1
 .text.nrf_log_frontend_std_2
                0x0000000000000e82       0x28 Output/Debug/Obj/spi_pca10056/nrf_log_frontend.o
                0x0000000000000e82                nrf_log_frontend_std_2
 .text.nrf_log_frontend_std_5
                0x0000000000000eaa       0x34 Output/Debug/Obj/spi_pca10056/nrf_log_frontend.o
                0x0000000000000eaa                nrf_log_frontend_std_5
 *fill*         0x0000000000000ede        0x2 
 .text.buffer_is_empty
                0x0000000000000ee0       0x1c Output/Debug/Obj/spi_pca10056/nrf_log_frontend.o
                0x0000000000000ee0                buffer_is_empty
 .text.nrf_log_frontend_dequeue
                0x0000000000000efc      0x404 Output/Debug/Obj/spi_pca10056/nrf_log_frontend.o
                0x0000000000000efc                nrf_log_frontend_dequeue
 .text.backend_id_assign
                0x0000000000001300       0x68 Output/Debug/Obj/spi_pca10056/nrf_log_frontend.o
 .text.nrf_log_backend_add
                0x0000000000001368       0xbc Output/Debug/Obj/spi_pca10056/nrf_log_frontend.o
                0x0000000000001368                nrf_log_backend_add
 .text.nrf_log_panic
                0x0000000000001424       0x3c Output/Debug/Obj/spi_pca10056/nrf_log_frontend.o
                0x0000000000001424                nrf_log_panic
 .text.timestamp_print
                0x0000000000001460        0xc Output/Debug/Obj/spi_pca10056/nrf_log_str_formatter.o
 .text.prefix_process
                0x000000000000146c       0xb0 Output/Debug/Obj/spi_pca10056/nrf_log_str_formatter.o
 .text.postfix_process
                0x000000000000151c       0x60 Output/Debug/Obj/spi_pca10056/nrf_log_str_formatter.o
 .text.nrf_log_std_entry_process
                0x000000000000157c      0x144 Output/Debug/Obj/spi_pca10056/nrf_log_str_formatter.o
                0x000000000000157c                nrf_log_std_entry_process
 .text.nrf_log_hexdump_entry_process
                0x00000000000016c0       0xf0 Output/Debug/Obj/spi_pca10056/nrf_log_str_formatter.o
                0x00000000000016c0                nrf_log_hexdump_entry_process
 .text.nrf_gpio_pin_port_decode
                0x00000000000017b0       0x4c Output/Debug/Obj/spi_pca10056/boards.o
 .text.nrf_gpio_pin_toggle
                0x00000000000017fc       0x44 Output/Debug/Obj/spi_pca10056/boards.o
 .text.nrf_gpio_pin_present_check
                0x0000000000001840       0x50 Output/Debug/Obj/spi_pca10056/boards.o
 .text.bsp_board_led_invert
                0x0000000000001890       0x34 Output/Debug/Obj/spi_pca10056/boards.o
                0x0000000000001890                bsp_board_led_invert
 .text.app_error_save_and_stop
                0x00000000000018c4       0x98 Output/Debug/Obj/spi_pca10056/app_error.o
                0x00000000000018c4                app_error_save_and_stop
 .text.app_error_handler
                0x000000000000195c       0x1c Output/Debug/Obj/spi_pca10056/app_error_handler_gcc.o
                0x000000000000195c                app_error_handler
 .text.app_error_fault_handler
                0x0000000000001978      0x134 Output/Debug/Obj/spi_pca10056/app_error_weak.o
                0x0000000000001978                app_error_fault_handler
 .text.app_util_disable_irq
                0x0000000000001aac       0x18 Output/Debug/Obj/spi_pca10056/app_util_platform.o
                0x0000000000001aac                app_util_disable_irq
 .text.app_util_enable_irq
                0x0000000000001ac4       0x20 Output/Debug/Obj/spi_pca10056/app_util_platform.o
                0x0000000000001ac4                app_util_enable_irq
 .text.app_util_critical_region_enter
                0x0000000000001ae4       0x28 Output/Debug/Obj/spi_pca10056/app_util_platform.o
                0x0000000000001ae4                app_util_critical_region_enter
 .text.app_util_critical_region_exit
                0x0000000000001b0c       0x2c Output/Debug/Obj/spi_pca10056/app_util_platform.o
                0x0000000000001b0c                app_util_critical_region_exit
 .text.privilege_level_get
                0x0000000000001b38       0x3a Output/Debug/Obj/spi_pca10056/app_util_platform.o
                0x0000000000001b38                privilege_level_get
 *fill*         0x0000000000001b72        0x2 
 .text.RTC1_IRQHandler
                0x0000000000001b74       0x1c Output/Debug/Obj/spi_pca10056/drv_rtc.o
                0x0000000000001b74                RTC1_IRQHandler
 .text.assert_nrf_callback
                0x0000000000001b90       0x2c Output/Debug/Obj/spi_pca10056/nrf_assert.o
                0x0000000000001b90                assert_nrf_callback
 .text.nrf_atomic_u32_fetch_store
                0x0000000000001bbc       0x2e Output/Debug/Obj/spi_pca10056/nrf_atomic.o
                0x0000000000001bbc                nrf_atomic_u32_fetch_store
 .text.nrf_atomic_u32_or
                0x0000000000001bea       0x30 Output/Debug/Obj/spi_pca10056/nrf_atomic.o
                0x0000000000001bea                nrf_atomic_u32_or
 .text.nrf_atomic_u32_fetch_and
                0x0000000000001c1a       0x30 Output/Debug/Obj/spi_pca10056/nrf_atomic.o
                0x0000000000001c1a                nrf_atomic_u32_fetch_and
 .text.nrf_atomic_u32_add
                0x0000000000001c4a       0x30 Output/Debug/Obj/spi_pca10056/nrf_atomic.o
                0x0000000000001c4a                nrf_atomic_u32_add
 .text.nrf_atomic_u32_sub
                0x0000000000001c7a       0x30 Output/Debug/Obj/spi_pca10056/nrf_atomic.o
                0x0000000000001c7a                nrf_atomic_u32_sub
 .text.nrf_atomic_flag_set
                0x0000000000001caa       0x18 Output/Debug/Obj/spi_pca10056/nrf_atomic.o
                0x0000000000001caa                nrf_atomic_flag_set
 .text.nrf_atomic_flag_clear_fetch
                0x0000000000001cc2       0x18 Output/Debug/Obj/spi_pca10056/nrf_atomic.o
                0x0000000000001cc2                nrf_atomic_flag_clear_fetch
 *fill*         0x0000000000001cda        0x2 
 .text.nrf_balloc_idx2block
                0x0000000000001cdc       0x38 Output/Debug/Obj/spi_pca10056/nrf_balloc.o
 .text.nrf_balloc_block2idx
                0x0000000000001d14       0x34 Output/Debug/Obj/spi_pca10056/nrf_balloc.o
 .text.nrf_balloc_init
                0x0000000000001d48       0xb8 Output/Debug/Obj/spi_pca10056/nrf_balloc.o
                0x0000000000001d48                nrf_balloc_init
 .text.nrf_balloc_alloc
                0x0000000000001e00       0x84 Output/Debug/Obj/spi_pca10056/nrf_balloc.o
                0x0000000000001e00                nrf_balloc_alloc
 .text.nrf_balloc_free
                0x0000000000001e84       0x58 Output/Debug/Obj/spi_pca10056/nrf_balloc.o
                0x0000000000001e84                nrf_balloc_free
 .text.nrf_fprintf_buffer_flush
                0x0000000000001edc       0x44 Output/Debug/Obj/spi_pca10056/nrf_fprintf.o
                0x0000000000001edc                nrf_fprintf_buffer_flush
 .text.nrf_fprintf
                0x0000000000001f20       0x74 Output/Debug/Obj/spi_pca10056/nrf_fprintf.o
                0x0000000000001f20                nrf_fprintf
 .text.buffer_add
                0x0000000000001f94       0x4c Output/Debug/Obj/spi_pca10056/nrf_fprintf_format.o
 .text.string_print
                0x0000000000001fe0       0xc2 Output/Debug/Obj/spi_pca10056/nrf_fprintf_format.o
 *fill*         0x00000000000020a2        0x2 
 .text.unsigned_print
                0x00000000000020a4      0x130 Output/Debug/Obj/spi_pca10056/nrf_fprintf_format.o
 .text.int_print
                0x00000000000021d4      0x11c Output/Debug/Obj/spi_pca10056/nrf_fprintf_format.o
 .text.nrf_fprintf_fmt
                0x00000000000022f0      0x388 Output/Debug/Obj/spi_pca10056/nrf_fprintf_format.o
                0x00000000000022f0                nrf_fprintf_fmt
 .text.nrf_memobj_pool_init
                0x0000000000002678       0x16 Output/Debug/Obj/spi_pca10056/nrf_memobj.o
                0x0000000000002678                nrf_memobj_pool_init
 .text.nrf_memobj_alloc
                0x000000000000268e       0xae Output/Debug/Obj/spi_pca10056/nrf_memobj.o
                0x000000000000268e                nrf_memobj_alloc
 .text.nrf_memobj_free
                0x000000000000273c       0x74 Output/Debug/Obj/spi_pca10056/nrf_memobj.o
                0x000000000000273c                nrf_memobj_free
 .text.nrf_memobj_get
                0x00000000000027b0       0x1e Output/Debug/Obj/spi_pca10056/nrf_memobj.o
                0x00000000000027b0                nrf_memobj_get
 .text.nrf_memobj_put
                0x00000000000027ce       0x34 Output/Debug/Obj/spi_pca10056/nrf_memobj.o
                0x00000000000027ce                nrf_memobj_put
 *fill*         0x0000000000002802        0x2 
 .text.memobj_op
                0x0000000000002804      0x124 Output/Debug/Obj/spi_pca10056/nrf_memobj.o
 .text.nrf_memobj_write
                0x0000000000002928       0x3c Output/Debug/Obj/spi_pca10056/nrf_memobj.o
                0x0000000000002928                nrf_memobj_write
 .text.nrf_memobj_read
                0x0000000000002964       0x40 Output/Debug/Obj/spi_pca10056/nrf_memobj.o
                0x0000000000002964                nrf_memobj_read
 .text.nrf_ringbuf_init
                0x00000000000029a4       0x3a Output/Debug/Obj/spi_pca10056/nrf_ringbuf.o
                0x00000000000029a4                nrf_ringbuf_init
 *fill*         0x00000000000029de        0x2 
 .text.nrf_strerror_get
                0x00000000000029e0       0x28 Output/Debug/Obj/spi_pca10056/nrf_strerror.o
                0x00000000000029e0                nrf_strerror_get
 .text.nrf_strerror_find
                0x0000000000002a08       0x68 Output/Debug/Obj/spi_pca10056/nrf_strerror.o
                0x0000000000002a08                nrf_strerror_find
 .text.spi_evt_handler
                0x0000000000002a70       0x5c Output/Debug/Obj/spi_pca10056/nrf_drv_spi.o
 .text.nrf_drv_spi_init
                0x0000000000002acc       0x5c Output/Debug/Obj/spi_pca10056/nrf_drv_spi.o
                0x0000000000002acc                nrf_drv_spi_init
 .text.__NVIC_EnableIRQ
                0x0000000000002b28       0x34 Output/Debug/Obj/spi_pca10056/nrfx_gpiote.o
 .text.__NVIC_SetPriority
                0x0000000000002b5c       0x50 Output/Debug/Obj/spi_pca10056/nrfx_gpiote.o
 .text.nrfx_get_irq_number
                0x0000000000002bac       0x10 Output/Debug/Obj/spi_pca10056/nrfx_gpiote.o
 .text._NRFX_IRQ_PRIORITY_SET
                0x0000000000002bbc       0x40 Output/Debug/Obj/spi_pca10056/nrfx_gpiote.o
 .text._NRFX_IRQ_ENABLE
                0x0000000000002bfc       0x1c Output/Debug/Obj/spi_pca10056/nrfx_gpiote.o
 .text.nrf_gpiote_event_is_set
                0x0000000000002c18       0x2a Output/Debug/Obj/spi_pca10056/nrfx_gpiote.o
 .text.nrf_gpiote_event_clear
                0x0000000000002c42       0x36 Output/Debug/Obj/spi_pca10056/nrfx_gpiote.o
 .text.nrf_gpiote_event_addr_get
                0x0000000000002c78       0x1a Output/Debug/Obj/spi_pca10056/nrfx_gpiote.o
 *fill*         0x0000000000002c92        0x2 
 .text.nrf_gpiote_int_enable
                0x0000000000002c94       0x18 Output/Debug/Obj/spi_pca10056/nrfx_gpiote.o
 .text.nrf_gpiote_int_disable
                0x0000000000002cac       0x18 Output/Debug/Obj/spi_pca10056/nrfx_gpiote.o
 .text.nrf_gpiote_int_is_enabled
                0x0000000000002cc4       0x18 Output/Debug/Obj/spi_pca10056/nrfx_gpiote.o
 .text.nrf_gpiote_event_enable
                0x0000000000002cdc       0x2c Output/Debug/Obj/spi_pca10056/nrfx_gpiote.o
 .text.nrf_gpiote_event_disable
                0x0000000000002d08       0x2c Output/Debug/Obj/spi_pca10056/nrfx_gpiote.o
 .text.nrf_gpiote_event_configure
                0x0000000000002d34       0x64 Output/Debug/Obj/spi_pca10056/nrfx_gpiote.o
 .text.nrf_gpiote_event_pin_get
                0x0000000000002d98       0x20 Output/Debug/Obj/spi_pca10056/nrfx_gpiote.o
 .text.nrf_gpiote_event_polarity_get
                0x0000000000002db8       0x24 Output/Debug/Obj/spi_pca10056/nrfx_gpiote.o
 .text.nrf_gpiote_te_default
                0x0000000000002ddc       0x1c Output/Debug/Obj/spi_pca10056/nrfx_gpiote.o
 .text.nrf_gpio_pin_port_decode
                0x0000000000002df8       0x4c Output/Debug/Obj/spi_pca10056/nrfx_gpiote.o
 .text.nrf_gpio_cfg
                0x0000000000002e44       0x62 Output/Debug/Obj/spi_pca10056/nrfx_gpiote.o
 .text.nrf_gpio_cfg_input
                0x0000000000002ea6       0x2a Output/Debug/Obj/spi_pca10056/nrfx_gpiote.o
 .text.nrf_gpio_cfg_default
                0x0000000000002ed0       0x22 Output/Debug/Obj/spi_pca10056/nrfx_gpiote.o
 .text.nrf_gpio_cfg_watcher
                0x0000000000002ef2       0x38 Output/Debug/Obj/spi_pca10056/nrfx_gpiote.o
 .text.nrf_gpio_cfg_sense_set
                0x0000000000002f2a       0x5c Output/Debug/Obj/spi_pca10056/nrfx_gpiote.o
 .text.nrf_gpio_pin_read
                0x0000000000002f86       0x2a Output/Debug/Obj/spi_pca10056/nrfx_gpiote.o
 .text.nrf_gpio_pin_sense_get
                0x0000000000002fb0       0x2c Output/Debug/Obj/spi_pca10056/nrfx_gpiote.o
 .text.nrf_gpio_port_in_read
                0x0000000000002fdc       0x10 Output/Debug/Obj/spi_pca10056/nrfx_gpiote.o
 .text.nrf_gpio_latches_read_and_clear
                0x0000000000002fec       0x68 Output/Debug/Obj/spi_pca10056/nrfx_gpiote.o
 .text.nrf_gpio_pin_latch_clear
                0x0000000000003054       0x28 Output/Debug/Obj/spi_pca10056/nrfx_gpiote.o
 .text.nrf_gpio_pin_present_check
                0x000000000000307c       0x50 Output/Debug/Obj/spi_pca10056/nrfx_gpiote.o
 .text.nrf_bitmask_bit_is_set
                0x00000000000030cc       0x30 Output/Debug/Obj/spi_pca10056/nrfx_gpiote.o
 .text.nrf_bitmask_bit_set
                0x00000000000030fc       0x40 Output/Debug/Obj/spi_pca10056/nrfx_gpiote.o
 .text.nrf_bitmask_bit_clear
                0x000000000000313c       0x44 Output/Debug/Obj/spi_pca10056/nrfx_gpiote.o
 .text.pin_in_use_by_te
                0x0000000000003180       0x3c Output/Debug/Obj/spi_pca10056/nrfx_gpiote.o
 .text.pin_in_use_by_port
                0x00000000000031bc       0x24 Output/Debug/Obj/spi_pca10056/nrfx_gpiote.o
 .text.pin_in_use_by_gpiote
                0x00000000000031e0       0x24 Output/Debug/Obj/spi_pca10056/nrfx_gpiote.o
 .text.pin_in_use_by_te_set
                0x0000000000003204       0x50 Output/Debug/Obj/spi_pca10056/nrfx_gpiote.o
 .text.pin_in_use_clear
                0x0000000000003254       0x1c Output/Debug/Obj/spi_pca10056/nrfx_gpiote.o
 .text.pin_configured_set
                0x0000000000003270       0x1c Output/Debug/Obj/spi_pca10056/nrfx_gpiote.o
 .text.pin_configured_clear
                0x000000000000328c       0x1c Output/Debug/Obj/spi_pca10056/nrfx_gpiote.o
 .text.pin_configured_check
                0x00000000000032a8       0x28 Output/Debug/Obj/spi_pca10056/nrfx_gpiote.o
 .text.channel_port_get
                0x00000000000032d0       0x1c Output/Debug/Obj/spi_pca10056/nrfx_gpiote.o
 .text.channel_handler_get
                0x00000000000032ec       0x18 Output/Debug/Obj/spi_pca10056/nrfx_gpiote.o
 .text.port_handler_pin_get
                0x0000000000003304       0x28 Output/Debug/Obj/spi_pca10056/nrfx_gpiote.o
 .text.port_handler_polarity_get
                0x000000000000332c       0x28 Output/Debug/Obj/spi_pca10056/nrfx_gpiote.o
 .text.channel_port_alloc
                0x0000000000003354       0x7c Output/Debug/Obj/spi_pca10056/nrfx_gpiote.o
 .text.channel_free
                0x00000000000033d0       0x38 Output/Debug/Obj/spi_pca10056/nrfx_gpiote.o
 .text.nrfx_gpiote_init
                0x0000000000003408       0xc8 Output/Debug/Obj/spi_pca10056/nrfx_gpiote.o
                0x0000000000003408                nrfx_gpiote_init
 .text.nrfx_gpiote_in_init
                0x00000000000034d0       0xf8 Output/Debug/Obj/spi_pca10056/nrfx_gpiote.o
                0x00000000000034d0                nrfx_gpiote_in_init
 .text.nrfx_gpiote_in_event_enable
                0x00000000000035c8      0x108 Output/Debug/Obj/spi_pca10056/nrfx_gpiote.o
                0x00000000000035c8                nrfx_gpiote_in_event_enable
 .text.nrfx_gpiote_in_event_disable
                0x00000000000036d0       0x80 Output/Debug/Obj/spi_pca10056/nrfx_gpiote.o
                0x00000000000036d0                nrfx_gpiote_in_event_disable
 .text.nrfx_gpiote_in_uninit
                0x0000000000003750       0x98 Output/Debug/Obj/spi_pca10056/nrfx_gpiote.o
                0x0000000000003750                nrfx_gpiote_in_uninit
 .text.latch_pending_read_and_check
                0x00000000000037e8       0x3e Output/Debug/Obj/spi_pca10056/nrfx_gpiote.o
 *fill*         0x0000000000003826        0x2 
 .text.port_event_handle
                0x0000000000003828       0xe4 Output/Debug/Obj/spi_pca10056/nrfx_gpiote.o
 .text.GPIOTE_IRQHandler
                0x000000000000390c      0x108 Output/Debug/Obj/spi_pca10056/nrfx_gpiote.o
                0x000000000000390c                GPIOTE_IRQHandler
 .text.UARTE0_UART0_IRQHandler
                0x0000000000003a14       0x24 Output/Debug/Obj/spi_pca10056/nrfx_prs.o
                0x0000000000003a14                UARTE0_UART0_IRQHandler
 .text.prs_box_get
                0x0000000000003a38       0x20 Output/Debug/Obj/spi_pca10056/nrfx_prs.o
 .text.nrfx_prs_acquire
                0x0000000000003a58       0x74 Output/Debug/Obj/spi_pca10056/nrfx_prs.o
                0x0000000000003a58                nrfx_prs_acquire
 .text.nrfx_prs_release
                0x0000000000003acc       0x3c Output/Debug/Obj/spi_pca10056/nrfx_prs.o
                0x0000000000003acc                nrfx_prs_release
 .text.__NVIC_EnableIRQ
                0x0000000000003b08       0x34 Output/Debug/Obj/spi_pca10056/nrfx_spi.o
 .text.__NVIC_DisableIRQ
                0x0000000000003b3c       0x44 Output/Debug/Obj/spi_pca10056/nrfx_spi.o
 .text.__NVIC_SetPriority
                0x0000000000003b80       0x50 Output/Debug/Obj/spi_pca10056/nrfx_spi.o
 .text.nrfx_get_irq_number
                0x0000000000003bd0       0x10 Output/Debug/Obj/spi_pca10056/nrfx_spi.o
 .text._NRFX_IRQ_PRIORITY_SET
                0x0000000000003be0       0x40 Output/Debug/Obj/spi_pca10056/nrfx_spi.o
 .text._NRFX_IRQ_ENABLE
                0x0000000000003c20       0x1c Output/Debug/Obj/spi_pca10056/nrfx_spi.o
 .text._NRFX_IRQ_DISABLE
                0x0000000000003c3c       0x1c Output/Debug/Obj/spi_pca10056/nrfx_spi.o
 .text.nrf_spi_event_clear
                0x0000000000003c58       0x2a Output/Debug/Obj/spi_pca10056/nrfx_spi.o
 .text.nrf_spi_event_check
                0x0000000000003c82       0x24 Output/Debug/Obj/spi_pca10056/nrfx_spi.o
 .text.nrf_spi_int_enable
                0x0000000000003ca6       0x14 Output/Debug/Obj/spi_pca10056/nrfx_spi.o
 .text.nrf_spi_int_disable
                0x0000000000003cba       0x14 Output/Debug/Obj/spi_pca10056/nrfx_spi.o
 .text.nrf_spi_enable
                0x0000000000003cce       0x12 Output/Debug/Obj/spi_pca10056/nrfx_spi.o
 .text.nrf_spi_disable
                0x0000000000003ce0       0x12 Output/Debug/Obj/spi_pca10056/nrfx_spi.o
 .text.nrf_spi_pins_set
                0x0000000000003cf2       0x28 Output/Debug/Obj/spi_pca10056/nrfx_spi.o
 .text.nrf_spi_txd_set
                0x0000000000003d1a       0x1a Output/Debug/Obj/spi_pca10056/nrfx_spi.o
 .text.nrf_spi_rxd_get
                0x0000000000003d34       0x12 Output/Debug/Obj/spi_pca10056/nrfx_spi.o
 .text.nrf_spi_frequency_set
                0x0000000000003d46       0x14 Output/Debug/Obj/spi_pca10056/nrfx_spi.o
 .text.nrf_spi_configure
                0x0000000000003d5a       0x64 Output/Debug/Obj/spi_pca10056/nrfx_spi.o
 *fill*         0x0000000000003dbe        0x2 
 .text.nrf_gpio_pin_port_decode
                0x0000000000003dc0       0x4c Output/Debug/Obj/spi_pca10056/nrfx_spi.o
 .text.nrf_gpio_cfg
                0x0000000000003e0c       0x62 Output/Debug/Obj/spi_pca10056/nrfx_spi.o
 .text.nrf_gpio_cfg_output
                0x0000000000003e6e       0x22 Output/Debug/Obj/spi_pca10056/nrfx_spi.o
 .text.nrf_gpio_cfg_input
                0x0000000000003e90       0x2a Output/Debug/Obj/spi_pca10056/nrfx_spi.o
 .text.nrf_gpio_cfg_default
                0x0000000000003eba       0x22 Output/Debug/Obj/spi_pca10056/nrfx_spi.o
 .text.nrf_gpio_pin_set
                0x0000000000003edc       0x28 Output/Debug/Obj/spi_pca10056/nrfx_spi.o
 .text.nrf_gpio_pin_clear
                0x0000000000003f04       0x28 Output/Debug/Obj/spi_pca10056/nrfx_spi.o
 .text.nrf_gpio_port_out_set
                0x0000000000003f2c       0x14 Output/Debug/Obj/spi_pca10056/nrfx_spi.o
 .text.nrf_gpio_port_out_clear
                0x0000000000003f40       0x14 Output/Debug/Obj/spi_pca10056/nrfx_spi.o
 .text.nrf_gpio_pin_present_check
                0x0000000000003f54       0x50 Output/Debug/Obj/spi_pca10056/nrfx_spi.o
 .text.nrfx_spi_init
                0x0000000000003fa4      0x1e0 Output/Debug/Obj/spi_pca10056/nrfx_spi.o
                0x0000000000003fa4                nrfx_spi_init
 .text.nrfx_spi_uninit
                0x0000000000004184       0x90 Output/Debug/Obj/spi_pca10056/nrfx_spi.o
                0x0000000000004184                nrfx_spi_uninit
 .text.finish_transfer
                0x0000000000004214       0x3e Output/Debug/Obj/spi_pca10056/nrfx_spi.o
 .text.transfer_byte
                0x0000000000004252       0xd6 Output/Debug/Obj/spi_pca10056/nrfx_spi.o
 .text.spi_xfer
                0x0000000000004328       0xcc Output/Debug/Obj/spi_pca10056/nrfx_spi.o
 .text.nrfx_spi_xfer
                0x00000000000043f4       0xe0 Output/Debug/Obj/spi_pca10056/nrfx_spi.o
                0x00000000000043f4                nrfx_spi_xfer
 .text.irq_handler
                0x00000000000044d4       0x4c Output/Debug/Obj/spi_pca10056/nrfx_spi.o
 .text.SPIM0_SPIS0_TWIM0_TWIS0_SPI0_TWI0_IRQHandler
                0x0000000000004520       0x18 Output/Debug/Obj/spi_pca10056/nrfx_spi.o
                0x0000000000004520                SPIM0_SPIS0_TWIM0_TWIS0_SPI0_TWI0_IRQHandler
 .text.SPIM1_SPIS1_TWIM1_TWIS1_SPI1_TWI1_IRQHandler
                0x0000000000004538       0x14 Output/Debug/Obj/spi_pca10056/nrfx_spi.o
                0x0000000000004538                SPIM1_SPIS1_TWIM1_TWIS1_SPI1_TWI1_IRQHandler
 .text.nrfx_coredep_delay_us
                0x000000000000454c       0x30 Output/Debug/Obj/spi_pca10056/main.o
 .text.nrf_drv_spi_transfer
                0x000000000000457c       0x42 Output/Debug/Obj/spi_pca10056/main.o
 *fill*         0x00000000000045be        0x2 
 .text.nrf_gpio_pin_port_decode
                0x00000000000045c0       0x4c Output/Debug/Obj/spi_pca10056/main.o
 .text.nrf_gpio_cfg
                0x000000000000460c       0x62 Output/Debug/Obj/spi_pca10056/main.o
 .text.nrf_gpio_cfg_output
                0x000000000000466e       0x22 Output/Debug/Obj/spi_pca10056/main.o
 .text.nrf_gpio_pin_set
                0x0000000000004690       0x28 Output/Debug/Obj/spi_pca10056/main.o
 .text.nrf_gpio_pin_clear
                0x00000000000046b8       0x28 Output/Debug/Obj/spi_pca10056/main.o
 .text.nrf_gpio_pin_write
                0x00000000000046e0       0x24 Output/Debug/Obj/spi_pca10056/main.o
 .text.nrf_gpio_port_out_set
                0x0000000000004704       0x14 Output/Debug/Obj/spi_pca10056/main.o
 .text.nrf_gpio_port_out_clear
                0x0000000000004718       0x14 Output/Debug/Obj/spi_pca10056/main.o
 .text.nrf_gpio_pin_present_check
                0x000000000000472c       0x50 Output/Debug/Obj/spi_pca10056/main.o
 .text.nrf_delay_ms
                0x000000000000477c       0x2a Output/Debug/Obj/spi_pca10056/main.o
 *fill*         0x00000000000047a6        0x2 
 .text.can_init
                0x00000000000047a8      0x100 Output/Debug/Obj/spi_pca10056/main.o
 .text.can_init2
                0x00000000000048a8      0x100 Output/Debug/Obj/spi_pca10056/main.o
 .text.main     0x00000000000049a8      0x154 Output/Debug/Obj/spi_pca10056/main.o
                0x00000000000049a8                main
 .text._DoInit  0x0000000000004afc       0x9c Output/Debug/Obj/spi_pca10056/SEGGER_RTT.o
 .text._WriteBlocking
                0x0000000000004b98       0xb2 Output/Debug/Obj/spi_pca10056/SEGGER_RTT.o
 .text._WriteNoCheck
                0x0000000000004c4a       0x7e Output/Debug/Obj/spi_pca10056/SEGGER_RTT.o
 .text._GetAvailWriteSpace
                0x0000000000004cc8       0x3c Output/Debug/Obj/spi_pca10056/SEGGER_RTT.o
 .text.SEGGER_RTT_WriteNoLock
                0x0000000000004d04       0xa0 Output/Debug/Obj/spi_pca10056/SEGGER_RTT.o
                0x0000000000004d04                SEGGER_RTT_WriteNoLock
 .text.SEGGER_RTT_Init
                0x0000000000004da4        0xa Output/Debug/Obj/spi_pca10056/SEGGER_RTT.o
                0x0000000000004da4                SEGGER_RTT_Init
 *fill*         0x0000000000004dae        0x2 
 .text.__NVIC_SystemReset
                0x0000000000004db0       0x28 Output/Debug/Obj/spi_pca10056/system_nrf52840.o
 .text.nrf52_errata_36
                0x0000000000004dd8       0x64 Output/Debug/Obj/spi_pca10056/system_nrf52840.o
 .text.nrf52_errata_66
                0x0000000000004e3c       0x64 Output/Debug/Obj/spi_pca10056/system_nrf52840.o
 .text.nrf52_errata_98
                0x0000000000004ea0       0x64 Output/Debug/Obj/spi_pca10056/system_nrf52840.o
 .text.nrf52_errata_103
                0x0000000000004f04       0x64 Output/Debug/Obj/spi_pca10056/system_nrf52840.o
 .text.nrf52_errata_115
                0x0000000000004f68       0x64 Output/Debug/Obj/spi_pca10056/system_nrf52840.o
 .text.nrf52_errata_120
                0x0000000000004fcc       0x64 Output/Debug/Obj/spi_pca10056/system_nrf52840.o
 .text.nrf52_errata_136
                0x0000000000005030       0x64 Output/Debug/Obj/spi_pca10056/system_nrf52840.o
 .text.nrf52_errata_249
                0x0000000000005094       0x64 Output/Debug/Obj/spi_pca10056/system_nrf52840.o
 .text.nrf52_handle_approtect
                0x00000000000050f8       0x20 Output/Debug/Obj/spi_pca10056/system_nrf52840.o
 .text.nvmc_wait
                0x0000000000005118       0x18 Output/Debug/Obj/spi_pca10056/system_nrf52840.o
                0x0000000000005118                nvmc_wait
 .text.nvmc_config
                0x0000000000005130       0x20 Output/Debug/Obj/spi_pca10056/system_nrf52840.o
                0x0000000000005130                nvmc_config
 .text.SystemCoreClockUpdate
                0x0000000000005150       0x14 Output/Debug/Obj/spi_pca10056/system_nrf52840.o
                0x0000000000005150                SystemCoreClockUpdate
 .text.SystemInit
                0x0000000000005164      0x260 Output/Debug/Obj/spi_pca10056/system_nrf52840.o
                0x0000000000005164                SystemInit
 .text.nrfx_coredep_delay_us
                0x00000000000053c4       0x30 Output/Debug/Obj/spi_pca10056/mcp_can.o
 .text.nrf_delay_ms
                0x00000000000053f4       0x2a Output/Debug/Obj/spi_pca10056/mcp_can.o
 *fill*         0x000000000000541e        0x2 
 .text.nrf_gpio_pin_port_decode
                0x0000000000005420       0x4c Output/Debug/Obj/spi_pca10056/mcp_can.o
 .text.nrf_gpio_cfg
                0x000000000000546c       0x62 Output/Debug/Obj/spi_pca10056/mcp_can.o
 .text.nrf_gpio_cfg_output
                0x00000000000054ce       0x22 Output/Debug/Obj/spi_pca10056/mcp_can.o
 .text.nrf_gpio_pin_set
                0x00000000000054f0       0x28 Output/Debug/Obj/spi_pca10056/mcp_can.o
 .text.nrf_gpio_pin_clear
                0x0000000000005518       0x28 Output/Debug/Obj/spi_pca10056/mcp_can.o
 .text.nrf_gpio_pin_read
                0x0000000000005540       0x2a Output/Debug/Obj/spi_pca10056/mcp_can.o
 .text.nrf_gpio_port_in_read
                0x000000000000556a       0x10 Output/Debug/Obj/spi_pca10056/mcp_can.o
 .text.nrf_gpio_port_out_set
                0x000000000000557a       0x14 Output/Debug/Obj/spi_pca10056/mcp_can.o
 .text.nrf_gpio_port_out_clear
                0x000000000000558e       0x14 Output/Debug/Obj/spi_pca10056/mcp_can.o
 .text.nrf_gpio_pin_present_check
                0x00000000000055a2       0x50 Output/Debug/Obj/spi_pca10056/mcp_can.o
 .text.nrf_drv_spi_uninit
                0x00000000000055f2       0x18 Output/Debug/Obj/spi_pca10056/mcp_can.o
 .text.nrf_drv_spi_transfer
                0x000000000000560a       0x42 Output/Debug/Obj/spi_pca10056/mcp_can.o
 .text.mcp2515_int_pin_handler
                0x000000000000564c       0x2e Output/Debug/Obj/spi_pca10056/mcp_can.o
                0x000000000000564c                mcp2515_int_pin_handler
 *fill*         0x000000000000567a        0x2 
 .text.spi_can_event_handler
                0x000000000000567c       0x24 Output/Debug/Obj/spi_pca10056/mcp_can.o
                0x000000000000567c                spi_can_event_handler
 .text.mcp_spi_init
                0x00000000000056a0      0x188 Output/Debug/Obj/spi_pca10056/mcp_can.o
                0x00000000000056a0                mcp_spi_init
 .text.mcp_spi_uninit
                0x0000000000005828       0x10 Output/Debug/Obj/spi_pca10056/mcp_can.o
                0x0000000000005828                mcp_spi_uninit
 .text.mcp_spi_init2
                0x0000000000005838      0x188 Output/Debug/Obj/spi_pca10056/mcp_can.o
                0x0000000000005838                mcp_spi_init2
 .text.mcp2515_select
                0x00000000000059c0       0x14 Output/Debug/Obj/spi_pca10056/mcp_can.o
                0x00000000000059c0                mcp2515_select
 .text.mcp2515_unselect
                0x00000000000059d4       0x14 Output/Debug/Obj/spi_pca10056/mcp_can.o
                0x00000000000059d4                mcp2515_unselect
 .text.mcp2515_reset
                0x00000000000059e8       0x6c Output/Debug/Obj/spi_pca10056/mcp_can.o
                0x00000000000059e8                mcp2515_reset
 .text.mcp2515_readRegister
                0x0000000000005a54       0x9c Output/Debug/Obj/spi_pca10056/mcp_can.o
                0x0000000000005a54                mcp2515_readRegister
 .text.mcp2515_setRegister
                0x0000000000005af0       0x8c Output/Debug/Obj/spi_pca10056/mcp_can.o
                0x0000000000005af0                mcp2515_setRegister
 .text.mcp2515_modifyRegister
                0x0000000000005b7c       0x98 Output/Debug/Obj/spi_pca10056/mcp_can.o
                0x0000000000005b7c                mcp2515_modifyRegister
 .text.mcp2515_setCANCTRL_Mode
                0x0000000000005c14       0x56 Output/Debug/Obj/spi_pca10056/mcp_can.o
                0x0000000000005c14                mcp2515_setCANCTRL_Mode
 *fill*         0x0000000000005c6a        0x2 
 .text.mcp2515_configRate
                0x0000000000005c6c      0x32c Output/Debug/Obj/spi_pca10056/mcp_can.o
                0x0000000000005c6c                mcp2515_configRate
 .text.mcp2515_initCANBuffers
                0x0000000000005f98       0x8a Output/Debug/Obj/spi_pca10056/mcp_can.o
                0x0000000000005f98                mcp2515_initCANBuffers
 .text.mcp2515_init
                0x0000000000006022       0xc4 Output/Debug/Obj/spi_pca10056/mcp_can.o
                0x0000000000006022                mcp2515_init
 *fill*         0x00000000000060e6        0x2 
 .text.mcp_can_setcs
                0x00000000000060e8       0x2c Output/Debug/Obj/spi_pca10056/mcp_can.o
                0x00000000000060e8                mcp_can_setcs
 .text.mcp_can_begin
                0x0000000000006114       0x3e Output/Debug/Obj/spi_pca10056/mcp_can.o
                0x0000000000006114                mcp_can_begin
 *fill*         0x0000000000006152        0x2 
 .text.libc.__RAL_ascii_isctype
                0x0000000000006154       0x1c C:/Program Files/SEGGER/SEGGER Embedded Studio for ARM 5.68/lib/libc_v7em_fpv4_sp_d16_hard_t_le_eabi.a(libc2.o)
 .text.libc.__RAL_ascii_toupper
                0x0000000000006170        0xc C:/Program Files/SEGGER/SEGGER Embedded Studio for ARM 5.68/lib/libc_v7em_fpv4_sp_d16_hard_t_le_eabi.a(libc2.o)
 .text.libc.__RAL_ascii_tolower
                0x000000000000617c        0xc C:/Program Files/SEGGER/SEGGER Embedded Studio for ARM 5.68/lib/libc_v7em_fpv4_sp_d16_hard_t_le_eabi.a(libc2.o)
 .text.libc.__RAL_ascii_wctomb
                0x0000000000006188       0x10 C:/Program Files/SEGGER/SEGGER Embedded Studio for ARM 5.68/lib/libc_v7em_fpv4_sp_d16_hard_t_le_eabi.a(libc2.o)
                0x0000000000006188                __RAL_ascii_wctomb
 .text.libc.__RAL_ascii_mbtowc
                0x0000000000006198       0x24 C:/Program Files/SEGGER/SEGGER Embedded Studio for ARM 5.68/lib/libc_v7em_fpv4_sp_d16_hard_t_le_eabi.a(libc2.o)
                0x0000000000006198                __RAL_ascii_mbtowc
 .text.libc.__RAL_ascii_towupper
                0x00000000000061bc        0xc C:/Program Files/SEGGER/SEGGER Embedded Studio for ARM 5.68/lib/libc_v7em_fpv4_sp_d16_hard_t_le_eabi.a(libc2.o)
 .text.libc.__RAL_ascii_towlower
                0x00000000000061c8        0xc C:/Program Files/SEGGER/SEGGER Embedded Studio for ARM 5.68/lib/libc_v7em_fpv4_sp_d16_hard_t_le_eabi.a(libc2.o)
 .text.libc.__RAL_ascii_iswctype
                0x00000000000061d4       0x1c C:/Program Files/SEGGER/SEGGER Embedded Studio for ARM 5.68/lib/libc_v7em_fpv4_sp_d16_hard_t_le_eabi.a(libc2.o)
 .text.libc.isprint
                0x00000000000061f0       0x10 C:/Program Files/SEGGER/SEGGER Embedded Studio for ARM 5.68/lib/libc_v7em_fpv4_sp_d16_hard_t_le_eabi.a(libc2.o)
                0x00000000000061f0                isprint
 .text.libc.strncmp
                0x0000000000006200       0x48 C:/Program Files/SEGGER/SEGGER Embedded Studio for ARM 5.68/lib/libc_v7em_fpv4_sp_d16_hard_t_le_eabi.a(libc2.o)
                0x0000000000006200                strncmp
 .text.libc.memcpy
                0x0000000000006248       0x52 C:/Program Files/SEGGER/SEGGER Embedded Studio for ARM 5.68/lib/libc_v7em_fpv4_sp_d16_hard_t_le_eabi.a(libc2_asm.o)
                0x0000000000006248                __aeabi_memcpy
                0x0000000000006248                memcpy
                0x0000000000006254                __aeabi_memcpy8
                0x0000000000006254                __aeabi_memcpy4
 .text.libc.memset
                0x000000000000629a       0x66 C:/Program Files/SEGGER/SEGGER Embedded Studio for ARM 5.68/lib/libc_v7em_fpv4_sp_d16_hard_t_le_eabi.a(libc2_asm.o)
                0x000000000000629a                memset
 .text.libc.strlen
                0x0000000000006300       0x60 C:/Program Files/SEGGER/SEGGER Embedded Studio for ARM 5.68/lib/libc_v7em_fpv4_sp_d16_hard_t_le_eabi.a(libc2_asm.o)
                0x0000000000006300                strlen
                0x0000000000006360                . = ALIGN (MAX ((__text_start__ + 0x4), .), 0x4)
                0x0000000000006360                __text_end__ = (__text_start__ + SIZEOF (.text))
                0x0000000000005f90                __text_size__ = SIZEOF (.text)
                0x0000000000006360                __text_load_end__ = __text_end__

.vfp11_veneer   0x0000000100000000        0x0
 .vfp11_veneer  0x0000000100000000        0x0 linker stubs

.v4_bx          0x0000000100000000        0x0
 .v4_bx         0x0000000100000000        0x0 linker stubs

.iplt           0x0000000100000000        0x0
 .iplt          0x0000000100000000        0x0 Output/Debug/Obj/spi_pca10056/thumb_crt0.o
                0x0000000000000001                . = ASSERT (((__text_start__ == __text_end__) || ((__text_end__ - __FLASH1_segment_start__) <= __FLASH1_segment_size__)), error: .text is too large to fit in FLASH1 memory segment)
                0x0000000000006360                __log_const_data_load_start__ = ALIGN (__text_end__, 0x4)

.log_const_data
                0x0000000000006360       0x78
                0x0000000000006360                __log_const_data_start__ = .
                0x0000000000006360                __start_log_const_data = __log_const_data_start__
 *(SORT_BY_NAME(.log_const_data*))
 .log_const_data_GPIOTE
                0x0000000000006360        0x8 Output/Debug/Obj/spi_pca10056/nrfx_gpiote.o
                0x0000000000006360                m_nrf_log_GPIOTE_logs_data_const
 .log_const_data_PRS
                0x0000000000006368        0x8 Output/Debug/Obj/spi_pca10056/nrfx_prs.o
                0x0000000000006368                m_nrf_log_PRS_logs_data_const
 .log_const_data_SPI
                0x0000000000006370        0x8 Output/Debug/Obj/spi_pca10056/nrfx_spi.o
                0x0000000000006370                m_nrf_log_SPI_logs_data_const
 .log_const_data_UART
                0x0000000000006378        0x8 Output/Debug/Obj/spi_pca10056/nrfx_uart.o
                0x0000000000006378                m_nrf_log_UART_logs_data_const
 .log_const_data_UARTE
                0x0000000000006380        0x8 Output/Debug/Obj/spi_pca10056/nrfx_uarte.o
                0x0000000000006380                m_nrf_log_UARTE_logs_data_const
 .log_const_data_app
                0x0000000000006388        0x8 Output/Debug/Obj/spi_pca10056/nrf_log_frontend.o
                0x0000000000006388                m_nrf_log_app_logs_data_const
 .log_const_data_app_button
                0x0000000000006390        0x8 Output/Debug/Obj/spi_pca10056/app_button.o
                0x0000000000006390                m_nrf_log_app_button_logs_data_const
 .log_const_data_app_timer
                0x0000000000006398        0x8 Output/Debug/Obj/spi_pca10056/app_timer2.o
                0x0000000000006398                m_nrf_log_app_timer_logs_data_const
 .log_const_data_app_timer_m_bsp_alert_tmr
                0x00000000000063a0        0x8 Output/Debug/Obj/spi_pca10056/bsp.o
                0x00000000000063a0                m_nrf_log_app_timer_m_bsp_alert_tmr_logs_data_const
 .log_const_data_app_timer_m_bsp_button_tmr
                0x00000000000063a8        0x8 Output/Debug/Obj/spi_pca10056/bsp.o
                0x00000000000063a8                m_nrf_log_app_timer_m_bsp_button_tmr_logs_data_const
 .log_const_data_app_timer_m_bsp_leds_tmr
                0x00000000000063b0        0x8 Output/Debug/Obj/spi_pca10056/bsp.o
                0x00000000000063b0                m_nrf_log_app_timer_m_bsp_leds_tmr_logs_data_const
 .log_const_data_app_timer_m_detection_delay_timer_id
                0x00000000000063b8        0x8 Output/Debug/Obj/spi_pca10056/app_button.o
                0x00000000000063b8                m_nrf_log_app_timer_m_detection_delay_timer_id_logs_data_const
 .log_const_data_atfifo_m_req_fifo
                0x00000000000063c0        0x8 Output/Debug/Obj/spi_pca10056/app_timer2.o
                0x00000000000063c0                m_nrf_log_atfifo_m_req_fifo_logs_data_const
 .log_const_data_balloc_log_mempool
                0x00000000000063c8        0x8 Output/Debug/Obj/spi_pca10056/nrf_log_frontend.o
                0x00000000000063c8                m_nrf_log_balloc_log_mempool_logs_data_const
 .log_const_data_sortlist
                0x00000000000063d0        0x8 Output/Debug/Obj/spi_pca10056/nrf_sortlist.o
                0x00000000000063d0                m_nrf_log_sortlist_logs_data_const
                0x00000000000063d8                __log_const_data_end__ = (__log_const_data_start__ + SIZEOF (.log_const_data))
                0x0000000000000078                __log_const_data_size__ = SIZEOF (.log_const_data)
                0x00000000000063d8                __stop_log_const_data = __log_const_data_end__
                0x00000000000063d8                __log_const_data_load_end__ = __log_const_data_end__
                0x0000000000000001                . = ASSERT (((__log_const_data_start__ == __log_const_data_end__) || ((__log_const_data_end__ - __FLASH1_segment_start__) <= __FLASH1_segment_size__)), error: .log_const_data is too large to fit in FLASH1 memory segment)
                0x00000000000063d8                __log_backends_load_start__ = ALIGN (__log_const_data_end__, 0x4)

.log_backends   0x00000000000063d8       0x10
                0x00000000000063d8                __log_backends_start__ = .
                0x00000000000063d8                __start_log_backends = __log_backends_start__
 *(SORT_BY_NAME(.log_backends*))
 .log_backends  0x00000000000063d8       0x10 Output/Debug/Obj/spi_pca10056/nrf_log_default_backends.o
                0x00000000000063e8                __log_backends_end__ = (__log_backends_start__ + SIZEOF (.log_backends))
                0x0000000000000010                __log_backends_size__ = SIZEOF (.log_backends)
                0x00000000000063e8                __stop_log_backends = __log_backends_end__
                0x00000000000063e8                __log_backends_load_end__ = __log_backends_end__
                0x0000000000000001                . = ASSERT (((__log_backends_start__ == __log_backends_end__) || ((__log_backends_end__ - __FLASH1_segment_start__) <= __FLASH1_segment_size__)), error: .log_backends is too large to fit in FLASH1 memory segment)
                0x00000000000063e8                __nrf_balloc_load_start__ = ALIGN (__log_backends_end__, 0x4)

.nrf_balloc     0x00000000000063e8       0x18
                0x00000000000063e8                __nrf_balloc_start__ = .
                0x00000000000063e8                __start_nrf_balloc = __nrf_balloc_start__
 *(.nrf_balloc*)
 .nrf_balloc    0x00000000000063e8       0x18 Output/Debug/Obj/spi_pca10056/nrf_log_frontend.o
                0x00000000000063e8                log_mempool
                0x0000000000006400                __nrf_balloc_end__ = (__nrf_balloc_start__ + SIZEOF (.nrf_balloc))
                0x0000000000000018                __nrf_balloc_size__ = SIZEOF (.nrf_balloc)
                0x0000000000006400                __stop_nrf_balloc = __nrf_balloc_end__
                0x0000000000006400                __nrf_balloc_load_end__ = __nrf_balloc_end__
                0x0000000000000001                . = ASSERT (((__nrf_balloc_start__ == __nrf_balloc_end__) || ((__nrf_balloc_end__ - __FLASH1_segment_start__) <= __FLASH1_segment_size__)), error: .nrf_balloc is too large to fit in FLASH1 memory segment)
                0x0000000000006400                __nrf_sections_load_start__ = ALIGN (__nrf_balloc_end__, 0x4)

.nrf_sections   0x0000000000006400        0x0
                0x0000000000006400                __nrf_sections_start__ = .
                0x0000000000006400                __start_nrf_sections = __nrf_sections_start__
 *(.nrf_sections .nrf_sections.*)
                0x0000000000006400                __nrf_sections_end__ = (__nrf_sections_start__ + SIZEOF (.nrf_sections))
                0x0000000000000000                __nrf_sections_size__ = SIZEOF (.nrf_sections)
                0x0000000000006400                __nrf_sections_load_end__ = __nrf_sections_end__
                0x0000000000000001                . = ASSERT (((__nrf_sections_start__ == __nrf_sections_end__) || ((__nrf_sections_end__ - __FLASH1_segment_start__) <= __FLASH1_segment_size__)), error: .nrf_sections is too large to fit in FLASH1 memory segment)
                0x0000000000006400                __log_dynamic_data_load_start__ = ALIGN (__nrf_sections_end__, 0x4)

.log_dynamic_data
                0x0000000020000000       0x3c load address 0x0000000000006400
                0x0000000020000000                __log_dynamic_data_start__ = .
 *(SORT_BY_NAME(.log_dynamic_data*))
 .log_dynamic_data_GPIOTE
                0x0000000020000000        0x4 Output/Debug/Obj/spi_pca10056/nrfx_gpiote.o
                0x0000000020000000                m_nrf_log_GPIOTE_logs_data_dynamic
 .log_dynamic_data_PRS
                0x0000000020000004        0x4 Output/Debug/Obj/spi_pca10056/nrfx_prs.o
                0x0000000020000004                m_nrf_log_PRS_logs_data_dynamic
 .log_dynamic_data_SPI
                0x0000000020000008        0x4 Output/Debug/Obj/spi_pca10056/nrfx_spi.o
                0x0000000020000008                m_nrf_log_SPI_logs_data_dynamic
 .log_dynamic_data_UART
                0x000000002000000c        0x4 Output/Debug/Obj/spi_pca10056/nrfx_uart.o
                0x000000002000000c                m_nrf_log_UART_logs_data_dynamic
 .log_dynamic_data_UARTE
                0x0000000020000010        0x4 Output/Debug/Obj/spi_pca10056/nrfx_uarte.o
                0x0000000020000010                m_nrf_log_UARTE_logs_data_dynamic
 .log_dynamic_data_app
                0x0000000020000014        0x4 Output/Debug/Obj/spi_pca10056/nrf_log_frontend.o
                0x0000000020000014                m_nrf_log_app_logs_data_dynamic
 .log_dynamic_data_app_button
                0x0000000020000018        0x4 Output/Debug/Obj/spi_pca10056/app_button.o
                0x0000000020000018                m_nrf_log_app_button_logs_data_dynamic
 .log_dynamic_data_app_timer
                0x000000002000001c        0x4 Output/Debug/Obj/spi_pca10056/app_timer2.o
                0x000000002000001c                m_nrf_log_app_timer_logs_data_dynamic
 .log_dynamic_data_app_timer_m_bsp_alert_tmr
                0x0000000020000020        0x4 Output/Debug/Obj/spi_pca10056/bsp.o
                0x0000000020000020                m_nrf_log_app_timer_m_bsp_alert_tmr_logs_data_dynamic
 .log_dynamic_data_app_timer_m_bsp_button_tmr
                0x0000000020000024        0x4 Output/Debug/Obj/spi_pca10056/bsp.o
                0x0000000020000024                m_nrf_log_app_timer_m_bsp_button_tmr_logs_data_dynamic
 .log_dynamic_data_app_timer_m_bsp_leds_tmr
                0x0000000020000028        0x4 Output/Debug/Obj/spi_pca10056/bsp.o
                0x0000000020000028                m_nrf_log_app_timer_m_bsp_leds_tmr_logs_data_dynamic
 .log_dynamic_data_app_timer_m_detection_delay_timer_id
                0x000000002000002c        0x4 Output/Debug/Obj/spi_pca10056/app_button.o
                0x000000002000002c                m_nrf_log_app_timer_m_detection_delay_timer_id_logs_data_dynamic
 .log_dynamic_data_atfifo_m_req_fifo
                0x0000000020000030        0x4 Output/Debug/Obj/spi_pca10056/app_timer2.o
                0x0000000020000030                m_nrf_log_atfifo_m_req_fifo_logs_data_dynamic
 .log_dynamic_data_balloc_log_mempool
                0x0000000020000034        0x4 Output/Debug/Obj/spi_pca10056/nrf_log_frontend.o
                0x0000000020000034                m_nrf_log_balloc_log_mempool_logs_data_dynamic
 .log_dynamic_data_sortlist
                0x0000000020000038        0x4 Output/Debug/Obj/spi_pca10056/nrf_sortlist.o
                0x0000000020000038                m_nrf_log_sortlist_logs_data_dynamic
                0x000000002000003c                __log_dynamic_data_end__ = (__log_dynamic_data_start__ + SIZEOF (.log_dynamic_data))
                0x000000000000003c                __log_dynamic_data_size__ = SIZEOF (.log_dynamic_data)
                0x000000000000643c                __log_dynamic_data_load_end__ = (__log_dynamic_data_load_start__ + SIZEOF (.log_dynamic_data))
                0x0000000000000001                . = ASSERT (((__log_dynamic_data_load_start__ == __log_dynamic_data_load_end__) || ((__log_dynamic_data_load_end__ - __FLASH1_segment_start__) <= __FLASH1_segment_size__)), error: .log_dynamic_data is too large to fit in FLASH1 memory segment)

.log_dynamic_data_run
                0x0000000020000000        0x0
                0x0000000020000000                __log_dynamic_data_run_start__ = .
                0x0000000020000000                __start_log_dynamic_data = __log_dynamic_data_run_start__
                0x000000002000003c                __log_dynamic_data_run_end__ = (__log_dynamic_data_run_start__ + SIZEOF (.log_dynamic_data))
                0x000000000000003c                __log_dynamic_data_run_size__ = (__log_dynamic_data_run_end__ - __log_dynamic_data_run_start__)
                0x000000002000003c                __stop_log_dynamic_data = __log_dynamic_data_run_end__
                0x000000002000003c                __log_dynamic_data_run_load_end__ = __log_dynamic_data_run_end__
                0x0000000000000001                . = ASSERT (((__log_dynamic_data_run_start__ == __log_dynamic_data_run_end__) || ((__log_dynamic_data_run_end__ - __RAM1_segment_start__) <= __RAM1_segment_size__)), error: .log_dynamic_data_run is too large to fit in RAM1 memory segment)
                0x000000000000643c                __log_filter_data_load_start__ = ALIGN ((__log_dynamic_data_load_start__ + SIZEOF (.log_dynamic_data)), 0x4)

.log_filter_data
                0x000000002000003c       0x3c load address 0x000000000000643c
                0x000000002000003c                __log_filter_data_start__ = .
 *(SORT_BY_NAME(.log_filter_data*))
 .log_filter_data_GPIOTE
                0x000000002000003c        0x4 Output/Debug/Obj/spi_pca10056/nrfx_gpiote.o
                0x000000002000003c                m_nrf_log_GPIOTE_logs_data_filter
 .log_filter_data_PRS
                0x0000000020000040        0x4 Output/Debug/Obj/spi_pca10056/nrfx_prs.o
                0x0000000020000040                m_nrf_log_PRS_logs_data_filter
 .log_filter_data_SPI
                0x0000000020000044        0x4 Output/Debug/Obj/spi_pca10056/nrfx_spi.o
                0x0000000020000044                m_nrf_log_SPI_logs_data_filter
 .log_filter_data_UART
                0x0000000020000048        0x4 Output/Debug/Obj/spi_pca10056/nrfx_uart.o
                0x0000000020000048                m_nrf_log_UART_logs_data_filter
 .log_filter_data_UARTE
                0x000000002000004c        0x4 Output/Debug/Obj/spi_pca10056/nrfx_uarte.o
                0x000000002000004c                m_nrf_log_UARTE_logs_data_filter
 .log_filter_data_app
                0x0000000020000050        0x4 Output/Debug/Obj/spi_pca10056/nrf_log_frontend.o
                0x0000000020000050                m_nrf_log_app_logs_data_filter
 .log_filter_data_app_button
                0x0000000020000054        0x4 Output/Debug/Obj/spi_pca10056/app_button.o
                0x0000000020000054                m_nrf_log_app_button_logs_data_filter
 .log_filter_data_app_timer
                0x0000000020000058        0x4 Output/Debug/Obj/spi_pca10056/app_timer2.o
                0x0000000020000058                m_nrf_log_app_timer_logs_data_filter
 .log_filter_data_app_timer_m_bsp_alert_tmr
                0x000000002000005c        0x4 Output/Debug/Obj/spi_pca10056/bsp.o
                0x000000002000005c                m_nrf_log_app_timer_m_bsp_alert_tmr_logs_data_filter
 .log_filter_data_app_timer_m_bsp_button_tmr
                0x0000000020000060        0x4 Output/Debug/Obj/spi_pca10056/bsp.o
                0x0000000020000060                m_nrf_log_app_timer_m_bsp_button_tmr_logs_data_filter
 .log_filter_data_app_timer_m_bsp_leds_tmr
                0x0000000020000064        0x4 Output/Debug/Obj/spi_pca10056/bsp.o
                0x0000000020000064                m_nrf_log_app_timer_m_bsp_leds_tmr_logs_data_filter
 .log_filter_data_app_timer_m_detection_delay_timer_id
                0x0000000020000068        0x4 Output/Debug/Obj/spi_pca10056/app_button.o
                0x0000000020000068                m_nrf_log_app_timer_m_detection_delay_timer_id_logs_data_filter
 .log_filter_data_atfifo_m_req_fifo
                0x000000002000006c        0x4 Output/Debug/Obj/spi_pca10056/app_timer2.o
                0x000000002000006c                m_nrf_log_atfifo_m_req_fifo_logs_data_filter
 .log_filter_data_balloc_log_mempool
                0x0000000020000070        0x4 Output/Debug/Obj/spi_pca10056/nrf_log_frontend.o
                0x0000000020000070                m_nrf_log_balloc_log_mempool_logs_data_filter
 .log_filter_data_sortlist
                0x0000000020000074        0x4 Output/Debug/Obj/spi_pca10056/nrf_sortlist.o
                0x0000000020000074                m_nrf_log_sortlist_logs_data_filter
                0x0000000020000078                __log_filter_data_end__ = (__log_filter_data_start__ + SIZEOF (.log_filter_data))
                0x000000000000003c                __log_filter_data_size__ = SIZEOF (.log_filter_data)
                0x0000000000006478                __log_filter_data_load_end__ = (__log_filter_data_load_start__ + SIZEOF (.log_filter_data))
                0x0000000000000001                . = ASSERT (((__log_filter_data_load_start__ == __log_filter_data_load_end__) || ((__log_filter_data_load_end__ - __FLASH1_segment_start__) <= __FLASH1_segment_size__)), error: .log_filter_data is too large to fit in FLASH1 memory segment)

.log_filter_data_run
                0x000000002000003c        0x0
                0x000000002000003c                __log_filter_data_run_start__ = .
                0x000000002000003c                __start_log_filter_data = __log_filter_data_run_start__
                0x0000000020000078                __log_filter_data_run_end__ = (__log_filter_data_run_start__ + SIZEOF (.log_filter_data))
                0x000000000000003c                __log_filter_data_run_size__ = (__log_filter_data_run_end__ - __log_filter_data_run_start__)
                0x0000000020000078                __stop_log_filter_data = __log_filter_data_run_end__
                0x0000000020000078                __log_filter_data_run_load_end__ = __log_filter_data_run_end__
                0x0000000000000001                . = ASSERT (((__log_filter_data_run_start__ == __log_filter_data_run_end__) || ((__log_filter_data_run_end__ - __RAM1_segment_start__) <= __RAM1_segment_size__)), error: .log_filter_data_run is too large to fit in RAM1 memory segment)
                0x0000000020000078                __nrf_sections_run_end_load_start__ = ALIGN (__log_filter_data_run_end__, 0x4)

.nrf_sections_run_end
                0x0000000020000078        0x0
                0x0000000020000078                __nrf_sections_run_end_start__ = .
                0x0000000020000078                __end_nrf_sections_run = __nrf_sections_run_end_start__
 *(.nrf_sections_run_end .nrf_sections_run_end.*)
                0x0000000020000078                __nrf_sections_run_end_end__ = (__nrf_sections_run_end_start__ + SIZEOF (.nrf_sections_run_end))
                0x0000000000000000                __nrf_sections_run_end_size__ = SIZEOF (.nrf_sections_run_end)
                0x0000000020000078                __nrf_sections_run_end_load_end__ = __nrf_sections_run_end_end__
                0x0000000000000001                . = ASSERT (((__nrf_sections_run_end_start__ == __nrf_sections_run_end_end__) || ((__nrf_sections_run_end_end__ - __RAM1_segment_start__) <= __RAM1_segment_size__)), error: .nrf_sections_run_end is too large to fit in RAM1 memory segment)
                0x0000000000006478                __dtors_load_start__ = ALIGN ((__log_filter_data_load_start__ + SIZEOF (.log_filter_data)), 0x4)

.dtors          0x0000000000006478        0x0
                0x0000000000006478                __dtors_start__ = .
 *(SORT_BY_NAME(.dtors.*))
 *(.dtors)
 *(.fini_array)
 *(SORT_BY_NAME(.fini_array.*))
                0x0000000000006478                __dtors_end__ = (__dtors_start__ + SIZEOF (.dtors))
                0x0000000000000000                __dtors_size__ = SIZEOF (.dtors)
                0x0000000000006478                __dtors_load_end__ = __dtors_end__
                0x0000000000000001                . = ASSERT (((__dtors_start__ == __dtors_end__) || ((__dtors_end__ - __FLASH1_segment_start__) <= __FLASH1_segment_size__)), error: .dtors is too large to fit in FLASH1 memory segment)
                0x0000000000006478                __ctors_load_start__ = ALIGN (__dtors_end__, 0x4)

.ctors          0x0000000000006478        0x0
                0x0000000000006478                __ctors_start__ = .
 *(SORT_BY_NAME(.ctors.*))
 *(.ctors)
 *(.init_array)
 *(SORT_BY_NAME(.init_array.*))
                0x0000000000006478                __ctors_end__ = (__ctors_start__ + SIZEOF (.ctors))
                0x0000000000000000                __ctors_size__ = SIZEOF (.ctors)
                0x0000000000006478                __ctors_load_end__ = __ctors_end__
                0x0000000000000001                . = ASSERT (((__ctors_start__ == __ctors_end__) || ((__ctors_end__ - __FLASH1_segment_start__) <= __FLASH1_segment_size__)), error: .ctors is too large to fit in FLASH1 memory segment)
                0x0000000000006478                __rodata_load_start__ = ALIGN (__ctors_end__, 0x4)

.rodata         0x0000000000006478     0x1370
                0x0000000000006478                __rodata_start__ = .
 *(.rodata .rodata.* .gnu.linkonce.r.*)
 .rodata.nrf_log_backend_rtt_api
                0x0000000000006478        0xc Output/Debug/Obj/spi_pca10056/nrf_log_backend_rtt.o
                0x0000000000006478                nrf_log_backend_rtt_api
 *fill*         0x0000000000006484        0xc 
 .rodata.delay_machine_code.0
                0x0000000000006490        0x6 Output/Debug/Obj/spi_pca10056/nrf_log_backend_rtt.o
 *fill*         0x0000000000006496        0x2 
 .rodata        0x0000000000006498       0x6b Output/Debug/Obj/spi_pca10056/nrf_log_default_backends.o
 *fill*         0x0000000000006503        0x1 
 .rodata        0x0000000000006504       0x7d Output/Debug/Obj/spi_pca10056/nrf_log_frontend.o
 *fill*         0x0000000000006581        0x3 
 .rodata.m_log_push_ringbuf
                0x0000000000006584        0xc Output/Debug/Obj/spi_pca10056/nrf_log_frontend.o
 .rodata        0x0000000000006590       0xaa Output/Debug/Obj/spi_pca10056/nrf_log_str_formatter.o
 *fill*         0x000000000000663a        0x2 
 .rodata        0x000000000000663c       0x6e Output/Debug/Obj/spi_pca10056/boards.o
 *fill*         0x00000000000066aa        0x2 
 .rodata.m_board_led_list
                0x00000000000066ac        0x4 Output/Debug/Obj/spi_pca10056/boards.o
 .rodata        0x00000000000066b0       0x80 Output/Debug/Obj/spi_pca10056/app_button.o
 .rodata        0x0000000000006730       0x70 Output/Debug/Obj/spi_pca10056/app_error_weak.o
 .rodata        0x00000000000067a0       0x70 Output/Debug/Obj/spi_pca10056/app_timer2.o
 .rodata        0x0000000000006810       0x51 Output/Debug/Obj/spi_pca10056/app_util_platform.o
 *fill*         0x0000000000006861        0x3 
 .rodata        0x0000000000006864       0x4c Output/Debug/Obj/spi_pca10056/nrf_balloc.o
 .rodata        0x00000000000068b0       0x42 Output/Debug/Obj/spi_pca10056/nrf_fprintf.o
 *fill*         0x00000000000068f2        0x2 
 .rodata        0x00000000000068f4       0x49 Output/Debug/Obj/spi_pca10056/nrf_fprintf_format.o
 *fill*         0x000000000000693d        0x3 
 .rodata._aV2C.0
                0x0000000000006940       0x10 Output/Debug/Obj/spi_pca10056/nrf_fprintf_format.o
 .rodata        0x0000000000006950       0x4c Output/Debug/Obj/spi_pca10056/nrf_memobj.o
 .rodata        0x000000000000699c       0x5c Output/Debug/Obj/spi_pca10056/nrf_sortlist.o
 .rodata.m_unknown_str
                0x00000000000069f8       0x13 Output/Debug/Obj/spi_pca10056/nrf_strerror.o
 *fill*         0x0000000000006a0b        0x1 
 .rodata        0x0000000000006a0c      0x3bd Output/Debug/Obj/spi_pca10056/nrf_strerror.o
 *fill*         0x0000000000006dc9        0x3 
 .rodata.nrf_strerror_array
                0x0000000000006dcc      0x118 Output/Debug/Obj/spi_pca10056/nrf_strerror.o
 .rodata        0x0000000000006ee4       0xba Output/Debug/Obj/spi_pca10056/nrfx_gpiote.o
 *fill*         0x0000000000006f9e        0x2 
 .rodata        0x0000000000006fa0       0x4f Output/Debug/Obj/spi_pca10056/nrfx_prs.o
 *fill*         0x0000000000006fef        0x1 
 .rodata        0x0000000000006ff0       0xab Output/Debug/Obj/spi_pca10056/nrfx_spi.o
 *fill*         0x000000000000709b        0x1 
 .rodata.irq_handlers.0
                0x000000000000709c        0x8 Output/Debug/Obj/spi_pca10056/nrfx_spi.o
 .rodata        0x00000000000070a4       0xb0 Output/Debug/Obj/spi_pca10056/nrfx_uart.o
 .rodata        0x0000000000007154       0xb1 Output/Debug/Obj/spi_pca10056/nrfx_uarte.o
 *fill*         0x0000000000007205        0x3 
 .rodata        0x0000000000007208       0x83 Output/Debug/Obj/spi_pca10056/bsp.o
 *fill*         0x000000000000728b        0x1 
 .rodata        0x000000000000728c      0x1f7 Output/Debug/Obj/spi_pca10056/main.o
 *fill*         0x0000000000007483        0x1 
 .rodata.spi    0x0000000000007484       0x10 Output/Debug/Obj/spi_pca10056/main.o
 *fill*         0x0000000000007494        0xc 
 .rodata.delay_machine_code.0
                0x00000000000074a0        0x6 Output/Debug/Obj/spi_pca10056/main.o
 *fill*         0x00000000000074a6        0x2 
 .rodata        0x00000000000074a8       0x17 Output/Debug/Obj/spi_pca10056/SEGGER_RTT.o
 *fill*         0x00000000000074bf        0x1 
 .rodata        0x00000000000074c0       0xcf Output/Debug/Obj/spi_pca10056/mcp_can.o
 *fill*         0x000000000000758f        0x1 
 .rodata.can_spi
                0x0000000000007590       0x10 Output/Debug/Obj/spi_pca10056/mcp_can.o
 .rodata.delay_machine_code.0
                0x00000000000075a0        0x6 Output/Debug/Obj/spi_pca10056/mcp_can.o
 *fill*         0x00000000000075a6        0x2 
 .rodata.libc.__RAL_find_locale.str1.4
                0x00000000000075a8        0xa C:/Program Files/SEGGER/SEGGER Embedded Studio for ARM 5.68/lib/libc_v7em_fpv4_sp_d16_hard_t_le_eabi.a(libc2.o)
 *fill*         0x00000000000075b2        0x2 
 .rodata.libc.__RAL_ascii_ctype_map
                0x00000000000075b4       0x80 C:/Program Files/SEGGER/SEGGER Embedded Studio for ARM 5.68/lib/libc_v7em_fpv4_sp_d16_hard_t_le_eabi.a(libc2.o)
                0x00000000000075b4                __RAL_ascii_ctype_map
 .rodata.libc.__RAL_ascii_ctype_mask
                0x0000000000007634        0xd C:/Program Files/SEGGER/SEGGER Embedded Studio for ARM 5.68/lib/libc_v7em_fpv4_sp_d16_hard_t_le_eabi.a(libc2.o)
 *fill*         0x0000000000007641        0x3 
 .rodata.libc.__RAL_c_locale
                0x0000000000007644        0xc C:/Program Files/SEGGER/SEGGER Embedded Studio for ARM 5.68/lib/libc_v7em_fpv4_sp_d16_hard_t_le_eabi.a(libc2.o)
                0x0000000000007644                __RAL_c_locale
 .rodata.libc.__RAL_c_locale_abbrev_day_names
                0x0000000000007650       0x1d C:/Program Files/SEGGER/SEGGER Embedded Studio for ARM 5.68/lib/libc_v7em_fpv4_sp_d16_hard_t_le_eabi.a(libc2.o)
                0x0000000000007650                __RAL_c_locale_abbrev_day_names
 *fill*         0x000000000000766d        0x3 
 .rodata.libc.__RAL_c_locale_abbrev_month_names
                0x0000000000007670       0x31 C:/Program Files/SEGGER/SEGGER Embedded Studio for ARM 5.68/lib/libc_v7em_fpv4_sp_d16_hard_t_le_eabi.a(libc2.o)
                0x0000000000007670                __RAL_c_locale_abbrev_month_names
 *fill*         0x00000000000076a1        0x3 
 .rodata.libc.__RAL_c_locale_am_pm_indicator
                0x00000000000076a4        0x7 C:/Program Files/SEGGER/SEGGER Embedded Studio for ARM 5.68/lib/libc_v7em_fpv4_sp_d16_hard_t_le_eabi.a(libc2.o)
                0x00000000000076a4                __RAL_c_locale_am_pm_indicator
 *fill*         0x00000000000076ab        0x1 
 .rodata.libc.__RAL_c_locale_data
                0x00000000000076ac       0x58 C:/Program Files/SEGGER/SEGGER Embedded Studio for ARM 5.68/lib/libc_v7em_fpv4_sp_d16_hard_t_le_eabi.a(libc2.o)
                0x00000000000076ac                __RAL_c_locale_data
 .rodata.libc.__RAL_c_locale_date_format
                0x0000000000007704        0x9 C:/Program Files/SEGGER/SEGGER Embedded Studio for ARM 5.68/lib/libc_v7em_fpv4_sp_d16_hard_t_le_eabi.a(libc2.o)
                0x0000000000007704                __RAL_c_locale_date_format
 *fill*         0x000000000000770d        0x3 
 .rodata.libc.__RAL_c_locale_date_time_format
                0x0000000000007710        0xf C:/Program Files/SEGGER/SEGGER Embedded Studio for ARM 5.68/lib/libc_v7em_fpv4_sp_d16_hard_t_le_eabi.a(libc2.o)
                0x0000000000007710                __RAL_c_locale_date_time_format
 *fill*         0x000000000000771f        0x1 
 .rodata.libc.__RAL_c_locale_day_names
                0x0000000000007720       0x3a C:/Program Files/SEGGER/SEGGER Embedded Studio for ARM 5.68/lib/libc_v7em_fpv4_sp_d16_hard_t_le_eabi.a(libc2.o)
                0x0000000000007720                __RAL_c_locale_day_names
 *fill*         0x000000000000775a        0x2 
 .rodata.libc.__RAL_c_locale_month_names
                0x000000000000775c       0x57 C:/Program Files/SEGGER/SEGGER Embedded Studio for ARM 5.68/lib/libc_v7em_fpv4_sp_d16_hard_t_le_eabi.a(libc2.o)
                0x000000000000775c                __RAL_c_locale_month_names
 *fill*         0x00000000000077b3        0x1 
 .rodata.libc.__RAL_c_locale_time_format
                0x00000000000077b4        0x9 C:/Program Files/SEGGER/SEGGER Embedded Studio for ARM 5.68/lib/libc_v7em_fpv4_sp_d16_hard_t_le_eabi.a(libc2.o)
                0x00000000000077b4                __RAL_c_locale_time_format
 *fill*         0x00000000000077bd        0x3 
 .rodata.libc.__RAL_codeset_ascii
                0x00000000000077c0       0x20 C:/Program Files/SEGGER/SEGGER Embedded Studio for ARM 5.68/lib/libc_v7em_fpv4_sp_d16_hard_t_le_eabi.a(libc2.o)
                0x00000000000077c0                __RAL_codeset_ascii
 .rodata.libc.__RAL_data_empty_string
                0x00000000000077e0        0x1 C:/Program Files/SEGGER/SEGGER Embedded Studio for ARM 5.68/lib/libc_v7em_fpv4_sp_d16_hard_t_le_eabi.a(libc2.o)
                0x00000000000077e0                __RAL_data_empty_string
 *fill*         0x00000000000077e1        0x3 
 .rodata.libc.__RAL_data_utf8_period
                0x00000000000077e4        0x2 C:/Program Files/SEGGER/SEGGER Embedded Studio for ARM 5.68/lib/libc_v7em_fpv4_sp_d16_hard_t_le_eabi.a(libc2.o)
                0x00000000000077e4                __RAL_data_utf8_period
                0x00000000000077e8                . = ALIGN (MAX ((__rodata_start__ + 0x4), .), 0x4)
 *fill*         0x00000000000077e6        0x2 
                0x00000000000077e8                __rodata_end__ = (__rodata_start__ + SIZEOF (.rodata))
                0x0000000000001370                __rodata_size__ = SIZEOF (.rodata)
                0x00000000000077e8                __rodata_load_end__ = __rodata_end__

.rel.dyn        0x00000000000077e8        0x0
 .rel.iplt      0x00000000000077e8        0x0 Output/Debug/Obj/spi_pca10056/thumb_crt0.o
                0x0000000000000001                . = ASSERT (((__rodata_start__ == __rodata_end__) || ((__rodata_end__ - __FLASH1_segment_start__) <= __FLASH1_segment_size__)), error: .rodata is too large to fit in FLASH1 memory segment)
                0x00000000000077e8                __ARM.exidx_load_start__ = ALIGN (__rodata_end__, 0x4)

.ARM.exidx      0x00000000000077e8        0x0
                0x00000000000077e8                __ARM.exidx_start__ = .
                0x00000000000077e8                __exidx_start = __ARM.exidx_start__
 *(.ARM.exidx .ARM.exidx.*)
                0x00000000000077e8                __ARM.exidx_end__ = (__ARM.exidx_start__ + SIZEOF (.ARM.exidx))
                0x0000000000000000                __ARM.exidx_size__ = SIZEOF (.ARM.exidx)
                0x00000000000077e8                __exidx_end = __ARM.exidx_end__
                0x00000000000077e8                __ARM.exidx_load_end__ = __ARM.exidx_end__
                0x0000000000000001                . = ASSERT (((__ARM.exidx_start__ == __ARM.exidx_end__) || ((__ARM.exidx_end__ - __FLASH1_segment_start__) <= __FLASH1_segment_size__)), error: .ARM.exidx is too large to fit in FLASH1 memory segment)
                0x00000000000077e8                __fast_load_start__ = ALIGN (__ARM.exidx_end__, 0x4)

.fast           0x0000000020000078        0x0 load address 0x00000000000077e8
                0x0000000020000078                __fast_start__ = .
 *(.fast .fast.*)
                0x0000000020000078                __fast_end__ = (__fast_start__ + SIZEOF (.fast))
                0x0000000000000000                __fast_size__ = SIZEOF (.fast)
                0x00000000000077e8                __fast_load_end__ = (__fast_load_start__ + SIZEOF (.fast))
                0x0000000000000001                . = ASSERT (((__fast_load_start__ == __fast_load_end__) || ((__fast_load_end__ - __FLASH1_segment_start__) <= __FLASH1_segment_size__)), error: .fast is too large to fit in FLASH1 memory segment)

.fast_run       0x0000000020000078        0x0
                0x0000000020000078                __fast_run_start__ = .
                0x0000000020000078                __fast_run_end__ = (__fast_run_start__ + SIZEOF (.fast))
                0x0000000000000000                __fast_run_size__ = (__fast_run_end__ - __fast_run_start__)
                0x0000000020000078                __fast_run_load_end__ = __fast_run_end__
                0x0000000000000001                . = ASSERT (((__fast_run_start__ == __fast_run_end__) || ((__fast_run_end__ - __RAM1_segment_start__) <= __RAM1_segment_size__)), error: .fast_run is too large to fit in RAM1 memory segment)
                0x00000000000077e8                __data_load_start__ = ALIGN ((__fast_load_start__ + SIZEOF (.fast)), 0x4)

.data           0x0000000020000078       0x68 load address 0x00000000000077e8
                0x0000000020000078                __data_start__ = .
 *(.data .data.* .gnu.linkonce.d.*)
 .data.log_backend_cb_rtt_log_backend
                0x0000000020000078        0x8 Output/Debug/Obj/spi_pca10056/nrf_log_default_backends.o
 .data.m_buffer_mask
                0x0000000020000080        0x4 Output/Debug/Obj/spi_pca10056/nrf_log_frontend.o
 .data.severity_names
                0x0000000020000084       0x14 Output/Debug/Obj/spi_pca10056/nrf_log_str_formatter.o
 .data.m_colors
                0x0000000020000098       0x24 Output/Debug/Obj/spi_pca10056/nrf_log_str_formatter.o
 .data.m_tx_buf
                0x00000000200000bc        0x7 Output/Debug/Obj/spi_pca10056/main.o
 *fill*         0x00000000200000c3        0x1 
 .data.SystemCoreClock
                0x00000000200000c4        0x4 Output/Debug/Obj/spi_pca10056/system_nrf52840.o
                0x00000000200000c4                SystemCoreClock
 .data.spi_xfer_done
                0x00000000200000c8        0x1 Output/Debug/Obj/spi_pca10056/mcp_can.o
 *fill*         0x00000000200000c9        0x3 
 .data.libc.__RAL_global_locale
                0x00000000200000cc       0x14 C:/Program Files/SEGGER/SEGGER Embedded Studio for ARM 5.68/lib/libc_v7em_fpv4_sp_d16_hard_t_le_eabi.a(libc2.o)
                0x00000000200000cc                __RAL_global_locale
                0x00000000200000e0                __data_end__ = (__data_start__ + SIZEOF (.data))
                0x0000000000000068                __data_size__ = SIZEOF (.data)
                0x0000000000007850                __data_load_end__ = (__data_load_start__ + SIZEOF (.data))

.igot.plt       0x0000000100000000        0x0
 .igot.plt      0x0000000100000000        0x0 Output/Debug/Obj/spi_pca10056/thumb_crt0.o
                0x0000000000000001                . = ASSERT (((__data_load_start__ == __data_load_end__) || ((__data_load_end__ - __FLASH1_segment_start__) <= __FLASH1_segment_size__)), error: .data is too large to fit in FLASH1 memory segment)

.data_run       0x0000000020000078        0x0
                0x0000000020000078                __data_run_start__ = .
                0x00000000200000e0                __data_run_end__ = (__data_run_start__ + SIZEOF (.data))
                0x0000000000000068                __data_run_size__ = (__data_run_end__ - __data_run_start__)
                0x00000000200000e0                __data_run_load_end__ = __data_run_end__
                0x0000000000000001                . = ASSERT (((__data_run_start__ == __data_run_end__) || ((__data_run_end__ - __RAM1_segment_start__) <= __RAM1_segment_size__)), error: .data_run is too large to fit in RAM1 memory segment)
                0x0000000000007850                __tdata_load_start__ = ALIGN ((__data_load_start__ + SIZEOF (.data)), 0x4)

.tdata          0x00000000200000e0        0x0 load address 0x0000000000007850
                0x00000000200000e0                __tdata_start__ = .
 *(.tdata .tdata.*)
                0x00000000200000e0                __tdata_end__ = (__tdata_start__ + SIZEOF (.tdata))
                0x0000000000000000                __tdata_size__ = SIZEOF (.tdata)
                0x0000000000007850                __tdata_load_end__ = (__tdata_load_start__ + SIZEOF (.tdata))
                0x0000000000007850                __FLASH1_segment_used_end__ = (ALIGN ((__data_load_start__ + SIZEOF (.data)), 0x4) + SIZEOF (.tdata))
                0x0000000000007850                __FLASH1_segment_used_size__ = (__FLASH1_segment_used_end__ - __FLASH1_segment_start__)
                0x0000000000000001                . = ASSERT (((__tdata_load_start__ == __tdata_load_end__) || ((__tdata_load_end__ - __FLASH1_segment_start__) <= __FLASH1_segment_size__)), error: .tdata is too large to fit in FLASH1 memory segment)

.tdata_run      0x00000000200000e0        0x0
                0x00000000200000e0                __tdata_run_start__ = .
                0x00000000200000e0                __tdata_run_end__ = (__tdata_run_start__ + SIZEOF (.tdata))
                0x0000000000000000                __tdata_run_size__ = (__tdata_run_end__ - __tdata_run_start__)
                0x00000000200000e0                __tdata_run_load_end__ = __tdata_run_end__
                0x0000000000000001                . = ASSERT (((__tdata_run_start__ == __tdata_run_end__) || ((__tdata_run_end__ - __RAM1_segment_start__) <= __RAM1_segment_size__)), error: .tdata_run is too large to fit in RAM1 memory segment)
                0x00000000200000e0                __bss_load_start__ = ALIGN (__tdata_run_end__, 0x4)

.bss            0x00000000200000e0      0xa5c
                0x00000000200000e0                __bss_start__ = .
 *(.bss .bss.* .gnu.linkonce.b.*)
 .bss.m_host_present
                0x00000000200000e0        0x1 Output/Debug/Obj/spi_pca10056/nrf_log_backend_rtt.o
 *fill*         0x00000000200000e1        0x3 
 .bss.m_string_buff
                0x00000000200000e4      0x100 Output/Debug/Obj/spi_pca10056/nrf_log_backend_rtt.o
 .bss.log_mempool_nrf_balloc_pool_stack
                0x00000000200001e4        0x8 Output/Debug/Obj/spi_pca10056/nrf_log_frontend.o
 .bss.log_mempool_nrf_balloc_pool_mem
                0x00000000200001ec       0xc0 Output/Debug/Obj/spi_pca10056/nrf_log_frontend.o
 .bss.log_mempool_nrf_balloc_cb
                0x00000000200002ac        0x8 Output/Debug/Obj/spi_pca10056/nrf_log_frontend.o
 .bss.m_log_push_ringbuf_buf
                0x00000000200002b4       0x80 Output/Debug/Obj/spi_pca10056/nrf_log_frontend.o
 .bss.m_log_push_ringbuf_cb
                0x0000000020000334       0x18 Output/Debug/Obj/spi_pca10056/nrf_log_frontend.o
 .bss.m_log_data
                0x000000002000034c      0x420 Output/Debug/Obj/spi_pca10056/nrf_log_frontend.o
 .bss.m_error_data.0
                0x000000002000076c       0x20 Output/Debug/Obj/spi_pca10056/app_error.o
 .bss.m_in_critical_region
                0x000000002000078c        0x4 Output/Debug/Obj/spi_pca10056/app_util_platform.o
 .bss.m_handlers
                0x0000000020000790        0x4 Output/Debug/Obj/spi_pca10056/drv_rtc.o
 .bss.m_cb      0x0000000020000794        0x8 Output/Debug/Obj/spi_pca10056/drv_rtc.o
 .bss.m_handlers
                0x000000002000079c       0x10 Output/Debug/Obj/spi_pca10056/nrf_drv_spi.o
 .bss.m_contexts
                0x00000000200007ac       0x10 Output/Debug/Obj/spi_pca10056/nrf_drv_spi.o
 .bss.m_cb      0x00000000200007bc       0x78 Output/Debug/Obj/spi_pca10056/nrfx_gpiote.o
 .bss.m_prs_box_4
                0x0000000020000834        0x8 Output/Debug/Obj/spi_pca10056/nrfx_prs.o
 .bss.m_cb      0x000000002000083c       0x58 Output/Debug/Obj/spi_pca10056/nrfx_spi.o
 .bss.spi_xfer_done
                0x0000000020000894        0x1 Output/Debug/Obj/spi_pca10056/main.o
 *fill*         0x0000000020000895        0x3 
 .bss.m_rx_buf  0x0000000020000898        0x8 Output/Debug/Obj/spi_pca10056/main.o
 .bss._SEGGER_RTT
                0x00000000200008a0       0x78 Output/Debug/Obj/spi_pca10056/SEGGER_RTT.o
                0x00000000200008a0                _SEGGER_RTT
 .bss._acUpBuffer
                0x0000000020000918      0x200 Output/Debug/Obj/spi_pca10056/SEGGER_RTT.o
 .bss._acDownBuffer
                0x0000000020000b18       0x10 Output/Debug/Obj/spi_pca10056/SEGGER_RTT.o
 .bss.m_mcp_can
                0x0000000020000b28       0x14 Output/Debug/Obj/spi_pca10056/mcp_can.o
                0x0000000020000b28                m_mcp_can
 *(COMMON)
                0x0000000020000b3c                __bss_end__ = (__bss_start__ + SIZEOF (.bss))
                0x0000000000000a5c                __bss_size__ = SIZEOF (.bss)
                0x0000000020000b3c                __bss_load_end__ = __bss_end__
                0x0000000000000001                . = ASSERT (((__bss_start__ == __bss_end__) || ((__bss_end__ - __RAM1_segment_start__) <= __RAM1_segment_size__)), error: .bss is too large to fit in RAM1 memory segment)
                0x0000000020000b3c                __tbss_load_start__ = ALIGN (__bss_end__, 0x4)

.tbss           0x0000000020000b3c        0x0
                0x0000000020000b3c                __tbss_start__ = .
 *(.tbss .tbss.*)
                0x0000000020000b3c                __tbss_end__ = (__tbss_start__ + SIZEOF (.tbss))
                0x0000000000000000                __tbss_size__ = SIZEOF (.tbss)
                0x0000000020000b3c                __tbss_load_end__ = __tbss_end__
                0x0000000000000001                . = ASSERT (((__tbss_start__ == __tbss_end__) || ((__tbss_end__ - __RAM1_segment_start__) <= __RAM1_segment_size__)), error: .tbss is too large to fit in RAM1 memory segment)
                0x0000000020000b3c                __non_init_load_start__ = ALIGN (__tbss_end__, 0x4)

.non_init       0x0000000020000b3c        0x0
                0x0000000020000b3c                __non_init_start__ = .
 *(.non_init .non_init.*)
                0x0000000020000b3c                __non_init_end__ = (__non_init_start__ + SIZEOF (.non_init))