Archive member included to satisfy reference by file (symbol)

C:/Program Files/SEGGER/SEGGER Embedded Studio for ARM 5.68/lib/libc_v7em_fpv4_sp_d16_hard_t_le_eabi.a(libc_asm.o)
                              Output/Release/Obj/spi_pca10056/bsp.o (__aeabi_uldivmod)
C:/Program Files/SEGGER/SEGGER Embedded Studio for ARM 5.68/lib/libc_v7em_fpv4_sp_d16_hard_t_le_eabi.a(libc2.o)
                              Output/Release/Obj/spi_pca10056/nrf_log_str_formatter.o (isprint)
C:/Program Files/SEGGER/SEGGER Embedded Studio for ARM 5.68/lib/libc_v7em_fpv4_sp_d16_hard_t_le_eabi.a(libc2_asm.o)
                              Output/Release/Obj/spi_pca10056/nrf_log_frontend.o (memcpy)
C:/Program Files/SEGGER/SEGGER Embedded Studio for ARM 5.68/lib/libc_v7em_fpv4_sp_d16_hard_t_le_eabi.a(libvfprintf.o)
                              (__vfprintf_long)
C:/Program Files/SEGGER/SEGGER Embedded Studio for ARM 5.68/lib/libc_v7em_fpv4_sp_d16_hard_t_le_eabi.a(libvfscanf.o)
                              (__vfscanf_long)
C:/Program Files/SEGGER/SEGGER Embedded Studio for ARM 5.68/lib/libc_v7em_fpv4_sp_d16_hard_t_le_eabi.a(libc.o)
                              C:/Program Files/SEGGER/SEGGER Embedded Studio for ARM 5.68/lib/libc_v7em_fpv4_sp_d16_hard_t_le_eabi.a(libc2.o) (__heap_lock)
C:/Program Files/SEGGER/SEGGER Embedded Studio for ARM 5.68/lib/libdebugio_v7em_fpv4_sp_d16_hard_t_le_eabi.a(libdebugio.o)
                              Output/Release/Obj/spi_pca10056/thumb_crt0.o (debug_fopen)
C:/Program Files/SEGGER/SEGGER Embedded Studio for ARM 5.68/lib/libdebugio_v7em_fpv4_sp_d16_hard_t_le_eabi.a(do_nv_debug_operation.o)
                              C:/Program Files/SEGGER/SEGGER Embedded Studio for ARM 5.68/lib/libdebugio_v7em_fpv4_sp_d16_hard_t_le_eabi.a(libdebugio.o) (__do_nvdebug_operation)
C:/Program Files/SEGGER/SEGGER Embedded Studio for ARM 5.68/lib/libdebugio_v7em_fpv4_sp_d16_hard_t_le_eabi.a(mempoll_debug_operations.o)
                              (__do_debug_operation_mempoll)
C:/Program Files/SEGGER/SEGGER Embedded Studio for ARM 5.68/lib/libm_v7em_fpv4_sp_d16_hard_t_le_eabi.a(libm_asm.o)
                              C:/Program Files/SEGGER/SEGGER Embedded Studio for ARM 5.68/lib/libc_v7em_fpv4_sp_d16_hard_t_le_eabi.a(libc2.o) (__aeabi_dadd)
C:/Program Files/SEGGER/SEGGER Embedded Studio for ARM 5.68/lib/libm_v7em_fpv4_sp_d16_hard_t_le_eabi.a(libm2.o)
                              C:/Program Files/SEGGER/SEGGER Embedded Studio for ARM 5.68/lib/libc_v7em_fpv4_sp_d16_hard_t_le_eabi.a(libvfprintf.o) (frexp)

Discarded input sections

 .text          0x0000000000000000        0x0 Output/Release/Obj/spi_pca10056/thumb_crt0.o
 .data          0x0000000000000000        0x0 Output/Release/Obj/spi_pca10056/thumb_crt0.o
 .bss           0x0000000000000000        0x0 Output/Release/Obj/spi_pca10056/thumb_crt0.o
 .text.__aeabi_read_tp
                0x0000000000000000        0x8 Output/Release/Obj/spi_pca10056/thumb_crt0.o
 .text.abort    0x0000000000000000        0x2 Output/Release/Obj/spi_pca10056/thumb_crt0.o
 .text.__assert
                0x0000000000000000        0x2 Output/Release/Obj/spi_pca10056/thumb_crt0.o
 .text.__assert_func
                0x0000000000000000        0x2 Output/Release/Obj/spi_pca10056/thumb_crt0.o
 .text.__aeabi_assert
                0x0000000000000000        0x2 Output/Release/Obj/spi_pca10056/thumb_crt0.o
 .text.__sync_synchronize
                0x0000000000000000        0x2 Output/Release/Obj/spi_pca10056/thumb_crt0.o
 .text.__getchar
                0x0000000000000000        0x4 Output/Release/Obj/spi_pca10056/thumb_crt0.o
 .text.__putchar
                0x0000000000000000        0x4 Output/Release/Obj/spi_pca10056/thumb_crt0.o
 .text.__open   0x0000000000000000        0x4 Output/Release/Obj/spi_pca10056/thumb_crt0.o
 .text.__close  0x0000000000000000        0x4 Output/Release/Obj/spi_pca10056/thumb_crt0.o
 .text.__write  0x0000000000000000        0xa Output/Release/Obj/spi_pca10056/thumb_crt0.o
 .text.__read   0x0000000000000000        0xa Output/Release/Obj/spi_pca10056/thumb_crt0.o
 .text.__seek   0x0000000000000000       0x1a Output/Release/Obj/spi_pca10056/thumb_crt0.o
 .text.remove   0x0000000000000000        0x4 Output/Release/Obj/spi_pca10056/thumb_crt0.o
 .text.rename   0x0000000000000000        0x4 Output/Release/Obj/spi_pca10056/thumb_crt0.o
 .bss.__user_locale_name_buffer
                0x0000000000000000        0x4 Output/Release/Obj/spi_pca10056/thumb_crt0.o
 .stack         0x0000000000000000        0x0 Output/Release/Obj/spi_pca10056/thumb_crt0.o
 .stack_process
                0x0000000000000000        0x0 Output/Release/Obj/spi_pca10056/thumb_crt0.o
 .heap          0x0000000000000000        0x0 Output/Release/Obj/spi_pca10056/thumb_crt0.o
 .group         0x0000000000000000        0xc Output/Release/Obj/spi_pca10056/nrf_log_backend_rtt.o
[...]
Memory Configuration

Name             Origin             Length             Attributes
UNPLACED_SECTIONS 0x0000000100000000 0x0000000000000000 xw
RAM1             0x0000000020000000 0x0000000000040000 xw
FLASH1           0x0000000000000000 0x0000000000100000 xw
*default*        0x0000000000000000 0xffffffffffffffff

Linker script and memory map

                0x0000000000000000                __do_debug_operation = __do_debug_operation_mempoll
                0x0000000000000000                __vfprintf = __vfprintf_long
                0x0000000000000000                __vfscanf = __vfscanf_long
                0x0000000020000000                __RAM1_segment_start__ = 0x20000000
                0x0000000020040000                __RAM1_segment_end__ = 0x20040000
                0x0000000000040000                __RAM1_segment_size__ = 0x40000
                0x0000000000000000                __FLASH1_segment_start__ = 0x0
                0x0000000000100000                __FLASH1_segment_end__ = 0x100000
                0x0000000000100000                __FLASH1_segment_size__ = 0x100000
                0x0000000000002000                __HEAPSIZE__ = 0x2000
                0x0000000000000000                __STACKSIZE_PROCESS__ = 0x0
                0x0000000000002000                __STACKSIZE__ = 0x2000
                0x0000000020000000                __vectors_ram_load_start__ = 0x20000000

.vectors_ram    0x0000000020000000        0x0
                0x0000000020000000                __vectors_ram_start__ = .
                0x0000000020000000                __app_ram_start__ = __vectors_ram_start__
 *(.vectors_ram .vectors_ram.*)
                0x0000000020000000                __vectors_ram_end__ = (__vectors_ram_start__ + SIZEOF (.vectors_ram))
                0x0000000000000000                __vectors_ram_size__ = SIZEOF (.vectors_ram)
                0x0000000020000000                __vectors_ram_load_end__ = __vectors_ram_end__
                0x0000000000000001                . = ASSERT (((__vectors_ram_start__ == __vectors_ram_end__) || ((__vectors_ram_end__ - __RAM1_segment_start__) <= __RAM1_segment_size__)), error: .vectors_ram is too large to fit in RAM1 memory segment)
                0x0000000020000000                __nrf_sections_run_load_start__ = ALIGN (__vectors_ram_end__, 0x4)

.nrf_sections_run
                0x0000000020000000        0x0
                0x0000000020000000                __nrf_sections_run_start__ = .
                0x0000000020000000                __start_nrf_sections_run = __nrf_sections_run_start__
 *(.nrf_sections_run .nrf_sections_run.*)
                0x0000000020000000                __nrf_sections_run_end__ = (__nrf_sections_run_start__ + SIZEOF (.nrf_sections_run))
                0x0000000000000000                __nrf_sections_run_size__ = SIZEOF (.nrf_sections_run)
                0x0000000020000000                __nrf_sections_run_load_end__ = __nrf_sections_run_end__
                0x0000000000000001                . = ASSERT (((__nrf_sections_run_start__ == __nrf_sections_run_end__) || ((__nrf_sections_run_end__ - __RAM1_segment_start__) <= __RAM1_segment_size__)), error: .nrf_sections_run is too large to fit in RAM1 memory segment)
                0x0000000000000000                __vectors_load_start__ = 0x0

.vectors        0x0000000000000000      0x200
                0x0000000000000000                __vectors_start__ = .
 *(.vectors .vectors.*)
 .vectors       0x0000000000000000      0x200 Output/Release/Obj/spi_pca10056/ses_startup_nrf52840.o
                0x0000000000000000                _vectors
                0x0000000000000200                __vectors_end__ = (__vectors_start__ + SIZEOF (.vectors))
                0x0000000000000200                __vectors_size__ = SIZEOF (.vectors)
                0x0000000000000200                __vectors_load_end__ = __vectors_end__
                0x0000000000000001                . = ASSERT (((__vectors_start__ == __vectors_end__) || ((__vectors_end__ - __FLASH1_segment_start__) <= __FLASH1_segment_size__)), error: .vectors is too large to fit in FLASH1 memory segment)
                0x0000000000000200                __init_load_start__ = ALIGN (__vectors_end__, 0x4)

.init           0x0000000000000200      0x1d0
                0x0000000000000200                __init_start__ = .
 *(.init .init.*)
 .init          0x0000000000000200      0x15c Output/Release/Obj/spi_pca10056/thumb_crt0.o
                0x0000000000000200                _start
                0x00000000000002b4                exit
 .init          0x000000000000035c       0x18 Output/Release/Obj/spi_pca10056/ses_startup_nrf52840.o
                0x000000000000035c                NMI_Handler
                0x000000000000035e                HardFault_Handler
                0x0000000000000360                MemoryManagement_Handler
                0x0000000000000362                BusFault_Handler
                0x0000000000000364                UsageFault_Handler
                0x0000000000000366                SVC_Handler
                0x0000000000000368                DebugMon_Handler
                0x000000000000036a                PendSV_Handler
                0x000000000000036c                SysTick_Handler
                0x000000000000036e                PWM1_IRQHandler
                0x000000000000036e                RTC0_IRQHandler
                0x000000000000036e                POWER_CLOCK_IRQHandler
                0x000000000000036e                RADIO_IRQHandler
                0x000000000000036e                PDM_IRQHandler
                0x000000000000036e                TEMP_IRQHandler
                0x000000000000036e                QDEC_IRQHandler
                0x000000000000036e                TIMER3_IRQHandler
                0x000000000000036e                PWM3_IRQHandler
                0x000000000000036e                FPU_IRQHandler
                0x000000000000036e                USBD_IRQHandler
                0x000000000000036e                QSPI_IRQHandler
                0x000000000000036e                TIMER4_IRQHandler
                0x000000000000036e                CRYPTOCELL_IRQHandler
                0x000000000000036e                SWI2_EGU2_IRQHandler
                0x000000000000036e                SWI4_EGU4_IRQHandler
                0x000000000000036e                TIMER0_IRQHandler
                0x000000000000036e                UARTE1_IRQHandler
                0x000000000000036e                Dummy_Handler
                0x000000000000036e                TIMER1_IRQHandler
                0x000000000000036e                SPIM3_IRQHandler
                0x000000000000036e                PWM2_IRQHandler
                0x000000000000036e                ECB_IRQHandler
                0x000000000000036e                SPIM1_SPIS1_TWIM1_TWIS1_SPI1_TWI1_IRQHandler
                0x000000000000036e                SAADC_IRQHandler
                0x000000000000036e                CCM_AAR_IRQHandler
                0x000000000000036e                WDT_IRQHandler
                0x000000000000036e                SWI0_EGU0_IRQHandler
                0x000000000000036e                SWI5_EGU5_IRQHandler
                0x000000000000036e                RNG_IRQHandler
                0x000000000000036e                RTC2_IRQHandler
                0x000000000000036e                PWM0_IRQHandler
                0x000000000000036e                SWI3_EGU3_IRQHandler
                0x000000000000036e                SWI1_EGU1_IRQHandler
                0x000000000000036e                SPIM2_SPIS2_SPI2_IRQHandler
                0x000000000000036e                NFCT_IRQHandler
                0x000000000000036e                I2S_IRQHandler
                0x000000000000036e                MWU_IRQHandler
                0x000000000000036e                TIMER2_IRQHandler
                0x000000000000036e                COMP_LPCOMP_IRQHandler
                0x0000000000000370                nRFInitialize
 .init          0x0000000000000374       0x5c Output/Release/Obj/spi_pca10056/ses_startup_nrf_common.o
                0x0000000000000374                Reset_Handler
                0x0000000000000378                afterInitialize
                0x000000000000039c                InitializeUserMemorySections
                0x00000000000003d0                __init_end__ = (__init_start__ + SIZEOF (.init))
                0x00000000000001d0                __init_size__ = SIZEOF (.init)
                0x00000000000003d0                __init_load_end__ = __init_end__
                0x0000000000000001                . = ASSERT (((__init_start__ == __init_end__) || ((__init_end__ - __FLASH1_segment_start__) <= __FLASH1_segment_size__)), error: .init is too large to fit in FLASH1 memory segment)
                0x00000000000003d0                __init_rodata_load_start__ = ALIGN (__init_end__, 0x4)

.init_rodata    0x00000000000003d0        0x0
                0x00000000000003d0                __init_rodata_start__ = .
 *(.init_rodata .init_rodata.*)
                0x00000000000003d0                __init_rodata_end__ = (__init_rodata_start__ + SIZEOF (.init_rodata))
                0x0000000000000000                __init_rodata_size__ = SIZEOF (.init_rodata)
                0x00000000000003d0                __init_rodata_load_end__ = __init_rodata_end__
                0x0000000000000001                . = ASSERT (((__init_rodata_start__ == __init_rodata_end__) || ((__init_rodata_end__ - __FLASH1_segment_start__) <= __FLASH1_segment_size__)), error: .init_rodata is too large to fit in FLASH1 memory segment)
                0x00000000000003d0                __text_load_start__ = ALIGN (__init_rodata_end__, 0x4)

.text           0x00000000000003d0     0x2148
                0x00000000000003d0                __text_start__ = .
 *(.text .text.* .glue_7t .glue_7 .gnu.linkonce.t.* .gcc_except_table .ARM.extab* .gnu.linkonce.armextab.*)
 .glue_7        0x00000000000003d0        0x0 linker stubs
 .glue_7t       0x00000000000003d0        0x0 linker stubs
 .text.nrf_log_backend_rtt_flush
                0x00000000000003d0        0x2 Output/Release/Obj/spi_pca10056/nrf_log_backend_rtt.o
 *fill*         0x00000000000003d2        0x2 
 .text.nrf_log_backend_rtt_put
                0x00000000000003d4       0x20 Output/Release/Obj/spi_pca10056/nrf_log_backend_rtt.o
 .text.serial_tx
                0x00000000000003f4       0x50 Output/Release/Obj/spi_pca10056/nrf_log_backend_rtt.o
 .text.nrf_log_backend_rtt_panic_set
                0x0000000000000444        0x2 Output/Release/Obj/spi_pca10056/nrf_log_backend_rtt.o
 .text.nrf_log_backend_rtt_init
                0x0000000000000446        0x4 Output/Release/Obj/spi_pca10056/nrf_log_backend_rtt.o
                0x0000000000000446                nrf_log_backend_rtt_init
 .text.nrf_log_backend_serial_put
                0x000000000000044a       0xc2 Output/Release/Obj/spi_pca10056/nrf_log_backend_serial.o
                0x000000000000044a                nrf_log_backend_serial_put
 .text.nrf_log_default_backends_init
                0x000000000000050c       0x20 Output/Release/Obj/spi_pca10056/nrf_log_default_backends.o
                0x000000000000050c                nrf_log_default_backends_init
 .text.invalid_packets_omit
                0x000000000000052c       0x3a Output/Release/Obj/spi_pca10056/nrf_log_frontend.o
 *fill*         0x0000000000000566        0x2 
 .text.buf_prealloc
                0x0000000000000568      0x11c Output/Release/Obj/spi_pca10056/nrf_log_frontend.o
 .text.module_idx_get
                0x0000000000000684       0x3c Output/Release/Obj/spi_pca10056/nrf_log_frontend.o
 .text.nrf_log_init
                0x00000000000006c0       0xa0 Output/Release/Obj/spi_pca10056/nrf_log_frontend.o
                0x00000000000006c0                nrf_log_init
 .text.nrf_log_module_name_get
                0x0000000000000760       0x24 Output/Release/Obj/spi_pca10056/nrf_log_frontend.o
                0x0000000000000760                nrf_log_module_name_get
 .text.nrf_log_color_id_get
                0x0000000000000784       0x2c Output/Release/Obj/spi_pca10056/nrf_log_frontend.o
                0x0000000000000784                nrf_log_color_id_get
 .text.nrf_log_module_filter_set
                0x00000000000007b0       0x54 Output/Release/Obj/spi_pca10056/nrf_log_frontend.o
                0x00000000000007b0                nrf_log_module_filter_set
 .text.buffer_is_empty
                0x0000000000000804       0x14 Output/Release/Obj/spi_pca10056/nrf_log_frontend.o
                0x0000000000000804                buffer_is_empty
 .text.nrf_log_frontend_dequeue
                0x0000000000000818      0x24c Output/Release/Obj/spi_pca10056/nrf_log_frontend.o
                0x0000000000000818                nrf_log_frontend_dequeue
 .text.std_n    0x0000000000000a64       0x8c Output/Release/Obj/spi_pca10056/nrf_log_frontend.o
 .text.nrf_log_frontend_std_0
                0x0000000000000af0        0x8 Output/Release/Obj/spi_pca10056/nrf_log_frontend.o
                0x0000000000000af0                nrf_log_frontend_std_0
 .text.nrf_log_backend_add
                0x0000000000000af8       0x80 Output/Release/Obj/spi_pca10056/nrf_log_frontend.o
                0x0000000000000af8                nrf_log_backend_add
 .text.nrf_log_panic
                0x0000000000000b78       0x28 Output/Release/Obj/spi_pca10056/nrf_log_frontend.o
                0x0000000000000b78                nrf_log_panic
 .text.prefix_process
                0x0000000000000ba0       0x7c Output/Release/Obj/spi_pca10056/nrf_log_str_formatter.o
 .text.postfix_process
                0x0000000000000c1c       0x44 Output/Release/Obj/spi_pca10056/nrf_log_str_formatter.o
 .text.nrf_log_std_entry_process
                0x0000000000000c60       0xc8 Output/Release/Obj/spi_pca10056/nrf_log_str_formatter.o
                0x0000000000000c60                nrf_log_std_entry_process
 .text.nrf_log_hexdump_entry_process
                0x0000000000000d28       0xc0 Output/Release/Obj/spi_pca10056/nrf_log_str_formatter.o
                0x0000000000000d28                nrf_log_hexdump_entry_process
 .text.bsp_board_led_invert
                0x0000000000000de8       0x34 Output/Release/Obj/spi_pca10056/boards.o
                0x0000000000000de8                bsp_board_led_invert
 .text.app_error_handler_bare
                0x0000000000000e1c       0x1a Output/Release/Obj/spi_pca10056/app_error.o
                0x0000000000000e1c                app_error_handler_bare
 *fill*         0x0000000000000e36        0x2 
 .text.app_error_fault_handler
                0x0000000000000e38       0x88 Output/Release/Obj/spi_pca10056/app_error_weak.o
                0x0000000000000e38                app_error_fault_handler
 .text.app_util_disable_irq
                0x0000000000000ec0       0x10 Output/Release/Obj/spi_pca10056/app_util_platform.o
                0x0000000000000ec0                app_util_disable_irq
 .text.app_util_enable_irq
                0x0000000000000ed0       0x14 Output/Release/Obj/spi_pca10056/app_util_platform.o
                0x0000000000000ed0                app_util_enable_irq
 .text.app_util_critical_region_enter
                0x0000000000000ee4        0x4 Output/Release/Obj/spi_pca10056/app_util_platform.o
                0x0000000000000ee4                app_util_critical_region_enter
 .text.app_util_critical_region_exit
                0x0000000000000ee8        0x4 Output/Release/Obj/spi_pca10056/app_util_platform.o
                0x0000000000000ee8                app_util_critical_region_exit
 .text.RTC1_IRQHandler
                0x0000000000000eec       0x14 Output/Release/Obj/spi_pca10056/drv_rtc.o
                0x0000000000000eec                RTC1_IRQHandler
 .text.nrf_atomic_u32_fetch_store
                0x0000000000000f00       0x16 Output/Release/Obj/spi_pca10056/nrf_atomic.o
                0x0000000000000f00                nrf_atomic_u32_fetch_store
 .text.nrf_atomic_u32_or
                0x0000000000000f16       0x18 Output/Release/Obj/spi_pca10056/nrf_atomic.o
                0x0000000000000f16                nrf_atomic_u32_or
 .text.nrf_atomic_u32_fetch_and
                0x0000000000000f2e       0x18 Output/Release/Obj/spi_pca10056/nrf_atomic.o
                0x0000000000000f2e                nrf_atomic_u32_fetch_and
 .text.nrf_atomic_u32_add
                0x0000000000000f46       0x18 Output/Release/Obj/spi_pca10056/nrf_atomic.o
                0x0000000000000f46                nrf_atomic_u32_add
 .text.nrf_atomic_u32_sub
                0x0000000000000f5e       0x18 Output/Release/Obj/spi_pca10056/nrf_atomic.o
                0x0000000000000f5e                nrf_atomic_u32_sub
 .text.nrf_atomic_flag_set
                0x0000000000000f76        0x6 Output/Release/Obj/spi_pca10056/nrf_atomic.o
                0x0000000000000f76                nrf_atomic_flag_set
 .text.nrf_atomic_flag_clear_fetch
                0x0000000000000f7c        0x6 Output/Release/Obj/spi_pca10056/nrf_atomic.o
                0x0000000000000f7c                nrf_atomic_flag_clear_fetch
 .text.nrf_balloc_init
                0x0000000000000f82       0x2e Output/Release/Obj/spi_pca10056/nrf_balloc.o
                0x0000000000000f82                nrf_balloc_init
 .text.nrf_balloc_alloc
                0x0000000000000fb0       0x40 Output/Release/Obj/spi_pca10056/nrf_balloc.o
                0x0000000000000fb0                nrf_balloc_alloc
 .text.nrf_balloc_free
                0x0000000000000ff0       0x2a Output/Release/Obj/spi_pca10056/nrf_balloc.o
                0x0000000000000ff0                nrf_balloc_free
 .text.nrf_fprintf_buffer_flush
                0x000000000000101a       0x16 Output/Release/Obj/spi_pca10056/nrf_fprintf.o
                0x000000000000101a                nrf_fprintf_buffer_flush
 .text.nrf_fprintf
                0x0000000000001030       0x1c Output/Release/Obj/spi_pca10056/nrf_fprintf.o
                0x0000000000001030                nrf_fprintf
 .text.buffer_add
                0x000000000000104c       0x2e Output/Release/Obj/spi_pca10056/nrf_fprintf_format.o
 *fill*         0x000000000000107a        0x2 
 .text.unsigned_print
                0x000000000000107c       0xb4 Output/Release/Obj/spi_pca10056/nrf_fprintf_format.o
 .text.nrf_fprintf_fmt
                0x0000000000001130      0x294 Output/Release/Obj/spi_pca10056/nrf_fprintf_format.o
                0x0000000000001130                nrf_fprintf_fmt
 .text.memobj_op
                0x00000000000013c4       0x86 Output/Release/Obj/spi_pca10056/nrf_memobj.o
 .text.nrf_memobj_pool_init
                0x000000000000144a        0x4 Output/Release/Obj/spi_pca10056/nrf_memobj.o
                0x000000000000144a                nrf_memobj_pool_init
 .text.nrf_memobj_free
                0x000000000000144e       0x2c Output/Release/Obj/spi_pca10056/nrf_memobj.o
                0x000000000000144e                nrf_memobj_free
 .text.nrf_memobj_alloc
                0x000000000000147a       0x5e Output/Release/Obj/spi_pca10056/nrf_memobj.o
                0x000000000000147a                nrf_memobj_alloc
 .text.nrf_memobj_get
                0x00000000000014d8        0x8 Output/Release/Obj/spi_pca10056/nrf_memobj.o
                0x00000000000014d8                nrf_memobj_get
 .text.nrf_memobj_put
                0x00000000000014e0       0x1c Output/Release/Obj/spi_pca10056/nrf_memobj.o
                0x00000000000014e0                nrf_memobj_put
 .text.nrf_memobj_write
                0x00000000000014fc       0x14 Output/Release/Obj/spi_pca10056/nrf_memobj.o
                0x00000000000014fc                nrf_memobj_write
 .text.nrf_memobj_read
                0x0000000000001510       0x14 Output/Release/Obj/spi_pca10056/nrf_memobj.o
                0x0000000000001510                nrf_memobj_read
 .text.nrf_ringbuf_init
                0x0000000000001524       0x12 Output/Release/Obj/spi_pca10056/nrf_ringbuf.o
                0x0000000000001524                nrf_ringbuf_init
 *fill*         0x0000000000001536        0x2 
 .text.spim_evt_handler
                0x0000000000001538       0x3c Output/Release/Obj/spi_pca10056/nrf_drv_spi.o
 .text.nrf_drv_spi_init
                0x0000000000001574       0x64 Output/Release/Obj/spi_pca10056/nrf_drv_spi.o
                0x0000000000001574                nrf_drv_spi_init
 .text.nrf_gpiote_event_clear
                0x00000000000015d8       0x18 Output/Release/Obj/spi_pca10056/nrfx_gpiote.o
 .text.nrf_gpio_pin_port_decode
                0x00000000000015f0       0x18 Output/Release/Obj/spi_pca10056/nrfx_gpiote.o
 .text.nrf_gpio_cfg_sense_set
                0x0000000000001608       0x2e Output/Release/Obj/spi_pca10056/nrfx_gpiote.o
 *fill*         0x0000000000001636        0x2 
 .text.nrfx_gpiote_in_init
                0x0000000000001638      0x100 Output/Release/Obj/spi_pca10056/nrfx_gpiote.o
                0x0000000000001638                nrfx_gpiote_in_init
 .text.GPIOTE_IRQHandler
                0x0000000000001738      0x17c Output/Release/Obj/spi_pca10056/nrfx_gpiote.o
                0x0000000000001738                GPIOTE_IRQHandler
 .text.UARTE0_UART0_IRQHandler
                0x00000000000018b4        0xc Output/Release/Obj/spi_pca10056/nrfx_prs.o
                0x00000000000018b4                UARTE0_UART0_IRQHandler
 .text.nrfx_prs_acquire
                0x00000000000018c0       0x38 Output/Release/Obj/spi_pca10056/nrfx_prs.o
                0x00000000000018c0                nrfx_prs_acquire
 .text.nrf_gpio_pin_clear
                0x00000000000018f8       0x20 Output/Release/Obj/spi_pca10056/nrfx_spim.o
 .text.nrf_gpio_pin_set
                0x0000000000001918       0x20 Output/Release/Obj/spi_pca10056/nrfx_spim.o
 .text.SPIM0_SPIS0_TWIM0_TWIS0_SPI0_TWI0_IRQHandler
                0x0000000000001938       0x54 Output/Release/Obj/spi_pca10056/nrfx_spim.o
                0x0000000000001938                SPIM0_SPIS0_TWIM0_TWIS0_SPI0_TWI0_IRQHandler
 .text.nrfx_spim_init
                0x000000000000198c      0x1d0 Output/Release/Obj/spi_pca10056/nrfx_spim.o
                0x000000000000198c                nrfx_spim_init
 .text.nrfx_spim_xfer
                0x0000000000001b5c      0x114 Output/Release/Obj/spi_pca10056/nrfx_spim.o
                0x0000000000001b5c                nrfx_spim_xfer
 .text.startup.main
                0x0000000000001c70       0xe0 Output/Release/Obj/spi_pca10056/main.o
                0x0000000000001c70                main
 .text._GetAvailWriteSpace
                0x0000000000001d50       0x12 Output/Release/Obj/spi_pca10056/SEGGER_RTT.o
 .text._WriteNoCheck
                0x0000000000001d62       0x38 Output/Release/Obj/spi_pca10056/SEGGER_RTT.o
 .text._WriteBlocking
                0x0000000000001d9a       0x52 Output/Release/Obj/spi_pca10056/SEGGER_RTT.o
 .text._DoInit  0x0000000000001dec       0x60 Output/Release/Obj/spi_pca10056/SEGGER_RTT.o
 .text.SEGGER_RTT_WriteNoLock
                0x0000000000001e4c       0x60 Output/Release/Obj/spi_pca10056/SEGGER_RTT.o
                0x0000000000001e4c                SEGGER_RTT_WriteNoLock
 .text.SEGGER_RTT_Init
                0x0000000000001eac        0x4 Output/Release/Obj/spi_pca10056/SEGGER_RTT.o
                0x0000000000001eac                SEGGER_RTT_Init
 .text.__NVIC_SystemReset
                0x0000000000001eb0       0x24 Output/Release/Obj/spi_pca10056/system_nrf52840.o
 .text.nrf52_errata_36
                0x0000000000001ed4       0x12 Output/Release/Obj/spi_pca10056/system_nrf52840.o
 *fill*         0x0000000000001ee6        0x2 
 .text.nrf52_errata_98
                0x0000000000001ee8       0x24 Output/Release/Obj/spi_pca10056/system_nrf52840.o
 .text.nvmc_wait
                0x0000000000001f0c       0x10 Output/Release/Obj/spi_pca10056/system_nrf52840.o
                0x0000000000001f0c                nvmc_wait
 .text.SystemInit
                0x0000000000001f1c      0x1fc Output/Release/Obj/spi_pca10056/system_nrf52840.o
                0x0000000000001f1c                SystemInit
 .text.spi_can_event_handler
                0x0000000000002118       0x10 Output/Release/Obj/spi_pca10056/mcp_can.o
                0x0000000000002118                spi_can_event_handler
 .text.mcp2515_int_pin_handler
                0x0000000000002128       0x34 Output/Release/Obj/spi_pca10056/mcp_can.o
                0x0000000000002128                mcp2515_int_pin_handler
 .text.mcp2515_unselect
                0x000000000000215c       0x28 Output/Release/Obj/spi_pca10056/mcp_can.o
                0x000000000000215c                mcp2515_unselect
 .text.mcp_can_setcs
                0x0000000000002184       0x28 Output/Release/Obj/spi_pca10056/mcp_can.o
                0x0000000000002184                mcp_can_setcs
 .text.mcp_spi_init
                0x00000000000021ac      0x11c Output/Release/Obj/spi_pca10056/mcp_can.o
                0x00000000000021ac                mcp_spi_init
 .text.libc.__RAL_ascii_isctype
                0x00000000000022c8       0x1c C:/Program Files/SEGGER/SEGGER Embedded Studio for ARM 5.68/lib/libc_v7em_fpv4_sp_d16_hard_t_le_eabi.a(libc2.o)
 .text.libc.__RAL_ascii_toupper
                0x00000000000022e4        0xc C:/Program Files/SEGGER/SEGGER Embedded Studio for ARM 5.68/lib/libc_v7em_fpv4_sp_d16_hard_t_le_eabi.a(libc2.o)
 .text.libc.__RAL_ascii_tolower
                0x00000000000022f0        0xc C:/Program Files/SEGGER/SEGGER Embedded Studio for ARM 5.68/lib/libc_v7em_fpv4_sp_d16_hard_t_le_eabi.a(libc2.o)
 .text.libc.__RAL_ascii_wctomb
                0x00000000000022fc       0x10 C:/Program Files/SEGGER/SEGGER Embedded Studio for ARM 5.68/lib/libc_v7em_fpv4_sp_d16_hard_t_le_eabi.a(libc2.o)
                0x00000000000022fc                __RAL_ascii_wctomb
 .text.libc.__RAL_ascii_mbtowc
                0x000000000000230c       0x24 C:/Program Files/SEGGER/SEGGER Embedded Studio for ARM 5.68/lib/libc_v7em_fpv4_sp_d16_hard_t_le_eabi.a(libc2.o)
                0x000000000000230c                __RAL_ascii_mbtowc
 .text.libc.__RAL_ascii_towupper
                0x0000000000002330        0xc C:/Program Files/SEGGER/SEGGER Embedded Studio for ARM 5.68/lib/libc_v7em_fpv4_sp_d16_hard_t_le_eabi.a(libc2.o)
 .text.libc.__RAL_ascii_towlower
                0x000000000000233c        0xc C:/Program Files/SEGGER/SEGGER Embedded Studio for ARM 5.68/lib/libc_v7em_fpv4_sp_d16_hard_t_le_eabi.a(libc2.o)
 .text.libc.__RAL_ascii_iswctype
                0x0000000000002348       0x1c C:/Program Files/SEGGER/SEGGER Embedded Studio for ARM 5.68/lib/libc_v7em_fpv4_sp_d16_hard_t_le_eabi.a(libc2.o)
 .text.libc.isprint
                0x0000000000002364       0x10 C:/Program Files/SEGGER/SEGGER Embedded Studio for ARM 5.68/lib/libc_v7em_fpv4_sp_d16_hard_t_le_eabi.a(libc2.o)
                0x0000000000002364                isprint
 .text.libc.strncmp
                0x0000000000002374       0x48 C:/Program Files/SEGGER/SEGGER Embedded Studio for ARM 5.68/lib/libc_v7em_fpv4_sp_d16_hard_t_le_eabi.a(libc2.o)
                0x0000000000002374                strncmp
 .text.libc.memcpy
                0x00000000000023bc       0x52 C:/Program Files/SEGGER/SEGGER Embedded Studio for ARM 5.68/lib/libc_v7em_fpv4_sp_d16_hard_t_le_eabi.a(libc2_asm.o)
                0x00000000000023bc                __aeabi_memcpy
                0x00000000000023bc                memcpy
                0x00000000000023c8                __aeabi_memcpy8
                0x00000000000023c8                __aeabi_memcpy4
 .text.libc.memset
                0x000000000000240e       0x66 C:/Program Files/SEGGER/SEGGER Embedded Studio for ARM 5.68/lib/libc_v7em_fpv4_sp_d16_hard_t_le_eabi.a(libc2_asm.o)
                0x000000000000240e                memset
 .text.libc.strcpy
                0x0000000000002474       0x44 C:/Program Files/SEGGER/SEGGER Embedded Studio for ARM 5.68/lib/libc_v7em_fpv4_sp_d16_hard_t_le_eabi.a(libc2_asm.o)
                0x0000000000002474                strcpy
 .text.libc.strlen
                0x00000000000024b8       0x60 C:/Program Files/SEGGER/SEGGER Embedded Studio for ARM 5.68/lib/libc_v7em_fpv4_sp_d16_hard_t_le_eabi.a(libc2_asm.o)
                0x00000000000024b8                strlen
                0x0000000000002518                . = ALIGN (MAX ((__text_start__ + 0x4), .), 0x4)
                0x0000000000002518                __text_end__ = (__text_start__ + SIZEOF (.text))
                0x0000000000002148                __text_size__ = SIZEOF (.text)
                0x0000000000002518                __text_load_end__ = __text_end__

.vfp11_veneer   0x0000000100000000        0x0
 .vfp11_veneer  0x0000000100000000        0x0 linker stubs

.v4_bx          0x0000000100000000        0x0
 .v4_bx         0x0000000100000000        0x0 linker stubs

.iplt           0x0000000100000000        0x0
 .iplt          0x0000000100000000        0x0 Output/Release/Obj/spi_pca10056/thumb_crt0.o
                0x0000000000000001                . = ASSERT (((__text_start__ == __text_end__) || ((__text_end__ - __FLASH1_segment_start__) <= __FLASH1_segment_size__)), error: .text is too large to fit in FLASH1 memory segment)
                0x0000000000002518                __log_const_data_load_start__ = ALIGN (__text_end__, 0x4)

.log_const_data
                0x0000000000002518       0x78
                0x0000000000002518                __log_const_data_start__ = .
                0x0000000000002518                __start_log_const_data = __log_const_data_start__
 *(SORT_BY_NAME(.log_const_data*))
 .log_const_data_GPIOTE
                0x0000000000002518        0x8 Output/Release/Obj/spi_pca10056/nrfx_gpiote.o
                0x0000000000002518                m_nrf_log_GPIOTE_logs_data_const
 .log_const_data_PRS
                0x0000000000002520        0x8 Output/Release/Obj/spi_pca10056/nrfx_prs.o
                0x0000000000002520                m_nrf_log_PRS_logs_data_const
 .log_const_data_SPIM
                0x0000000000002528        0x8 Output/Release/Obj/spi_pca10056/nrfx_spim.o
                0x0000000000002528                m_nrf_log_SPIM_logs_data_const
 .log_const_data_UART
                0x0000000000002530        0x8 Output/Release/Obj/spi_pca10056/nrfx_uart.o
                0x0000000000002530                m_nrf_log_UART_logs_data_const
 .log_const_data_UARTE
                0x0000000000002538        0x8 Output/Release/Obj/spi_pca10056/nrfx_uarte.o
                0x0000000000002538                m_nrf_log_UARTE_logs_data_const
 .log_const_data_app
                0x0000000000002540        0x8 Output/Release/Obj/spi_pca10056/nrf_log_frontend.o
                0x0000000000002540                m_nrf_log_app_logs_data_const
 .log_const_data_app_button
                0x0000000000002548        0x8 Output/Release/Obj/spi_pca10056/app_button.o
                0x0000000000002548                m_nrf_log_app_button_logs_data_const
 .log_const_data_app_timer
                0x0000000000002550        0x8 Output/Release/Obj/spi_pca10056/app_timer2.o
                0x0000000000002550                m_nrf_log_app_timer_logs_data_const
 .log_const_data_app_timer_m_bsp_alert_tmr
                0x0000000000002558        0x8 Output/Release/Obj/spi_pca10056/bsp.o
                0x0000000000002558                m_nrf_log_app_timer_m_bsp_alert_tmr_logs_data_const
 .log_const_data_app_timer_m_bsp_button_tmr
                0x0000000000002560        0x8 Output/Release/Obj/spi_pca10056/bsp.o
                0x0000000000002560                m_nrf_log_app_timer_m_bsp_button_tmr_logs_data_const
 .log_const_data_app_timer_m_bsp_leds_tmr
                0x0000000000002568        0x8 Output/Release/Obj/spi_pca10056/bsp.o
                0x0000000000002568                m_nrf_log_app_timer_m_bsp_leds_tmr_logs_data_const
 .log_const_data_app_timer_m_detection_delay_timer_id
                0x0000000000002570        0x8 Output/Release/Obj/spi_pca10056/app_button.o
                0x0000000000002570                m_nrf_log_app_timer_m_detection_delay_timer_id_logs_data_const
 .log_const_data_atfifo_m_req_fifo
                0x0000000000002578        0x8 Output/Release/Obj/spi_pca10056/app_timer2.o
                0x0000000000002578                m_nrf_log_atfifo_m_req_fifo_logs_data_const
 .log_const_data_balloc_log_mempool
                0x0000000000002580        0x8 Output/Release/Obj/spi_pca10056/nrf_log_frontend.o
                0x0000000000002580                m_nrf_log_balloc_log_mempool_logs_data_const
 .log_const_data_sortlist
                0x0000000000002588        0x8 Output/Release/Obj/spi_pca10056/nrf_sortlist.o
                0x0000000000002588                m_nrf_log_sortlist_logs_data_const
                0x0000000000002590                __log_const_data_end__ = (__log_const_data_start__ + SIZEOF (.log_const_data))
                0x0000000000000078                __log_const_data_size__ = SIZEOF (.log_const_data)
                0x0000000000002590                __stop_log_const_data = __log_const_data_end__
                0x0000000000002590                __log_const_data_load_end__ = __log_const_data_end__
                0x0000000000000001                . = ASSERT (((__log_const_data_start__ == __log_const_data_end__) || ((__log_const_data_end__ - __FLASH1_segment_start__) <= __FLASH1_segment_size__)), error: .log_const_data is too large to fit in FLASH1 memory segment)
                0x0000000000002590                __log_backends_load_start__ = ALIGN (__log_const_data_end__, 0x4)

.log_backends   0x0000000000002590       0x10
                0x0000000000002590                __log_backends_start__ = .
                0x0000000000002590                __start_log_backends = __log_backends_start__
 *(SORT_BY_NAME(.log_backends*))
 .log_backends  0x0000000000002590       0x10 Output/Release/Obj/spi_pca10056/nrf_log_default_backends.o
                0x00000000000025a0                __log_backends_end__ = (__log_backends_start__ + SIZEOF (.log_backends))
                0x0000000000000010                __log_backends_size__ = SIZEOF (.log_backends)
                0x00000000000025a0                __stop_log_backends = __log_backends_end__
                0x00000000000025a0                __log_backends_load_end__ = __log_backends_end__
                0x0000000000000001                . = ASSERT (((__log_backends_start__ == __log_backends_end__) || ((__log_backends_end__ - __FLASH1_segment_start__) <= __FLASH1_segment_size__)), error: .log_backends is too large to fit in FLASH1 memory segment)
                0x00000000000025a0                __nrf_balloc_load_start__ = ALIGN (__log_backends_end__, 0x4)

.nrf_balloc     0x00000000000025a0       0x18
                0x00000000000025a0                __nrf_balloc_start__ = .
                0x00000000000025a0                __start_nrf_balloc = __nrf_balloc_start__
 *(.nrf_balloc*)
 .nrf_balloc    0x00000000000025a0       0x18 Output/Release/Obj/spi_pca10056/nrf_log_frontend.o
                0x00000000000025a0                log_mempool
                0x00000000000025b8                __nrf_balloc_end__ = (__nrf_balloc_start__ + SIZEOF (.nrf_balloc))
                0x0000000000000018                __nrf_balloc_size__ = SIZEOF (.nrf_balloc)
                0x00000000000025b8                __stop_nrf_balloc = __nrf_balloc_end__
                0x00000000000025b8                __nrf_balloc_load_end__ = __nrf_balloc_end__
                0x0000000000000001                . = ASSERT (((__nrf_balloc_start__ == __nrf_balloc_end__) || ((__nrf_balloc_end__ - __FLASH1_segment_start__) <= __FLASH1_segment_size__)), error: .nrf_balloc is too large to fit in FLASH1 memory segment)
                0x00000000000025b8                __nrf_sections_load_start__ = ALIGN (__nrf_balloc_end__, 0x4)

.nrf_sections   0x00000000000025b8        0x0
                0x00000000000025b8                __nrf_sections_start__ = .
                0x00000000000025b8                __start_nrf_sections = __nrf_sections_start__
 *(.nrf_sections .nrf_sections.*)
                0x00000000000025b8                __nrf_sections_end__ = (__nrf_sections_start__ + SIZEOF (.nrf_sections))
                0x0000000000000000                __nrf_sections_size__ = SIZEOF (.nrf_sections)
                0x00000000000025b8                __nrf_sections_load_end__ = __nrf_sections_end__
                0x0000000000000001                . = ASSERT (((__nrf_sections_start__ == __nrf_sections_end__) || ((__nrf_sections_end__ - __FLASH1_segment_start__) <= __FLASH1_segment_size__)), error: .nrf_sections is too large to fit in FLASH1 memory segment)
                0x00000000000025b8                __log_dynamic_data_load_start__ = ALIGN (__nrf_sections_end__, 0x4)

.log_dynamic_data
                0x0000000020000000       0x3c load address 0x00000000000025b8
                0x0000000020000000                __log_dynamic_data_start__ = .
 *(SORT_BY_NAME(.log_dynamic_data*))
 .log_dynamic_data_GPIOTE
                0x0000000020000000        0x4 Output/Release/Obj/spi_pca10056/nrfx_gpiote.o
                0x0000000020000000                m_nrf_log_GPIOTE_logs_data_dynamic
 .log_dynamic_data_PRS
                0x0000000020000004        0x4 Output/Release/Obj/spi_pca10056/nrfx_prs.o
                0x0000000020000004                m_nrf_log_PRS_logs_data_dynamic
 .log_dynamic_data_SPIM
                0x0000000020000008        0x4 Output/Release/Obj/spi_pca10056/nrfx_spim.o
                0x0000000020000008                m_nrf_log_SPIM_logs_data_dynamic
 .log_dynamic_data_UART
                0x000000002000000c        0x4 Output/Release/Obj/spi_pca10056/nrfx_uart.o
                0x000000002000000c                m_nrf_log_UART_logs_data_dynamic
 .log_dynamic_data_UARTE
                0x0000000020000010        0x4 Output/Release/Obj/spi_pca10056/nrfx_uarte.o
                0x0000000020000010                m_nrf_log_UARTE_logs_data_dynamic
 .log_dynamic_data_app
                0x0000000020000014        0x4 Output/Release/Obj/spi_pca10056/nrf_log_frontend.o
                0x0000000020000014                m_nrf_log_app_logs_data_dynamic
 .log_dynamic_data_app_button
                0x0000000020000018        0x4 Output/Release/Obj/spi_pca10056/app_button.o
                0x0000000020000018                m_nrf_log_app_button_logs_data_dynamic
 .log_dynamic_data_app_timer
                0x000000002000001c        0x4 Output/Release/Obj/spi_pca10056/app_timer2.o
                0x000000002000001c                m_nrf_log_app_timer_logs_data_dynamic
 .log_dynamic_data_app_timer_m_bsp_alert_tmr
                0x0000000020000020        0x4 Output/Release/Obj/spi_pca10056/bsp.o
                0x0000000020000020                m_nrf_log_app_timer_m_bsp_alert_tmr_logs_data_dynamic
 .log_dynamic_data_app_timer_m_bsp_button_tmr
                0x0000000020000024        0x4 Output/Release/Obj/spi_pca10056/bsp.o
                0x0000000020000024                m_nrf_log_app_timer_m_bsp_button_tmr_logs_data_dynamic
 .log_dynamic_data_app_timer_m_bsp_leds_tmr
                0x0000000020000028        0x4 Output/Release/Obj/spi_pca10056/bsp.o
                0x0000000020000028                m_nrf_log_app_timer_m_bsp_leds_tmr_logs_data_dynamic
 .log_dynamic_data_app_timer_m_detection_delay_timer_id
                0x000000002000002c        0x4 Output/Release/Obj/spi_pca10056/app_button.o
                0x000000002000002c                m_nrf_log_app_timer_m_detection_delay_timer_id_logs_data_dynamic
 .log_dynamic_data_atfifo_m_req_fifo
                0x0000000020000030        0x4 Output/Release/Obj/spi_pca10056/app_timer2.o
                0x0000000020000030                m_nrf_log_atfifo_m_req_fifo_logs_data_dynamic
 .log_dynamic_data_balloc_log_mempool
                0x0000000020000034        0x4 Output/Release/Obj/spi_pca10056/nrf_log_frontend.o
                0x0000000020000034                m_nrf_log_balloc_log_mempool_logs_data_dynamic
 .log_dynamic_data_sortlist
                0x0000000020000038        0x4 Output/Release/Obj/spi_pca10056/nrf_sortlist.o
                0x0000000020000038                m_nrf_log_sortlist_logs_data_dynamic
                0x000000002000003c                __log_dynamic_data_end__ = (__log_dynamic_data_start__ + SIZEOF (.log_dynamic_data))
                0x000000000000003c                __log_dynamic_data_size__ = SIZEOF (.log_dynamic_data)
                0x00000000000025f4                __log_dynamic_data_load_end__ = (__log_dynamic_data_load_start__ + SIZEOF (.log_dynamic_data))
                0x0000000000000001                . = ASSERT (((__log_dynamic_data_load_start__ == __log_dynamic_data_load_end__) || ((__log_dynamic_data_load_end__ - __FLASH1_segment_start__) <= __FLASH1_segment_size__)), error: .log_dynamic_data is too large to fit in FLASH1 memory segment)

.log_dynamic_data_run
                0x0000000020000000        0x0
                0x0000000020000000                __log_dynamic_data_run_start__ = .
                0x0000000020000000                __start_log_dynamic_data = __log_dynamic_data_run_start__
                0x000000002000003c                __log_dynamic_data_run_end__ = (__log_dynamic_data_run_start__ + SIZEOF (.log_dynamic_data))
                0x000000000000003c                __log_dynamic_data_run_size__ = (__log_dynamic_data_run_end__ - __log_dynamic_data_run_start__)
                0x000000002000003c                __stop_log_dynamic_data = __log_dynamic_data_run_end__
                0x000000002000003c                __log_dynamic_data_run_load_end__ = __log_dynamic_data_run_end__
                0x0000000000000001                . = ASSERT (((__log_dynamic_data_run_start__ == __log_dynamic_data_run_end__) || ((__log_dynamic_data_run_end__ - __RAM1_segment_start__) <= __RAM1_segment_size__)), error: .log_dynamic_data_run is too large to fit in RAM1 memory segment)
                0x00000000000025f4                __log_filter_data_load_start__ = ALIGN ((__log_dynamic_data_load_start__ + SIZEOF (.log_dynamic_data)), 0x4)

.log_filter_data
                0x000000002000003c       0x3c load address 0x00000000000025f4
                0x000000002000003c                __log_filter_data_start__ = .
 *(SORT_BY_NAME(.log_filter_data*))
 .log_filter_data_GPIOTE
                0x000000002000003c        0x4 Output/Release/Obj/spi_pca10056/nrfx_gpiote.o
                0x000000002000003c                m_nrf_log_GPIOTE_logs_data_filter
 .log_filter_data_PRS
                0x0000000020000040        0x4 Output/Release/Obj/spi_pca10056/nrfx_prs.o
                0x0000000020000040                m_nrf_log_PRS_logs_data_filter
 .log_filter_data_SPIM
                0x0000000020000044        0x4 Output/Release/Obj/spi_pca10056/nrfx_spim.o
                0x0000000020000044                m_nrf_log_SPIM_logs_data_filter
 .log_filter_data_UART
                0x0000000020000048        0x4 Output/Release/Obj/spi_pca10056/nrfx_uart.o
                0x0000000020000048                m_nrf_log_UART_logs_data_filter
 .log_filter_data_UARTE
                0x000000002000004c        0x4 Output/Release/Obj/spi_pca10056/nrfx_uarte.o
                0x000000002000004c                m_nrf_log_UARTE_logs_data_filter
 .log_filter_data_app
                0x0000000020000050        0x4 Output/Release/Obj/spi_pca10056/nrf_log_frontend.o
                0x0000000020000050                m_nrf_log_app_logs_data_filter
 .log_filter_data_app_button
                0x0000000020000054        0x4 Output/Release/Obj/spi_pca10056/app_button.o
                0x0000000020000054                m_nrf_log_app_button_logs_data_filter
 .log_filter_data_app_timer
                0x0000000020000058        0x4 Output/Release/Obj/spi_pca10056/app_timer2.o
                0x0000000020000058                m_nrf_log_app_timer_logs_data_filter
 .log_filter_data_app_timer_m_bsp_alert_tmr
                0x000000002000005c        0x4 Output/Release/Obj/spi_pca10056/bsp.o
                0x000000002000005c                m_nrf_log_app_timer_m_bsp_alert_tmr_logs_data_filter
 .log_filter_data_app_timer_m_bsp_button_tmr
                0x0000000020000060        0x4 Output/Release/Obj/spi_pca10056/bsp.o
                0x0000000020000060                m_nrf_log_app_timer_m_bsp_button_tmr_logs_data_filter
 .log_filter_data_app_timer_m_bsp_leds_tmr
                0x0000000020000064        0x4 Output/Release/Obj/spi_pca10056/bsp.o
                0x0000000020000064                m_nrf_log_app_timer_m_bsp_leds_tmr_logs_data_filter
 .log_filter_data_app_timer_m_detection_delay_timer_id
                0x0000000020000068        0x4 Output/Release/Obj/spi_pca10056/app_button.o
                0x0000000020000068                m_nrf_log_app_timer_m_detection_delay_timer_id_logs_data_filter
 .log_filter_data_atfifo_m_req_fifo
                0x000000002000006c        0x4 Output/Release/Obj/spi_pca10056/app_timer2.o
                0x000000002000006c                m_nrf_log_atfifo_m_req_fifo_logs_data_filter
 .log_filter_data_balloc_log_mempool
                0x0000000020000070        0x4 Output/Release/Obj/spi_pca10056/nrf_log_frontend.o
                0x0000000020000070                m_nrf_log_balloc_log_mempool_logs_data_filter
 .log_filter_data_sortlist
                0x0000000020000074        0x4 Output/Release/Obj/spi_pca10056/nrf_sortlist.o
                0x0000000020000074                m_nrf_log_sortlist_logs_data_filter
                0x0000000020000078                __log_filter_data_end__ = (__log_filter_data_start__ + SIZEOF (.log_filter_data))
                0x000000000000003c                __log_filter_data_size__ = SIZEOF (.log_filter_data)
                0x0000000000002630                __log_filter_data_load_end__ = (__log_filter_data_load_start__ + SIZEOF (.log_filter_data))
                0x0000000000000001                . = ASSERT (((__log_filter_data_load_start__ == __log_filter_data_load_end__) || ((__log_filter_data_load_end__ - __FLASH1_segment_start__) <= __FLASH1_segment_size__)), error: .log_filter_data is too large to fit in FLASH1 memory segment)

.log_filter_data_run
                0x000000002000003c        0x0
                0x000000002000003c                __log_filter_data_run_start__ = .
                0x000000002000003c                __start_log_filter_data = __log_filter_data_run_start__
                0x0000000020000078                __log_filter_data_run_end__ = (__log_filter_data_run_start__ + SIZEOF (.log_filter_data))
                0x000000000000003c                __log_filter_data_run_size__ = (__log_filter_data_run_end__ - __log_filter_data_run_start__)
                0x0000000020000078                __stop_log_filter_data = __log_filter_data_run_end__
                0x0000000020000078                __log_filter_data_run_load_end__ = __log_filter_data_run_end__
                0x0000000000000001                . = ASSERT (((__log_filter_data_run_start__ == __log_filter_data_run_end__) || ((__log_filter_data_run_end__ - __RAM1_segment_start__) <= __RAM1_segment_size__)), error: .log_filter_data_run is too large to fit in RAM1 memory segment)
                0x0000000020000078                __nrf_sections_run_end_load_start__ = ALIGN (__log_filter_data_run_end__, 0x4)

.nrf_sections_run_end
                0x0000000020000078        0x0
                0x0000000020000078                __nrf_sections_run_end_start__ = .
                0x0000000020000078                __end_nrf_sections_run = __nrf_sections_run_end_start__
 *(.nrf_sections_run_end .nrf_sections_run_end.*)
                0x0000000020000078                __nrf_sections_run_end_end__ = (__nrf_sections_run_end_start__ + SIZEOF (.nrf_sections_run_end))
                0x0000000000000000                __nrf_sections_run_end_size__ = SIZEOF (.nrf_sections_run_end)
                0x0000000020000078                __nrf_sections_run_end_load_end__ = __nrf_sections_run_end_end__
                0x0000000000000001                . = ASSERT (((__nrf_sections_run_end_start__ == __nrf_sections_run_end_end__) || ((__nrf_sections_run_end_end__ - __RAM1_segment_start__) <= __RAM1_segment_size__)), error: .nrf_sections_run_end is too large to fit in RAM1 memory segment)
                0x0000000000002630                __dtors_load_start__ = ALIGN ((__log_filter_data_load_start__ + SIZEOF (.log_filter_data)), 0x4)

.dtors          0x0000000000002630        0x0
                0x0000000000002630                __dtors_start__ = .
 *(SORT_BY_NAME(.dtors.*))
 *(.dtors)
 *(.fini_array)
 *(SORT_BY_NAME(.fini_array.*))
                0x0000000000002630                __dtors_end__ = (__dtors_start__ + SIZEOF (.dtors))
                0x0000000000000000                __dtors_size__ = SIZEOF (.dtors)
                0x0000000000002630                __dtors_load_end__ = __dtors_end__
                0x0000000000000001                . = ASSERT (((__dtors_start__ == __dtors_end__) || ((__dtors_end__ - __FLASH1_segment_start__) <= __FLASH1_segment_size__)), error: .dtors is too large to fit in FLASH1 memory segment)
                0x0000000000002630                __ctors_load_start__ = ALIGN (__dtors_end__, 0x4)

.ctors          0x0000000000002630        0x0
                0x0000000000002630                __ctors_start__ = .
 *(SORT_BY_NAME(.ctors.*))
 *(.ctors)
 *(.init_array)
 *(SORT_BY_NAME(.init_array.*))
                0x0000000000002630                __ctors_end__ = (__ctors_start__ + SIZEOF (.ctors))
                0x0000000000000000                __ctors_size__ = SIZEOF (.ctors)
                0x0000000000002630                __ctors_load_end__ = __ctors_end__
                0x0000000000000001                . = ASSERT (((__ctors_start__ == __ctors_end__) || ((__ctors_end__ - __FLASH1_segment_start__) <= __FLASH1_segment_size__)), error: .ctors is too large to fit in FLASH1 memory segment)
                0x0000000000002630                __rodata_load_start__ = ALIGN (__ctors_end__, 0x4)

.rodata         0x0000000000002630      0x4ec
                0x0000000000002630                __rodata_start__ = .
 *(.rodata .rodata.* .gnu.linkonce.r.*)
 .rodata.delay_machine_code.0
                0x0000000000002630        0x6 Output/Release/Obj/spi_pca10056/nrf_log_backend_rtt.o
 *fill*         0x0000000000002636        0x2 
 .rodata.nrf_log_backend_rtt_api
                0x0000000000002638        0xc Output/Release/Obj/spi_pca10056/nrf_log_backend_rtt.o
                0x0000000000002638                nrf_log_backend_rtt_api
 .rodata.str1.1
                0x0000000000002644       0x10 Output/Release/Obj/spi_pca10056/nrf_log_default_backends.o
 .rodata.nrf_log_frontend_dequeue.str1.1
                0x0000000000002654       0x11 Output/Release/Obj/spi_pca10056/nrf_log_frontend.o
 .rodata.str1.1
                0x0000000000002665       0x17 Output/Release/Obj/spi_pca10056/nrf_log_frontend.o
 .rodata.m_log_push_ringbuf
                0x000000000000267c        0xc Output/Release/Obj/spi_pca10056/nrf_log_frontend.o
 .rodata.prefix_process.str1.1
                0x0000000000002688       0x32 Output/Release/Obj/spi_pca10056/nrf_log_str_formatter.o
 .rodata.postfix_process.str1.1
                0x00000000000026ba       0x32 Output/Release/Obj/spi_pca10056/nrf_log_str_formatter.o
                                          0x3 (size before relaxing)
 .rodata.nrf_log_hexdump_entry_process.str1.1
                0x00000000000026ba        0xf Output/Release/Obj/spi_pca10056/nrf_log_str_formatter.o
                                         0x11 (size before relaxing)
 .rodata.str1.1
                0x00000000000026c9       0x4b Output/Release/Obj/spi_pca10056/nrf_log_str_formatter.o
                                         0x51 (size before relaxing)
 .rodata.m_colors
                0x0000000000002714       0x24 Output/Release/Obj/spi_pca10056/nrf_log_str_formatter.o
 .rodata.severity_names
                0x0000000000002738       0x14 Output/Release/Obj/spi_pca10056/nrf_log_str_formatter.o
 .rodata.m_board_led_list
                0x000000000000274c        0x4 Output/Release/Obj/spi_pca10056/boards.o
 .rodata.str1.1
                0x0000000000002750       0x30 Output/Release/Obj/spi_pca10056/app_button.o
 .rodata.app_error_fault_handler.str1.1
                0x0000000000002780       0x19 Output/Release/Obj/spi_pca10056/app_error_weak.o
 .rodata.str1.1
                0x0000000000002799       0x1c Output/Release/Obj/spi_pca10056/app_timer2.o
 .rodata._aV2C.0
                0x00000000000027b5       0x10 Output/Release/Obj/spi_pca10056/nrf_fprintf_format.o
 .rodata.str1.1
                0x00000000000027c5        0x9 Output/Release/Obj/spi_pca10056/nrf_sortlist.o
 *fill*         0x00000000000027ce        0x2 
 .rodata        0x00000000000027d0       0x10 Output/Release/Obj/spi_pca10056/nrf_drv_spi.o
 .rodata.str1.1
                0x00000000000027e0        0x7 Output/Release/Obj/spi_pca10056/nrfx_gpiote.o
 .rodata.str1.1
                0x00000000000027e7        0x4 Output/Release/Obj/spi_pca10056/nrfx_prs.o
 .rodata.str1.1
                0x00000000000027eb        0x5 Output/Release/Obj/spi_pca10056/nrfx_spim.o
 .rodata.str1.1
                0x00000000000027f0        0x5 Output/Release/Obj/spi_pca10056/nrfx_uart.o
 .rodata.str1.1
                0x00000000000027f5        0x6 Output/Release/Obj/spi_pca10056/nrfx_uarte.o
 .rodata.str1.1
                0x00000000000027fb       0x4e Output/Release/Obj/spi_pca10056/bsp.o
 .rodata.main.str1.1
                0x0000000000002849       0x15 Output/Release/Obj/spi_pca10056/main.o
 *fill*         0x000000000000285e        0x2 
 .rodata.delay_machine_code.0
                0x0000000000002860        0x6 Output/Release/Obj/spi_pca10056/main.o
 *fill*         0x0000000000002866        0x2 
 .rodata.spi    0x0000000000002868       0x10 Output/Release/Obj/spi_pca10056/main.o
 .rodata._DoInit.str1.1
                0x0000000000002878       0x14 Output/Release/Obj/spi_pca10056/SEGGER_RTT.o
 .rodata.CSWTCH.15
                0x000000000000288c        0x6 Output/Release/Obj/spi_pca10056/system_nrf52840.o
 .rodata.CSWTCH.6
                0x0000000000002892        0x6 Output/Release/Obj/spi_pca10056/system_nrf52840.o
 .rodata.mcp_spi_init.str1.1
                0x0000000000002898       0x20 Output/Release/Obj/spi_pca10056/mcp_can.o
 .rodata        0x00000000000028b8       0x14 Output/Release/Obj/spi_pca10056/mcp_can.o
 .rodata.can_spi
                0x00000000000028cc       0x10 Output/Release/Obj/spi_pca10056/mcp_can.o
 .rodata.libc.__RAL_find_locale.str1.4
                0x00000000000028dc        0xa C:/Program Files/SEGGER/SEGGER Embedded Studio for ARM 5.68/lib/libc_v7em_fpv4_sp_d16_hard_t_le_eabi.a(libc2.o)
 *fill*         0x00000000000028e6        0x2 
 .rodata.libc.__RAL_ascii_ctype_map
                0x00000000000028e8       0x80 C:/Program Files/SEGGER/SEGGER Embedded Studio for ARM 5.68/lib/libc_v7em_fpv4_sp_d16_hard_t_le_eabi.a(libc2.o)
                0x00000000000028e8                __RAL_ascii_ctype_map
 .rodata.libc.__RAL_ascii_ctype_mask
                0x0000000000002968        0xd C:/Program Files/SEGGER/SEGGER Embedded Studio for ARM 5.68/lib/libc_v7em_fpv4_sp_d16_hard_t_le_eabi.a(libc2.o)
 *fill*         0x0000000000002975        0x3 
 .rodata.libc.__RAL_c_locale
                0x0000000000002978        0xc C:/Program Files/SEGGER/SEGGER Embedded Studio for ARM 5.68/lib/libc_v7em_fpv4_sp_d16_hard_t_le_eabi.a(libc2.o)
                0x0000000000002978                __RAL_c_locale
 .rodata.libc.__RAL_c_locale_abbrev_day_names
                0x0000000000002984       0x1d C:/Program Files/SEGGER/SEGGER Embedded Studio for ARM 5.68/lib/libc_v7em_fpv4_sp_d16_hard_t_le_eabi.a(libc2.o)
                0x0000000000002984                __RAL_c_locale_abbrev_day_names
 *fill*         0x00000000000029a1        0x3 
 .rodata.libc.__RAL_c_locale_abbrev_month_names
                0x00000000000029a4       0x31 C:/Program Files/SEGGER/SEGGER Embedded Studio for ARM 5.68/lib/libc_v7em_fpv4_sp_d16_hard_t_le_eabi.a(libc2.o)
                0x00000000000029a4                __RAL_c_locale_abbrev_month_names
 *fill*         0x00000000000029d5        0x3 
 .rodata.libc.__RAL_c_locale_am_pm_indicator
                0x00000000000029d8        0x7 C:/Program Files/SEGGER/SEGGER Embedded Studio for ARM 5.68/lib/libc_v7em_fpv4_sp_d16_hard_t_le_eabi.a(libc2.o)
                0x00000000000029d8                __RAL_c_locale_am_pm_indicator
 *fill*         0x00000000000029df        0x1 
 .rodata.libc.__RAL_c_locale_data
                0x00000000000029e0       0x58 C:/Program Files/SEGGER/SEGGER Embedded Studio for ARM 5.68/lib/libc_v7em_fpv4_sp_d16_hard_t_le_eabi.a(libc2.o)
                0x00000000000029e0                __RAL_c_locale_data
 .rodata.libc.__RAL_c_locale_date_format
                0x0000000000002a38        0x9 C:/Program Files/SEGGER/SEGGER Embedded Studio for ARM 5.68/lib/libc_v7em_fpv4_sp_d16_hard_t_le_eabi.a(libc2.o)
                0x0000000000002a38                __RAL_c_locale_date_format
 *fill*         0x0000000000002a41        0x3 
 .rodata.libc.__RAL_c_locale_date_time_format
                0x0000000000002a44        0xf C:/Program Files/SEGGER/SEGGER Embedded Studio for ARM 5.68/lib/libc_v7em_fpv4_sp_d16_hard_t_le_eabi.a(libc2.o)
                0x0000000000002a44                __RAL_c_locale_date_time_format
 *fill*         0x0000000000002a53        0x1 
 .rodata.libc.__RAL_c_locale_day_names
                0x0000000000002a54       0x3a C:/Program Files/SEGGER/SEGGER Embedded Studio for ARM 5.68/lib/libc_v7em_fpv4_sp_d16_hard_t_le_eabi.a(libc2.o)
                0x0000000000002a54                __RAL_c_locale_day_names
 *fill*         0x0000000000002a8e        0x2 
 .rodata.libc.__RAL_c_locale_month_names
                0x0000000000002a90       0x57 C:/Program Files/SEGGER/SEGGER Embedded Studio for ARM 5.68/lib/libc_v7em_fpv4_sp_d16_hard_t_le_eabi.a(libc2.o)
                0x0000000000002a90                __RAL_c_locale_month_names
 *fill*         0x0000000000002ae7        0x1 
 .rodata.libc.__RAL_c_locale_time_format
                0x0000000000002ae8        0x9 C:/Program Files/SEGGER/SEGGER Embedded Studio for ARM 5.68/lib/libc_v7em_fpv4_sp_d16_hard_t_le_eabi.a(libc2.o)
                0x0000000000002ae8                __RAL_c_locale_time_format
 *fill*         0x0000000000002af1        0x3 
 .rodata.libc.__RAL_codeset_ascii
                0x0000000000002af4       0x20 C:/Program Files/SEGGER/SEGGER Embedded Studio for ARM 5.68/lib/libc_v7em_fpv4_sp_d16_hard_t_le_eabi.a(libc2.o)
                0x0000000000002af4                __RAL_codeset_ascii
 .rodata.libc.__RAL_data_empty_string
                0x0000000000002b14        0x1 C:/Program Files/SEGGER/SEGGER Embedded Studio for ARM 5.68/lib/libc_v7em_fpv4_sp_d16_hard_t_le_eabi.a(libc2.o)
                0x0000000000002b14                __RAL_data_empty_string
 *fill*         0x0000000000002b15        0x3 
 .rodata.libc.__RAL_data_utf8_period
                0x0000000000002b18        0x2 C:/Program Files/SEGGER/SEGGER Embedded Studio for ARM 5.68/lib/libc_v7em_fpv4_sp_d16_hard_t_le_eabi.a(libc2.o)
                0x0000000000002b18                __RAL_data_utf8_period
                0x0000000000002b1c                . = ALIGN (MAX ((__rodata_start__ + 0x4), .), 0x4)
 *fill*         0x0000000000002b1a        0x2 
                0x0000000000002b1c                __rodata_end__ = (__rodata_start__ + SIZEOF (.rodata))
                0x00000000000004ec                __rodata_size__ = SIZEOF (.rodata)
                0x0000000000002b1c                __rodata_load_end__ = __rodata_end__

.rel.dyn        0x0000000000002b1c        0x0
 .rel.iplt      0x0000000000002b1c        0x0 Output/Release/Obj/spi_pca10056/thumb_crt0.o
                0x0000000000000001                . = ASSERT (((__rodata_start__ == __rodata_end__) || ((__rodata_end__ - __FLASH1_segment_start__) <= __FLASH1_segment_size__)), error: .rodata is too large to fit in FLASH1 memory segment)
                0x0000000000002b1c                __ARM.exidx_load_start__ = ALIGN (__rodata_end__, 0x4)

.ARM.exidx      0x0000000000002b1c        0x0
                0x0000000000002b1c                __ARM.exidx_start__ = .
                0x0000000000002b1c                __exidx_start = __ARM.exidx_start__
 *(.ARM.exidx .ARM.exidx.*)
                0x0000000000002b1c                __ARM.exidx_end__ = (__ARM.exidx_start__ + SIZEOF (.ARM.exidx))
                0x0000000000000000                __ARM.exidx_size__ = SIZEOF (.ARM.exidx)
                0x0000000000002b1c                __exidx_end = __ARM.exidx_end__
                0x0000000000002b1c                __ARM.exidx_load_end__ = __ARM.exidx_end__
                0x0000000000000001                . = ASSERT (((__ARM.exidx_start__ == __ARM.exidx_end__) || ((__ARM.exidx_end__ - __FLASH1_segment_start__) <= __FLASH1_segment_size__)), error: .ARM.exidx is too large to fit in FLASH1 memory segment)
                0x0000000000002b1c                __fast_load_start__ = ALIGN (__ARM.exidx_end__, 0x4)

.fast           0x0000000020000078        0x0 load address 0x0000000000002b1c
                0x0000000020000078                __fast_start__ = .
 *(.fast .fast.*)
                0x0000000020000078                __fast_end__ = (__fast_start__ + SIZEOF (.fast))
                0x0000000000000000                __fast_size__ = SIZEOF (.fast)
                0x0000000000002b1c                __fast_load_end__ = (__fast_load_start__ + SIZEOF (.fast))
                0x0000000000000001                . = ASSERT (((__fast_load_start__ == __fast_load_end__) || ((__fast_load_end__ - __FLASH1_segment_start__) <= __FLASH1_segment_size__)), error: .fast is too large to fit in FLASH1 memory segment)

.fast_run       0x0000000020000078        0x0
                0x0000000020000078                __fast_run_start__ = .
                0x0000000020000078                __fast_run_end__ = (__fast_run_start__ + SIZEOF (.fast))
                0x0000000000000000                __fast_run_size__ = (__fast_run_end__ - __fast_run_start__)
                0x0000000020000078                __fast_run_load_end__ = __fast_run_end__
                0x0000000000000001                . = ASSERT (((__fast_run_start__ == __fast_run_end__) || ((__fast_run_end__ - __RAM1_segment_start__) <= __RAM1_segment_size__)), error: .fast_run is too large to fit in RAM1 memory segment)
                0x0000000000002b1c                __data_load_start__ = ALIGN ((__fast_load_start__ + SIZEOF (.fast)), 0x4)

.data           0x0000000020000078       0x2c load address 0x0000000000002b1c
                0x0000000020000078                __data_start__ = .
 *(.data .data.* .gnu.linkonce.d.*)
 .data.log_backend_cb_rtt_log_backend
                0x0000000020000078        0x8 Output/Release/Obj/spi_pca10056/nrf_log_default_backends.o
 .data.m_tx_buf
                0x0000000020000080        0x7 Output/Release/Obj/spi_pca10056/main.o
 *fill*         0x0000000020000087        0x1 
 .data.SystemCoreClock
                0x0000000020000088        0x4 Output/Release/Obj/spi_pca10056/system_nrf52840.o
                0x0000000020000088                SystemCoreClock
 .data.spi_xfer_done
                0x000000002000008c        0x1 Output/Release/Obj/spi_pca10056/mcp_can.o
 *fill*         0x000000002000008d        0x3 
 .data.libc.__RAL_global_locale
                0x0000000020000090       0x14 C:/Program Files/SEGGER/SEGGER Embedded Studio for ARM 5.68/lib/libc_v7em_fpv4_sp_d16_hard_t_le_eabi.a(libc2.o)
                0x0000000020000090                __RAL_global_locale
                0x00000000200000a4                __data_end__ = (__data_start__ + SIZEOF (.data))
                0x000000000000002c                __data_size__ = SIZEOF (.data)
                0x0000000000002b48                __data_load_end__ = (__data_load_start__ + SIZEOF (.data))

.igot.plt       0x0000000100000000        0x0
 .igot.plt      0x0000000100000000        0x0 Output/Release/Obj/spi_pca10056/thumb_crt0.o
                0x0000000000000001                . = ASSERT (((__data_load_start__ == __data_load_end__) || ((__data_load_end__ - __FLASH1_segment_start__) <= __FLASH1_segment_size__)), error: .data is too large to fit in FLASH1 memory segment)

.data_run       0x0000000020000078        0x0
                0x0000000020000078                __data_run_start__ = .
                0x00000000200000a4                __data_run_end__ = (__data_run_start__ + SIZEOF (.data))
                0x000000000000002c                __data_run_size__ = (__data_run_end__ - __data_run_start__)
                0x00000000200000a4                __data_run_load_end__ = __data_run_end__
                0x0000000000000001                . = ASSERT (((__data_run_start__ == __data_run_end__) || ((__data_run_end__ - __RAM1_segment_start__) <= __RAM1_segment_size__)), error: .data_run is too large to fit in RAM1 memory segment)
                0x0000000000002b48                __tdata_load_start__ = ALIGN ((__data_load_start__ + SIZEOF (.data)), 0x4)

.tdata          0x00000000200000a4        0x0 load address 0x0000000000002b48
                0x00000000200000a4                __tdata_start__ = .
 *(.tdata .tdata.*)
                0x00000000200000a4                __tdata_end__ = (__tdata_start__ + SIZEOF (.tdata))
                0x0000000000000000                __tdata_size__ = SIZEOF (.tdata)
                0x0000000000002b48                __tdata_load_end__ = (__tdata_load_start__ + SIZEOF (.tdata))
                0x0000000000002b48                __FLASH1_segment_used_end__ = (ALIGN ((__data_load_start__ + SIZEOF (.data)), 0x4) + SIZEOF (.tdata))
                0x0000000000002b48                __FLASH1_segment_used_size__ = (__FLASH1_segment_used_end__ - __FLASH1_segment_start__)
                0x0000000000000001                . = ASSERT (((__tdata_load_start__ == __tdata_load_end__) || ((__tdata_load_end__ - __FLASH1_segment_start__) <= __FLASH1_segment_size__)), error: .tdata is too large to fit in FLASH1 memory segment)

.tdata_run      0x00000000200000a4        0x0
                0x00000000200000a4                __tdata_run_start__ = .
                0x00000000200000a4                __tdata_run_end__ = (__tdata_run_start__ + SIZEOF (.tdata))
                0x0000000000000000                __tdata_run_size__ = (__tdata_run_end__ - __tdata_run_start__)
                0x00000000200000a4                __tdata_run_load_end__ = __tdata_run_end__
                0x0000000000000001                . = ASSERT (((__tdata_run_start__ == __tdata_run_end__) || ((__tdata_run_end__ - __RAM1_segment_start__) <= __RAM1_segment_size__)), error: .tdata_run is too large to fit in RAM1 memory segment)
                0x00000000200000a4                __bss_load_start__ = ALIGN (__tdata_run_end__, 0x4)

.bss            0x00000000200000a4      0x9fc
                0x00000000200000a4                __bss_start__ = .
 *(.bss .bss.* .gnu.linkonce.b.*)
 .bss.m_host_present
                0x00000000200000a4        0x1 Output/Release/Obj/spi_pca10056/nrf_log_backend_rtt.o
 .bss.m_string_buff
                0x00000000200000a5      0x100 Output/Release/Obj/spi_pca10056/nrf_log_backend_rtt.o
 *fill*         0x00000000200001a5        0x3 
 .bss.log_mempool_nrf_balloc_cb
                0x00000000200001a8        0x8 Output/Release/Obj/spi_pca10056/nrf_log_frontend.o
 .bss.log_mempool_nrf_balloc_pool_mem
                0x00000000200001b0       0xc0 Output/Release/Obj/spi_pca10056/nrf_log_frontend.o
 .bss.log_mempool_nrf_balloc_pool_stack
                0x0000000020000270        0x8 Output/Release/Obj/spi_pca10056/nrf_log_frontend.o
 .bss.m_log_data
                0x0000000020000278      0x420 Output/Release/Obj/spi_pca10056/nrf_log_frontend.o
 .bss.m_log_push_ringbuf_buf
                0x0000000020000698       0x80 Output/Release/Obj/spi_pca10056/nrf_log_frontend.o
 .bss.m_log_push_ringbuf_cb
                0x0000000020000718       0x18 Output/Release/Obj/spi_pca10056/nrf_log_frontend.o
 .bss.m_in_critical_region
                0x0000000020000730        0x4 Output/Release/Obj/spi_pca10056/app_util_platform.o
 .bss.m_cb      0x0000000020000734        0x8 Output/Release/Obj/spi_pca10056/drv_rtc.o
 .bss.m_handlers
                0x000000002000073c        0x4 Output/Release/Obj/spi_pca10056/drv_rtc.o
 .bss.m_contexts
                0x0000000020000740       0x10 Output/Release/Obj/spi_pca10056/nrf_drv_spi.o
 .bss.m_handlers
                0x0000000020000750       0x10 Output/Release/Obj/spi_pca10056/nrf_drv_spi.o
 .bss.m_cb      0x0000000020000760       0x6c Output/Release/Obj/spi_pca10056/nrfx_gpiote.o
 .bss.m_prs_box_4
                0x00000000200007cc        0x8 Output/Release/Obj/spi_pca10056/nrfx_prs.o
 .bss.m_cb      0x00000000200007d4       0x24 Output/Release/Obj/spi_pca10056/nrfx_spim.o
 .bss.m_rx_buf  0x00000000200007f8        0x8 Output/Release/Obj/spi_pca10056/main.o
 .bss.spi_xfer_done
                0x0000000020000800        0x1 Output/Release/Obj/spi_pca10056/main.o
 *fill*         0x0000000020000801        0x3 
 .bss._SEGGER_RTT
                0x0000000020000804       0x78 Output/Release/Obj/spi_pca10056/SEGGER_RTT.o
                0x0000000020000804                _SEGGER_RTT
 .bss._acDownBuffer
                0x000000002000087c       0x10 Output/Release/Obj/spi_pca10056/SEGGER_RTT.o
 .bss._acUpBuffer
                0x000000002000088c      0x200 Output/Release/Obj/spi_pca10056/SEGGER_RTT.o
 .bss.m_mcp_can
                0x0000000020000a8c       0x14 Output/Release/Obj/spi_pca10056/mcp_can.o
                0x0000000020000a8c                m_mcp_can
 *(COMMON)
                0x0000000020000aa0                __bss_end__ = (__bss_start__ + SIZEOF (.bss))
                0x00000000000009fc                __bss_size__ = SIZEOF (.bss)
                0x0000000020000aa0                __bss_load_end__ = __bss_end__
                0x0000000000000001                . = ASSERT (((__bss_start__ == __bss_end__) || ((__bss_end__ - __RAM1_segment_start__) <= __RAM1_segment_size__)), error: .bss is too large to fit in RAM1 memory segment)
                0x0000000020000aa0                __tbss_load_start__ = ALIGN (__bss_end__, 0x4)

.tbss           0x0000000020000aa0        0x0
                0x0000000020000aa0                __tbss_start__ = .
 *(.tbss .tbss.*)
                0x0000000020000aa0                __tbss_end__ = (__tbss_start__ + SIZEOF (.tbss))
                0x0000000000000000                __tbss_size__ = SIZEOF (.tbss)
                0x0000000020000aa0                __tbss_load_end__ = __tbss_end__
                0x0000000000000001                . = ASSERT (((__tbss_start__ == __tbss_end__) || ((__tbss_end__ - __RAM1_segment_start__) <= __RAM1_segment_size__)), error: .tbss is too large to fit in RAM1 memory segment)
                0x0000000020000aa0                __non_init_load_start__ = ALIGN (__tbss_end__, 0x4)

.non_init       0x0000000020000aa0        0x0
                0x0000000020000aa0                __non_init_start__ = .
 *(.non_init .non_init.*)
                0x0000000020000aa0                __non_init_end__ = (__non_init_start__ + SIZEOF (.non_init))
                0x0000000000000000                __non_init_size__ = SIZEOF (.non_init)
                0x0000000020000aa0                __non_init_load_end__ = __non_init_end__
                0x0000000000000001                . = ASSERT (((__non_init_start__ == __non_init_end__) || ((__non_init_end__ - __RAM1_segment_start__) <= __RAM1_segment_size__)), error: .non_init is too large to fit in RAM1 memory segment)
                0x0000000020000aa0                __heap_load_start__ = ALIGN (__non_init_end__, 0x4)

.heap           0x0000000020000aa0     0x2000
                0x0000000020000aa0                __heap_start__ = .
 *(.heap .heap.*)
                0x0000000020002aa0                . = ALIGN (MAX ((__heap_start__ + __HEAPSIZE__), .), 0x4)
 *fill*         0x0000000020000aa0     0x2000 
                0x0000000020002aa0                __heap_end__ = (__heap_start__ + SIZEOF (.heap))
                0x0000000000002000                __heap_size__ = SIZEOF (.heap)
                0x0000000020002aa0                __heap_load_end__ = __heap_end__
                0x0000000000000001                . = ASSERT (((__heap_start__ == __heap_end__) || ((__heap_end__ - __RAM1_segment_start__) <= __RAM1_segment_size__)), error: .heap is too large to fit in RAM1 memory segment)
                0x000000002003e000                __stack_load_start__ = (__RAM1_segment_start__ + (__RAM1_segment_size__ - 0x2000))

.stack          0x000000002003e000     0x2000
                0x000000002003e000                __stack_start__ = .
                0x000000002003e000                __StackLimit = __stack_start__
 *(.stack .stack.*)
                0x0000000020040000                . = ALIGN (MAX ((__stack_start__ + __STACKSIZE__), .), 0x8)
 *fill*         0x000000002003e000     0x2000 
                0x0000000020040000                __stack_end__ = (__stack_start__ + SIZEOF (.stack))
                0x0000000000002000                __stack_size__ = SIZEOF (.stack)
                0x0000000020040000                __StackTop = __stack_end__
                0x0000000020040000                __stack_load_end__ = __stack_end__
                0x0000000000000001                . = ASSERT (((__stack_start__ == __stack_end__) || ((__stack_end__ - __RAM1_segment_start__) <= __RAM1_segment_size__)), error: .stack is too large to fit in RAM1 memory segment)
                0x0000000000000001                . = ASSERT ((__heap_end__ <= __stack_start__), error: section .heap overlaps absolute placed section .stack)
                0x0000000020040000                __stack_process_load_start__ = ALIGN (__stack_end__, 0x8)

.stack_process  0x0000000020040000        0x0
                0x0000000020040000                __stack_process_start__ = .
 *(.stack_process .stack_process.*)
                0x0000000020040000                . = ALIGN (MAX ((__stack_process_start__ + __STACKSIZE_PROCESS__), .), 0x8)
                0x0000000020040000                __stack_process_end__ = (__stack_process_start__ + SIZEOF (.stack_process))
                0x0000000000000000                __stack_process_size__ = SIZEOF (.stack_process)
                0x0000000020040000                __stack_process_load_end__ = __stack_process_end__
                0x0000000020040000                __RAM1_segment_used_end__ = (ALIGN (__stack_end__, 0x8) + SIZEOF (.stack_process))
                0x0000000000040000                __RAM1_segment_used_size__ = (__RAM1_segment_used_end__ - __RAM1_segment_start__)
                0x0000000000000001                . = ASSERT (((__stack_process_start__ == __stack_process_end__) || ((__stack_process_end__ - __RAM1_segment_start__) <= __RAM1_segment_size__)), error: .stack_process is too large to fit in RAM1 memory segment)
START GROUP
LOAD Output/Release/Obj/spi_pca10056/thumb_crt0.o
LOAD Output/Release/Obj/spi_pca10056/nrf_log_backend_rtt.o
LOAD Output/Release/Obj/spi_pca10056/nrf_log_backend_serial.o
LOAD Output/Release/Obj/spi_pca10056/nrf_log_backend_uart.o
LOAD Output/Release/Obj/spi_pca10056/nrf_log_default_backends.o
LOAD Output/Release/Obj/spi_pca10056/nrf_log_frontend.o
LOAD Output/Release/Obj/spi_pca10056/nrf_log_str_formatter.o
LOAD Output/Release/Obj/spi_pca10056/boards.o
LOAD Output/Release/Obj/spi_pca10056/app_button.o
LOAD Output/Release/Obj/spi_pca10056/app_error.o
LOAD Output/Release/Obj/spi_pca10056/app_error_handler_gcc.o
LOAD Output/Release/Obj/spi_pca10056/app_error_weak.o
LOAD Output/Release/Obj/spi_pca10056/app_scheduler.o
LOAD Output/Release/Obj/spi_pca10056/app_timer2.o
LOAD Output/Release/Obj/spi_pca10056/app_util_platform.o
LOAD Output/Release/Obj/spi_pca10056/drv_rtc.o
LOAD Output/Release/Obj/spi_pca10056/nrf_assert.o
LOAD Output/Release/Obj/spi_pca10056/nrf_atfifo.o
LOAD Output/Release/Obj/spi_pca10056/nrf_atomic.o
LOAD Output/Release/Obj/spi_pca10056/nrf_balloc.o
LOAD Output/Release/Obj/spi_pca10056/nrf_fprintf.o
LOAD Output/Release/Obj/spi_pca10056/nrf_fprintf_format.o
LOAD Output/Release/Obj/spi_pca10056/nrf_memobj.o
LOAD Output/Release/Obj/spi_pca10056/nrf_ringbuf.o
LOAD Output/Release/Obj/spi_pca10056/nrf_sortlist.o
LOAD Output/Release/Obj/spi_pca10056/nrf_strerror.o
LOAD Output/Release/Obj/spi_pca10056/nrf_drv_spi.o
LOAD Output/Release/Obj/spi_pca10056/nrf_drv_uart.o
LOAD Output/Release/Obj/spi_pca10056/nrfx_atomic.o
LOAD Output/Release/Obj/spi_pca10056/nrfx_gpiote.o
LOAD Output/Release/Obj/spi_pca10056/nrfx_prs.o
LOAD Output/Release/Obj/spi_pca10056/nrfx_spi.o
LOAD Output/Release/Obj/spi_pca10056/nrfx_spim.o
LOAD Output/Release/Obj/spi_pca10056/nrfx_uart.o
LOAD Output/Release/Obj/spi_pca10056/nrfx_uarte.o
LOAD Output/Release/Obj/spi_pca10056/bsp.o
LOAD Output/Release/Obj/spi_pca10056/main.o
LOAD Output/Release/Obj/spi_pca10056/SEGGER_RTT.o
LOAD Output/Release/Obj/spi_pca10056/SEGGER_RTT_Syscalls_SES.o
LOAD Output/Release/Obj/spi_pca10056/SEGGER_RTT_printf.o
LOAD Output/Release/Obj/spi_pca10056/ses_startup_nrf52840.o
LOAD Output/Release/Obj/spi_pca10056/ses_startup_nrf_common.o
LOAD Output/Release/Obj/spi_pca10056/system_nrf52840.o
LOAD Output/Release/Obj/spi_pca10056/mcp_can.o
LOAD C:/Program Files/SEGGER/SEGGER Embedded Studio for ARM 5.68/lib/libm_v7em_fpv4_sp_d16_hard_t_le_eabi.a
LOAD C:/Program Files/SEGGER/SEGGER Embedded Studio for ARM 5.68/lib/libc_v7em_fpv4_sp_d16_hard_t_le_eabi.a
LOAD C:/Program Files/SEGGER/SEGGER Embedded Studio for ARM 5.68/lib/libdebugio_v7em_fpv4_sp_d16_hard_t_le_eabi.a
END GROUP
OUTPUT(Output/Release/Exe/spi_pca10056.elf elf32-littlearm)
LOAD linker stubs

.ARM.attributes
                0x0000000000000000       0x32
 .ARM.attributes
                0x0000000000000000       0x20 Output/Release/Obj/spi_pca10056/thumb_crt0.o
 .ARM.attributes
                0x0000000000000020       0x36 Output/Release/Obj/spi_pca10056/nrf_log_backend_rtt.o
 .ARM.attributes
                0x0000000000000056       0x36 Output/Release/Obj/spi_pca10056/nrf_log_backend_serial.o
 .ARM.attributes
                0x000000000000008c       0x36 Output/Release/Obj/spi_pca10056/nrf_log_default_backends.o
 .ARM.attributes
                0x00000000000000c2       0x36 Output/Release/Obj/spi_pca10056/nrf_log_frontend.o
 .ARM.attributes
                0x00000000000000f8       0x36 Output/Release/Obj/spi_pca10056/nrf_log_str_formatter.o
 .ARM.attributes
                0x000000000000012e       0x36 Output/Release/Obj/spi_pca10056/boards.o
 .ARM.attributes
                0x0000000000000164       0x36 Output/Release/Obj/spi_pca10056/app_button.o
 .ARM.attributes
                0x000000000000019a       0x36 Output/Release/Obj/spi_pca10056/app_error.o
 .ARM.attributes
                0x00000000000001d0       0x36 Output/Release/Obj/spi_pca10056/app_error_weak.o
 .ARM.attributes
                0x0000000000000206       0x36 Output/Release/Obj/spi_pca10056/app_timer2.o
 .ARM.attributes
                0x000000000000023c       0x36 Output/Release/Obj/spi_pca10056/app_util_platform.o
 .ARM.attributes
                0x0000000000000272       0x36 Output/Release/Obj/spi_pca10056/drv_rtc.o
 .ARM.attributes
                0x00000000000002a8       0x36 Output/Release/Obj/spi_pca10056/nrf_atomic.o
 .ARM.attributes
                0x00000000000002de       0x36 Output/Release/Obj/spi_pca10056/nrf_balloc.o
 .ARM.attributes
                0x0000000000000314       0x36 Output/Release/Obj/spi_pca10056/nrf_fprintf.o
 .ARM.attributes
                0x000000000000034a       0x36 Output/Release/Obj/spi_pca10056/nrf_fprintf_format.o
 .ARM.attributes
                0x0000000000000380       0x36 Output/Release/Obj/spi_pca10056/nrf_memobj.o
 .ARM.attributes
                0x00000000000003b6       0x36 Output/Release/Obj/spi_pca10056/nrf_ringbuf.o
 .ARM.attributes
                0x00000000000003ec       0x36 Output/Release/Obj/spi_pca10056/nrf_sortlist.o
 .ARM.attributes
                0x0000000000000422       0x36 Output/Release/Obj/spi_pca10056/nrf_drv_spi.o
 .ARM.attributes
                0x0000000000000458       0x36 Output/Release/Obj/spi_pca10056/nrfx_gpiote.o
 .ARM.attributes
                0x000000000000048e       0x36 Output/Release/Obj/spi_pca10056/nrfx_prs.o
 .ARM.attributes
                0x00000000000004c4       0x36 Output/Release/Obj/spi_pca10056/nrfx_spim.o
 .ARM.attributes
                0x00000000000004fa       0x36 Output/Release/Obj/spi_pca10056/nrfx_uart.o
 .ARM.attributes
                0x0000000000000530       0x36 Output/Release/Obj/spi_pca10056/nrfx_uarte.o
 .ARM.attributes
                0x0000000000000566       0x36 Output/Release/Obj/spi_pca10056/bsp.o
 .ARM.attributes
                0x000000000000059c       0x36 Output/Release/Obj/spi_pca10056/main.o
 .ARM.attributes
                0x00000000000005d2       0x36 Output/Release/Obj/spi_pca10056/SEGGER_RTT.o
 .ARM.attributes
                0x0000000000000608       0x20 Output/Release/Obj/spi_pca10056/ses_startup_nrf52840.o
 .ARM.attributes
                0x0000000000000628       0x20 Output/Release/Obj/spi_pca10056/ses_startup_nrf_common.o
 .ARM.attributes
                0x0000000000000648       0x36 Output/Release/Obj/spi_pca10056/system_nrf52840.o
 .ARM.attributes
                0x000000000000067e       0x36 Output/Release/Obj/spi_pca10056/mcp_can.o
 .ARM.attributes
                0x00000000000006b4       0x36 C:/Program Files/SEGGER/SEGGER Embedded Studio for ARM 5.68/lib/libc_v7em_fpv4_sp_d16_hard_t_le_eabi.a(libc2.o)
 .ARM.attributes
                0x00000000000006ea       0x20 C:/Program Files/SEGGER/SEGGER Embedded Studio for ARM 5.68/lib/libc_v7em_fpv4_sp_d16_hard_t_le_eabi.a(libc2_asm.o)

.comment        0x0000000000000000       0x3f
 .comment       0x0000000000000000       0x3f Output/Release/Obj/spi_pca10056/nrf_log_backend_rtt.o
                                         0x40 (size before relaxing)
 .comment       0x000000000000003f       0x40 Output/Release/Obj/spi_pca10056/nrf_log_backend_serial.o
 .comment       0x000000000000003f       0x40 Output/Release/Obj/spi_pca10056/nrf_log_default_backends.o
 .comment       0x000000000000003f       0x40 Output/Release/Obj/spi_pca10056/nrf_log_frontend.o
 .comment       0x000000000000003f       0x40 Output/Release/Obj/spi_pca10056/nrf_log_str_formatter.o
 .comment       0x000000000000003f       0x40 Output/Release/Obj/spi_pca10056/boards.o
 .comment       0x000000000000003f       0x40 Output/Release/Obj/spi_pca10056/app_button.o
 .comment       0x000000000000003f       0x40 Output/Release/Obj/spi_pca10056/app_error.o
 .comment       0x000000000000003f       0x40 Output/Release/Obj/spi_pca10056/app_error_weak.o
 .comment       0x000000000000003f       0x40 Output/Release/Obj/spi_pca10056/app_timer2.o
 .comment       0x000000000000003f       0x40 Output/Release/Obj/spi_pca10056/app_util_platform.o
 .comment       0x000000000000003f       0x40 Output/Release/Obj/spi_pca10056/drv_rtc.o
 .comment       0x000000000000003f       0x40 Output/Release/Obj/spi_pca10056/nrf_atomic.o
 .comment       0x000000000000003f       0x40 Output/Release/Obj/spi_pca10056/nrf_balloc.o
 .comment       0x000000000000003f       0x40 Output/Release/Obj/spi_pca10056/nrf_fprintf.o
 .comment       0x000000000000003f       0x40 Output/Release/Obj/spi_pca10056/nrf_fprintf_format.o
 .comment       0x000000000000003f       0x40 Output/Release/Obj/spi_pca10056/nrf_memobj.o
 .comment       0x000000000000003f       0x40 Output/Release/Obj/spi_pca10056/nrf_ringbuf.o
 .comment       0x000000000000003f       0x40 Output/Release/Obj/spi_pca10056/nrf_sortlist.o
 .comment       0x000000000000003f       0x40 Output/Release/Obj/spi_pca10056/nrf_drv_spi.o
 .comment       0x000000000000003f       0x40 Output/Release/Obj/spi_pca10056/nrfx_gpiote.o
 .comment       0x000000000000003f       0x40 Output/Release/Obj/spi_pca10056/nrfx_prs.o
 .comment       0x000000000000003f       0x40 Output/Release/Obj/spi_pca10056/nrfx_spim.o
 .comment       0x000000000000003f       0x40 Output/Release/Obj/spi_pca10056/nrfx_uart.o
 .comment       0x000000000000003f       0x40 Output/Release/Obj/spi_pca10056/nrfx_uarte.o
 .comment       0x000000000000003f       0x40 Output/Release/Obj/spi_pca10056/bsp.o
 .comment       0x000000000000003f       0x40 Output/Release/Obj/spi_pca10056/main.o
 .comment       0x000000000000003f       0x40 Output/Release/Obj/spi_pca10056/SEGGER_RTT.o
 .comment       0x000000000000003f       0x40 Output/Release/Obj/spi_pca10056/system_nrf52840.o
 .comment       0x000000000000003f       0x40 Output/Release/Obj/spi_pca10056/mcp_can.o
 .comment       0x000000000000003f       0x40 C:/Program Files/SEGGER/SEGGER Embedded Studio for ARM 5.68/lib/libc_v7em_fpv4_sp_d16_hard_t_le_eabi.a(libc2.o)

.debug_line     0x0000000000000000    0x16262
 .debug_line    0x0000000000000000      0x21e Output/Release/Obj/spi_pca10056/thumb_crt0.o
 .debug_line    0x000000000000021e      0x8e6 Output/Release/Obj/spi_pca10056/nrf_log_backend_rtt.o
 .debug_line    0x0000000000000b04      0x6c0 Output/Release/Obj/spi_pca10056/nrf_log_backend_serial.o
 .debug_line    0x00000000000011c4      0x5b1 Output/Release/Obj/spi_pca10056/nrf_log_default_backends.o
 .debug_line    0x0000000000001775     0x1476 Output/Release/Obj/spi_pca10056/nrf_log_frontend.o
 .debug_line    0x0000000000002beb      0x7c7 Output/Release/Obj/spi_pca10056/nrf_log_str_formatter.o
 .debug_line    0x00000000000033b2      0xb08 Output/Release/Obj/spi_pca10056/boards.o
 .debug_line    0x0000000000003eba      0xd13 Output/Release/Obj/spi_pca10056/app_button.o
 .debug_line    0x0000000000004bcd      0x3b4 Output/Release/Obj/spi_pca10056/app_error.o
 .debug_line    0x0000000000004f81      0x6e2 Output/Release/Obj/spi_pca10056/app_error_weak.o
 .debug_line    0x0000000000005663      0xddc Output/Release/Obj/spi_pca10056/app_timer2.o
 .debug_line    0x000000000000643f      0x442 Output/Release/Obj/spi_pca10056/app_util_platform.o
 .debug_line    0x0000000000006881     0x1185 Output/Release/Obj/spi_pca10056/drv_rtc.o
 .debug_line    0x0000000000007a06      0x698 Output/Release/Obj/spi_pca10056/nrf_atomic.o
 .debug_line    0x000000000000809e      0x6a9 Output/Release/Obj/spi_pca10056/nrf_balloc.o
 .debug_line    0x0000000000008747      0x3d4 Output/Release/Obj/spi_pca10056/nrf_fprintf.o
 .debug_line    0x0000000000008b1b      0x840 Output/Release/Obj/spi_pca10056/nrf_fprintf_format.o
 .debug_line    0x000000000000935b      0x7ff Output/Release/Obj/spi_pca10056/nrf_memobj.o
 .debug_line    0x0000000000009b5a      0x775 Output/Release/Obj/spi_pca10056/nrf_ringbuf.o
 .debug_line    0x000000000000a2cf      0x5d0 Output/Release/Obj/spi_pca10056/nrf_sortlist.o
 .debug_line    0x000000000000a89f      0x63d Output/Release/Obj/spi_pca10056/nrf_drv_spi.o
 .debug_line    0x000000000000aedc     0x1cc1 Output/Release/Obj/spi_pca10056/nrfx_gpiote.o
 .debug_line    0x000000000000cb9d      0x72f Output/Release/Obj/spi_pca10056/nrfx_prs.o
 .debug_line    0x000000000000d2cc     0x1213 Output/Release/Obj/spi_pca10056/nrfx_spim.o
 .debug_line    0x000000000000e4df     0x17ce Output/Release/Obj/spi_pca10056/nrfx_uart.o
 .debug_line    0x000000000000fcad     0x175c Output/Release/Obj/spi_pca10056/nrfx_uarte.o
 .debug_line    0x0000000000011409      0xdfe Output/Release/Obj/spi_pca10056/bsp.o
 .debug_line    0x0000000000012207      0xc00 Output/Release/Obj/spi_pca10056/main.o
 .debug_line    0x0000000000012e07     0x1271 Output/Release/Obj/spi_pca10056/SEGGER_RTT.o
 .debug_line    0x0000000000014078       0x89 Output/Release/Obj/spi_pca10056/ses_startup_nrf52840.o
 .debug_line    0x0000000000014101       0xa8 Output/Release/Obj/spi_pca10056/ses_startup_nrf_common.o
 .debug_line    0x00000000000141a9      0x6c0 Output/Release/Obj/spi_pca10056/system_nrf52840.o
 .debug_line    0x0000000000014869     0x19f9 Output/Release/Obj/spi_pca10056/mcp_can.o

.debug_info     0x0000000000000000    0x2230f
 .debug_info    0x0000000000000000       0x22 Output/Release/Obj/spi_pca10056/thumb_crt0.o
 .debug_info    0x0000000000000022      0x54c Output/Release/Obj/spi_pca10056/nrf_log_backend_rtt.o
 .debug_info    0x000000000000056e      0x77b Output/Release/Obj/spi_pca10056/nrf_log_backend_serial.o
 .debug_info    0x0000000000000ce9      0x2df Output/Release/Obj/spi_pca10056/nrf_log_default_backends.o
 .debug_info    0x0000000000000fc8     0x25b5 Output/Release/Obj/spi_pca10056/nrf_log_frontend.o
 .debug_info    0x000000000000357d      0x7a5 Output/Release/Obj/spi_pca10056/nrf_log_str_formatter.o
 .debug_info    0x0000000000003d22      0xcf8 Output/Release/Obj/spi_pca10056/boards.o
 .debug_info    0x0000000000004a1a      0xc9b Output/Release/Obj/spi_pca10056/app_button.o
 .debug_info    0x00000000000056b5      0x2a4 Output/Release/Obj/spi_pca10056/app_error.o
 .debug_info    0x0000000000005959      0x4da Output/Release/Obj/spi_pca10056/app_error_weak.o
 .debug_info    0x0000000000005e33     0x1737 Output/Release/Obj/spi_pca10056/app_timer2.o
 .debug_info    0x000000000000756a      0x7a9 Output/Release/Obj/spi_pca10056/app_util_platform.o
 .debug_info    0x0000000000007d13     0x2101 Output/Release/Obj/spi_pca10056/drv_rtc.o
 .debug_info    0x0000000000009e14      0x933 Output/Release/Obj/spi_pca10056/nrf_atomic.o
 .debug_info    0x000000000000a747      0x3e9 Output/Release/Obj/spi_pca10056/nrf_balloc.o
 .debug_info    0x000000000000ab30      0x233 Output/Release/Obj/spi_pca10056/nrf_fprintf.o
 .debug_info    0x000000000000ad63      0x72d Output/Release/Obj/spi_pca10056/nrf_fprintf_format.o
 .debug_info    0x000000000000b490      0x8fe Output/Release/Obj/spi_pca10056/nrf_memobj.o
 .debug_info    0x000000000000bd8e      0x622 Output/Release/Obj/spi_pca10056/nrf_ringbuf.o
 .debug_info    0x000000000000c3b0      0x41f Output/Release/Obj/spi_pca10056/nrf_sortlist.o
 .debug_info    0x000000000000c7cf      0xf12 Output/Release/Obj/spi_pca10056/nrf_drv_spi.o
 .debug_info    0x000000000000d6e1     0x3771 Output/Release/Obj/spi_pca10056/nrfx_gpiote.o
 .debug_info    0x0000000000010e52      0x849 Output/Release/Obj/spi_pca10056/nrfx_prs.o
 .debug_info    0x000000000001169b     0x2831 Output/Release/Obj/spi_pca10056/nrfx_spim.o
 .debug_info    0x0000000000013ecc     0x31e9 Output/Release/Obj/spi_pca10056/nrfx_uart.o
 .debug_info    0x00000000000170b5     0x33b0 Output/Release/Obj/spi_pca10056/nrfx_uarte.o
 .debug_info    0x000000000001a465     0x1389 Output/Release/Obj/spi_pca10056/bsp.o
 .debug_info    0x000000000001b7ee      0xfe6 Output/Release/Obj/spi_pca10056/main.o
 .debug_info    0x000000000001c7d4     0x15fd Output/Release/Obj/spi_pca10056/SEGGER_RTT.o
 .debug_info    0x000000000001ddd1       0x23 Output/Release/Obj/spi_pca10056/ses_startup_nrf52840.o
 .debug_info    0x000000000001ddf4       0x23 Output/Release/Obj/spi_pca10056/ses_startup_nrf_common.o
 .debug_info    0x000000000001de17     0x17ae Output/Release/Obj/spi_pca10056/system_nrf52840.o
 .debug_info    0x000000000001f5c5     0x2d4a Output/Release/Obj/spi_pca10056/mcp_can.o

.debug_abbrev   0x0000000000000000     0x5efc
 .debug_abbrev  0x0000000000000000       0x12 Output/Release/Obj/spi_pca10056/thumb_crt0.o
 .debug_abbrev  0x0000000000000012      0x274 Output/Release/Obj/spi_pca10056/nrf_log_backend_rtt.o
 .debug_abbrev  0x0000000000000286      0x214 Output/Release/Obj/spi_pca10056/nrf_log_backend_serial.o
 .debug_abbrev  0x000000000000049a      0x193 Output/Release/Obj/spi_pca10056/nrf_log_default_backends.o
 .debug_abbrev  0x000000000000062d      0x615 Output/Release/Obj/spi_pca10056/nrf_log_frontend.o
 .debug_abbrev  0x0000000000000c42      0x1f2 Output/Release/Obj/spi_pca10056/nrf_log_str_formatter.o
 .debug_abbrev  0x0000000000000e34      0x313 Output/Release/Obj/spi_pca10056/boards.o
 .debug_abbrev  0x0000000000001147      0x395 Output/Release/Obj/spi_pca10056/app_button.o
 .debug_abbrev  0x00000000000014dc      0x13e Output/Release/Obj/spi_pca10056/app_error.o
 .debug_abbrev  0x000000000000161a      0x21b Output/Release/Obj/spi_pca10056/app_error_weak.o
 .debug_abbrev  0x0000000000001835      0x4d5 Output/Release/Obj/spi_pca10056/app_timer2.o
 .debug_abbrev  0x0000000000001d0a      0x23c Output/Release/Obj/spi_pca10056/app_util_platform.o
 .debug_abbrev  0x0000000000001f46      0x515 Output/Release/Obj/spi_pca10056/drv_rtc.o
 .debug_abbrev  0x000000000000245b      0x199 Output/Release/Obj/spi_pca10056/nrf_atomic.o
 .debug_abbrev  0x00000000000025f4      0x1fc Output/Release/Obj/spi_pca10056/nrf_balloc.o
 .debug_abbrev  0x00000000000027f0      0x146 Output/Release/Obj/spi_pca10056/nrf_fprintf.o
 .debug_abbrev  0x0000000000002936      0x2e2 Output/Release/Obj/spi_pca10056/nrf_fprintf_format.o
 .debug_abbrev  0x0000000000002c18      0x1ff Output/Release/Obj/spi_pca10056/nrf_memobj.o
 .debug_abbrev  0x0000000000002e17      0x15e Output/Release/Obj/spi_pca10056/nrf_ringbuf.o
 .debug_abbrev  0x0000000000002f75      0x17d Output/Release/Obj/spi_pca10056/nrf_sortlist.o
 .debug_abbrev  0x00000000000030f2      0x258 Output/Release/Obj/spi_pca10056/nrf_drv_spi.o